Component: Arm Compiler for Embedded 6.24 Tool: armlink [5f371500]

==============================================================================

Section Cross References

    mail.o(.text) refers (Special) to _printf_percent.o(.ARM.Collect$$_printf_percent$$00000000) for _printf_percent
    mail.o(.text) refers (Special) to _printf_d.o(.ARM.Collect$$_printf_percent$$00000009) for _printf_d
    mail.o(.text) refers (Special) to _printf_u.o(.ARM.Collect$$_printf_percent$$0000000A) for _printf_u
    mail.o(.text) refers (Special) to _printf_dec.o(.text) for _printf_int_dec
    mail.o(.text) refers to mail.o(.bss) for T_Auto_mess1
    mail.o(.text) refers to rt_cmsis.o(i.osSignalSet) for osSignalSet
    mail.o(.text) refers to mail.o(.rodata.str1.1) for .L.str.15
    mail.o(.text) refers to uart.o(.text) for SendChar1
    mail.o(.text) refers to rtx_conf_cm.o(.text) for __osSignalWait
    mail.o(.text) refers to rt_cmsis.o(i.osMailAlloc) for osMailAlloc
    mail.o(.text) refers to rt_memcpy_v6.o(.text) for __aeabi_memcpy
    mail.o(.text) refers to rt_cmsis.o(i.osMailPut) for osMailPut
    mail.o(.text) refers to mail.o(.rodata.str1.4) for .L.str.17
    mail.o(.text) refers to rt_cmsis.o(i.osMailFree) for osMailFree
    mail.o(.text) refers to mail.o(.rodata) for .Lswitch.table.Auto_Mess1_Thread.21
    mail.o(.text) refers to noretval__2sprintf.o(.text) for __2sprintf
    mail.o(.text) refers to rt_cmsis.o(i.osKernelInitialize) for osKernelInitialize
    mail.o(.text) refers to led_mcbstm32e.o(.text) for LED_Initialize
    mail.o(.text) refers to rt_cmsis.o(i.osMailCreate) for osMailCreate
    mail.o(.text) refers to rt_cmsis.o(i.osThreadCreate) for osThreadCreate
    mail.o(.text) refers to rt_cmsis.o(i.osMessageCreate) for osMessageCreate
    mail.o(.text) refers to rt_cmsis.o(i.osMutexCreate) for osMutexCreate
    mail.o(.text) refers to rt_cmsis.o(i.osTimerCreate) for osTimerCreate
    mail.o(.text) refers to rt_cmsis.o(i.osTimerStart) for osTimerStart
    mail.o(.text) refers to rt_cmsis.o(i.osKernelStart) for osKernelStart
    mail.o(.text) refers to rt_cmsis.o(i.osMessagePut) for osMessagePut
    mail.o(.ARM.exidx) refers (Special) to _printf_percent.o(.ARM.Collect$$_printf_percent$$00000000) for _printf_percent
    mail.o(.ARM.exidx) refers (Special) to _printf_d.o(.ARM.Collect$$_printf_percent$$00000009) for _printf_d
    mail.o(.ARM.exidx) refers (Special) to _printf_u.o(.ARM.Collect$$_printf_percent$$0000000A) for _printf_u
    mail.o(.ARM.exidx) refers (Special) to _printf_dec.o(.text) for _printf_int_dec
    mail.o(.ARM.exidx) refers to mail.o(.text) for [Anonymous Symbol]
    mail.o(.bss) refers (Special) to _printf_percent.o(.ARM.Collect$$_printf_percent$$00000000) for _printf_percent
    mail.o(.bss) refers (Special) to _printf_d.o(.ARM.Collect$$_printf_percent$$00000009) for _printf_d
    mail.o(.bss) refers (Special) to _printf_u.o(.ARM.Collect$$_printf_percent$$0000000A) for _printf_u
    mail.o(.bss) refers (Special) to _printf_dec.o(.text) for _printf_int_dec
    mail.o(.data) refers (Special) to _printf_percent.o(.ARM.Collect$$_printf_percent$$00000000) for _printf_percent
    mail.o(.data) refers (Special) to _printf_d.o(.ARM.Collect$$_printf_percent$$00000009) for _printf_d
    mail.o(.data) refers (Special) to _printf_u.o(.ARM.Collect$$_printf_percent$$0000000A) for _printf_u
    mail.o(.data) refers (Special) to _printf_dec.o(.text) for _printf_int_dec
    mail.o(.data) refers to mail.o(.bss) for os_mailQ_q_mail_queue
    mail.o(.rodata) refers (Special) to _printf_percent.o(.ARM.Collect$$_printf_percent$$00000000) for _printf_percent
    mail.o(.rodata) refers (Special) to _printf_d.o(.ARM.Collect$$_printf_percent$$00000009) for _printf_d
    mail.o(.rodata) refers (Special) to _printf_u.o(.ARM.Collect$$_printf_percent$$0000000A) for _printf_u
    mail.o(.rodata) refers (Special) to _printf_dec.o(.text) for _printf_int_dec
    mail.o(.rodata) refers to mail.o(.data) for os_mailQ_p_mail_queue
    mail.o(.rodata) refers to mail.o(.text) for callback
    mail.o(.rodata) refers to mail.o(.bss) for os_timer_cb_timer0_handle
    mail.o(.rodata.str1.1) refers (Special) to _printf_percent.o(.ARM.Collect$$_printf_percent$$00000000) for _printf_percent
    mail.o(.rodata.str1.1) refers (Special) to _printf_d.o(.ARM.Collect$$_printf_percent$$00000009) for _printf_d
    mail.o(.rodata.str1.1) refers (Special) to _printf_u.o(.ARM.Collect$$_printf_percent$$0000000A) for _printf_u
    mail.o(.rodata.str1.1) refers (Special) to _printf_dec.o(.text) for _printf_int_dec
    mail.o(.rodata.str1.4) refers (Special) to _printf_percent.o(.ARM.Collect$$_printf_percent$$00000000) for _printf_percent
    mail.o(.rodata.str1.4) refers (Special) to _printf_d.o(.ARM.Collect$$_printf_percent$$00000009) for _printf_d
    mail.o(.rodata.str1.4) refers (Special) to _printf_u.o(.ARM.Collect$$_printf_percent$$0000000A) for _printf_u
[...]
    .ARM.Collect$$rtentry$$00000009          0x080001aa   Section        0  __rtentry2.o(.ARM.Collect$$rtentry$$00000009)
    .ARM.Collect$$rtentry$$0000000A          0x080001aa   Section        4  __rtentry2.o(.ARM.Collect$$rtentry$$0000000A)
    .ARM.Collect$$rtentry$$0000000B          0x080001ae   Section        8  __rtentry2.o(.ARM.Collect$$rtentry$$0000000B)
    .ARM.Collect$$rtentry$$0000000D          0x080001b6   Section        8  __rtentry2.o(.ARM.Collect$$rtentry$$0000000D)
    .ARM.Collect$$rtexit$$00000000           0x080001be   Section        2  rtexit.o(.ARM.Collect$$rtexit$$00000000)
    .ARM.Collect$$rtexit$$00000002           0x080001c0   Section        0  rtexit2.o(.ARM.Collect$$rtexit$$00000002)
    .ARM.Collect$$rtexit$$00000003           0x080001c0   Section        4  rtexit2.o(.ARM.Collect$$rtexit$$00000003)
    .ARM.Collect$$rtexit$$00000004           0x080001c4   Section        6  rtexit2.o(.ARM.Collect$$rtexit$$00000004)
    .emb_text                                0x080001cc   Section      304  hal_cm3.o(.emb_text)
    [Anonymous Symbol]                       0x080002fc   Section        0  mail.o(.text)
    [Anonymous Symbol]                       0x08001708   Section        0  uart.o(.text)
    [Anonymous Symbol]                       0x080018ec   Section        0  led_mcbstm32e.o(.text)
    [Anonymous Symbol]                       0x080019d0   Section        0  rtx_conf_cm.o(.text)
    [Anonymous Symbol]                       0x08001aa0   Section        0  gpio_stm32f10x.o(.text)
    .text                                    0x08001ca4   Section       64  startup_stm32f10x_md.o(.text)
    [Anonymous Symbol]                       0x08001ce4   Section        0  system_stm32f10x.o(.text)
    .text                                    0x08001e50   Section        8  libspace.o(.text)
    .text                                    0x08001e58   Section      240  lludivv7m.o(.text)
    .text                                    0x08001f48   Section        0  noretval__2sprintf.o(.text)
    .text                                    0x08001f70   Section        0  __printf.o(.text)
    .text                                    0x08001fd8   Section        0  _printf_dec.o(.text)
    .text                                    0x08002050   Section      138  rt_memcpy_v6.o(.text)
    .text                                    0x080020da   Section        0  heapauxi.o(.text)
    .text                                    0x080020e0   Section        0  _printf_intcommon.o(.text)
    _printf_input_char                       0x08002195   Thumb Code    10  _printf_char_common.o(.text)
    .text                                    0x08002194   Section        0  _printf_char_common.o(.text)
    .text                                    0x080021c4   Section        0  _sputc.o(.text)
    .text                                    0x080021ce   Section      100  rt_memcpy_w.o(.text)
    .text                                    0x08002232   Section       74  sys_stackheap_outer.o(.text)
    .text                                    0x0800227c   Section        0  exit.o(.text)
    .text                                    0x08002290   Section        0  sys_exit.o(.text)
    .text                                    0x0800229c   Section        2  use_no_semi.o(.text)
    .text                                    0x0800229e   Section        0  indicate_semi.o(.text)
    __tagsym$$used.0                         0x080022a0   Number         0  rtx_conf_cm.o(.text._mutex_acquire)
    [Anonymous Symbol]                       0x080022a0   Section        0  rtx_conf_cm.o(.text._mutex_acquire)
    __tagsym$$used.1                         0x080022c4   Number         0  rtx_conf_cm.o(.text._mutex_release)
    [Anonymous Symbol]                       0x080022c4   Section        0  rtx_conf_cm.o(.text._mutex_release)
    SVC_TABLE                                0x080022e4   Section        4  svc_table.o(SVC_TABLE)
    i._init_box                              0x080022e8   Section        0  rt_membox.o(i._init_box)
    i.dbg_init                               0x08002330   Section        0  hal_cm.o(i.dbg_init)
    i.dbg_task_notify                        0x08002360   Section        0  hal_cm.o(i.dbg_task_notify)
    i.dbg_task_switch                        0x08002380   Section        0  hal_cm.o(i.dbg_task_switch)
    i.isrMessageGet                          0x08002390   Section        0  rt_cmsis.o(i.isrMessageGet)
    i.isrMessagePut                          0x080023ba   Section        0  rt_cmsis.o(i.isrMessagePut)
    i.isrSignalSet                           0x080023e6   Section        0  rt_cmsis.o(i.isrSignalSet)
    i.isr_evt_set                            0x0800240c   Section        0  rt_event.o(i.isr_evt_set)
    i.isr_mbx_receive                        0x08002434   Section        0  rt_mailbox.o(i.isr_mbx_receive)
    i.isr_mbx_send                           0x0800248a   Section        0  rt_mailbox.o(i.isr_mbx_send)
    i.osKernelInitialize                     0x08002498   Section        0  rt_cmsis.o(i.osKernelInitialize)
    i.osKernelStart                          0x080024bc   Section        0  rt_cmsis.o(i.osKernelStart)
    i.osMailAlloc                            0x08002528   Section        0  rt_cmsis.o(i.osMailAlloc)
    i.osMailCreate                           0x08002544   Section        0  rt_cmsis.o(i.osMailCreate)
    i.osMailFree                             0x08002570   Section        0  rt_cmsis.o(i.osMailFree)
    i.osMailGet                              0x0800258c   Section        0  rt_cmsis.o(i.osMailGet)
    i.osMailPut                              0x080025a2   Section        0  rt_cmsis.o(i.osMailPut)
    i.osMessageCreate                        0x080025b8   Section        0  rt_cmsis.o(i.osMessageCreate)
    i.osMessageGet                           0x080025e4   Section        0  rt_cmsis.o(i.osMessageGet)
    i.osMessagePut                           0x080025fc   Section        0  rt_cmsis.o(i.osMessagePut)
    i.osMutexCreate                          0x08002614   Section        0  rt_cmsis.o(i.osMutexCreate)
    i.osSignalSet                            0x08002640   Section        0  rt_cmsis.o(i.osSignalSet)
    i.osSignalWait                           0x08002658   Section        0  rt_cmsis.o(i.osSignalWait)
    i.osThreadCreate                         0x08002670   Section        0  rt_cmsis.o(i.osThreadCreate)
    i.osThreadExit                           0x0800269c   Section        0  rt_cmsis.o(i.osThreadExit)
    i.osTimerCall                            0x080026b4   Section        0  rt_cmsis.o(i.osTimerCall)
    i.osTimerCreate                          0x080026c0   Section        0  rt_cmsis.o(i.osTimerCreate)
    i.osTimerStart                           0x080026ec   Section        0  rt_cmsis.o(i.osTimerStart)
    i.osTimerThread                          0x08002704   Section        0  rt_cmsis.o(i.osTimerThread)
    i.os_tick_init                           0x08002730   Section        0  rt_system.o(i.os_tick_init)
    i.os_tick_irqack                         0x08002758   Section        0  rt_system.o(i.os_tick_irqack)
    i.rt_alloc_box                           0x0800275a   Section        0  rt_membox.o(i.rt_alloc_box)
    i.rt_alloc_mem                           0x08002774   Section        0  rt_memory.o(i.rt_alloc_mem)
    i.rt_block                               0x080027b4   Section        0  rt_task.o(i.rt_block)
    i.rt_chk_robin                           0x080027ec   Section        0  rt_robin.o(i.rt_chk_robin)
    i.rt_dec_dly                             0x08002834   Section        0  rt_list.o(i.rt_dec_dly)
    i.rt_dispatch                            0x080028a4   Section        0  rt_task.o(i.rt_dispatch)
    i.rt_evt_psh                             0x080028e8   Section        0  rt_event.o(i.rt_evt_psh)
    i.rt_evt_set                             0x08002938   Section        0  rt_event.o(i.rt_evt_set)
    i.rt_evt_wait                            0x08002994   Section        0  rt_event.o(i.rt_evt_wait)
    i.rt_free_box                            0x080029d0   Section        0  rt_membox.o(i.rt_free_box)
    i.rt_free_mem                            0x080029fc   Section        0  rt_memory.o(i.rt_free_mem)
    i.rt_get_first                           0x08002a24   Section        0  rt_list.o(i.rt_get_first)
    rt_id2obj                                0x08002a4d   Thumb Code     8  rt_cmsis.o(i.rt_id2obj)
    i.rt_id2obj                              0x08002a4c   Section        0  rt_cmsis.o(i.rt_id2obj)
    rt_init_context                          0x08002a55   Thumb Code    66  rt_task.o(i.rt_init_context)
    i.rt_init_context                        0x08002a54   Section        0  rt_task.o(i.rt_init_context)
    i.rt_init_mem                            0x08002a9c   Section        0  rt_memory.o(i.rt_init_mem)
    i.rt_init_robin                          0x08002ab8   Section        0  rt_robin.o(i.rt_init_robin)
    i.rt_init_stack                          0x08002ad0   Section        0  hal_cm.o(i.rt_init_stack)
    i.rt_mbx_check                           0x08002b50   Section        0  rt_mailbox.o(i.rt_mbx_check)
    i.rt_mbx_init                            0x08002b58   Section        0  rt_mailbox.o(i.rt_mbx_init)
    i.rt_mbx_psh                             0x08002b74   Section        0  rt_mailbox.o(i.rt_mbx_psh)
    i.rt_mbx_send                            0x08002c64   Section        0  rt_mailbox.o(i.rt_mbx_send)
    i.rt_mbx_wait                            0x08002cfc   Section        0  rt_mailbox.o(i.rt_mbx_wait)
    rt_ms2tick                               0x08002db1   Thumb Code    58  rt_cmsis.o(i.rt_ms2tick)
    i.rt_ms2tick                             0x08002db0   Section        0  rt_cmsis.o(i.rt_ms2tick)
    i.rt_mut_init                            0x08002df4   Section        0  rt_mutex.o(i.rt_mut_init)
    i.rt_mut_release                         0x08002e04   Section        0  rt_mutex.o(i.rt_mut_release)
    i.rt_mut_wait                            0x08002edc   Section        0  rt_mutex.o(i.rt_mut_wait)
    i.rt_pop_req                             0x08002f54   Section        0  rt_system.o(i.rt_pop_req)
    i.rt_psh_req                             0x08002fd0   Section        0  rt_system.o(i.rt_psh_req)
    i.rt_psq_enq                             0x08002ff0   Section        0  rt_list.o(i.rt_psq_enq)
    i.rt_put_dly                             0x0800304c   Section        0  rt_list.o(i.rt_put_dly)
    i.rt_put_prio                            0x08003094   Section        0  rt_list.o(i.rt_put_prio)
    i.rt_put_rdy_first                       0x080030cc   Section        0  rt_list.o(i.rt_put_rdy_first)
    i.rt_resort_prio                         0x080030e0   Section        0  rt_list.o(i.rt_resort_prio)
    i.rt_ret_val                             0x08003114   Section        0  hal_cm.o(i.rt_ret_val)
    i.rt_ret_val2                            0x0800311a   Section        0  hal_cm.o(i.rt_ret_val2)
    i.rt_rmv_dly                             0x08003122   Section        0  rt_list.o(i.rt_rmv_dly)
    i.rt_rmv_list                            0x0800314c   Section        0  rt_list.o(i.rt_rmv_list)
    i.rt_sem_psh                             0x0800317c   Section        0  rt_semaphore.o(i.rt_sem_psh)
    i.rt_stk_check                           0x080031b0   Section        0  rt_system.o(i.rt_stk_check)
    i.rt_switch_req                          0x080031d4   Section        0  rt_task.o(i.rt_switch_req)
    i.rt_sys_init                            0x080031fc   Section        0  rt_task.o(i.rt_sys_init)
    i.rt_sys_start                           0x080032c8   Section        0  rt_task.o(i.rt_sys_start)
    i.rt_systick                             0x08003340   Section        0  rt_system.o(i.rt_systick)
    rt_tid2ptcb                              0x08003381   Thumb Code    18  rt_cmsis.o(i.rt_tid2ptcb)
    i.rt_tid2ptcb                            0x08003380   Section        0  rt_cmsis.o(i.rt_tid2ptcb)
    rt_timer_insert                          0x08003395   Thumb Code    48  rt_cmsis.o(i.rt_timer_insert)
    i.rt_timer_insert                        0x08003394   Section        0  rt_cmsis.o(i.rt_timer_insert)
    rt_timer_remove                          0x080033c9   Thumb Code    56  rt_cmsis.o(i.rt_timer_remove)
    i.rt_timer_remove                        0x080033c8   Section        0  rt_cmsis.o(i.rt_timer_remove)
    i.rt_tsk_create                          0x08003404   Section        0  rt_task.o(i.rt_tsk_create)
    i.rt_tsk_delete                          0x0800348c   Section        0  rt_task.o(i.rt_tsk_delete)
    i.rt_tsk_prio                            0x08003608   Section        0  rt_task.o(i.rt_tsk_prio)
    i.rt_tsk_self                            0x08003684   Section        0  rt_task.o(i.rt_tsk_self)
    i.svcKernelInitialize                    0x08003694   Section        0  rt_cmsis.o(i.svcKernelInitialize)
    i.svcKernelStart                         0x08003704   Section        0  rt_cmsis.o(i.svcKernelStart)
    i.svcMailCreate                          0x0800374c   Section        0  rt_cmsis.o(i.svcMailCreate)
    i.svcMessageCreate                       0x0800378e   Section        0  rt_cmsis.o(i.svcMessageCreate)
    i.svcMessageGet                          0x080037b2   Section        0  rt_cmsis.o(i.svcMessageGet)
    i.svcMessagePut                          0x080037ec   Section        0  rt_cmsis.o(i.svcMessagePut)
    i.svcMutexCreate                         0x08003822   Section        0  rt_cmsis.o(i.svcMutexCreate)
    i.svcSignalSet                           0x0800383e   Section        0  rt_cmsis.o(i.svcSignalSet)
    i.svcSignalWait                          0x08003864   Section        0  rt_cmsis.o(i.svcSignalWait)
    i.svcThreadCreate                        0x080038b8   Section        0  rt_cmsis.o(i.svcThreadCreate)
    i.svcThreadGetId                         0x08003924   Section        0  rt_cmsis.o(i.svcThreadGetId)
    i.svcThreadTerminate                     0x08003940   Section        0  rt_cmsis.o(i.svcThreadTerminate)
    i.svcTimerCall                           0x08003978   Section        0  rt_cmsis.o(i.svcTimerCall)
    i.svcTimerCreate                         0x08003990   Section        0  rt_cmsis.o(i.svcTimerCreate)
    i.svcTimerStart                          0x080039c8   Section        0  rt_cmsis.o(i.svcTimerStart)
    i.sysMailAlloc                           0x08003a2c   Section        0  rt_cmsis.o(i.sysMailAlloc)
    i.sysMailFree                            0x08003a84   Section        0  rt_cmsis.o(i.sysMailFree)
    i.sysTimerTick                           0x08003ae4   Section        0  rt_cmsis.o(i.sysTimerTick)
    .Lswitch.table.Auto_Mess1_Thread.21      0x08003c08   Data          12  mail.o(.rodata)
    .Lswitch.table.Auto_Mess2_Thread.22      0x08003c14   Data          12  mail.o(.rodata)
    .Lswitch.table.GPIO_PinConfigure.1       0x08003cb4   Data          28  gpio_stm32f10x.o(.rodata)
    __tagsym$$used.2                         0x08003ce0   Number         0  rtx_conf_cm.o(.rodata.CMSIS_RTOS_API_Version)
    __tagsym$$used.3                         0x08003ce4   Number         0  rtx_conf_cm.o(.rodata.CMSIS_RTOS_RTX_Version)
    __tagsym$$used.4                         0x08003ce8   Number         0  rtx_conf_cm.o(.rodata.os_clockrate)
    __tagsym$$used.5                         0x08003cec   Number         0  rtx_conf_cm.o(.rodata.os_timernum)
    .L.str                                   0x08003cf0   Data          59  mail.o(.rodata.str1.1)
    [Anonymous Symbol]                       0x08003cf0   Section        0  mail.o(.rodata.str1.1)
    .L.str.9                                 0x08003d28   Data           3  mail.o(.rodata.str1.1)
    .L.str.7                                 0x08003d2b   Data          72  mail.o(.rodata.str1.1)
    .L.str.6                                 0x08003d73   Data          45  mail.o(.rodata.str1.1)
    .L.str.8                                 0x08003da0   Data          19  mail.o(.rodata.str1.1)
    .L.str.2                                 0x08003db3   Data          19  mail.o(.rodata.str1.1)
    .L.str.3                                 0x08003dc6   Data          19  mail.o(.rodata.str1.1)
    .L.str.4                                 0x08003dd9   Data          16  mail.o(.rodata.str1.1)
    .L.str.1                                 0x08003de9   Data          18  mail.o(.rodata.str1.1)
    .L.str.16                                0x08003dfb   Data         102  mail.o(.rodata.str1.1)
    .L.str.15                                0x08003e61   Data         102  mail.o(.rodata.str1.1)
    .L.str.17                                0x08003ec8   Data          22  mail.o(.rodata.str1.4)
    [Anonymous Symbol]                       0x08003ec8   Section        0  mail.o(.rodata.str1.4)
    .L.str.18                                0x08003ee0   Data          22  mail.o(.rodata.str1.4)
    .L.str.19                                0x08003ef8   Data          22  mail.o(.rodata.str1.4)
    .L.str.20                                0x08003f10   Data          20  mail.o(.rodata.str1.4)
    .data                                    0x20000010   Section        8  rt_cmsis.o(.data)
    .data                                    0x20000018   Section        8  rt_task.o(.data)
    os_lock                                  0x20000020   Data           1  rt_system.o(.data)
    .data                                    0x20000020   Section        8  rt_system.o(.data)
    os_psh_flag                              0x20000021   Data           1  rt_system.o(.data)
    pend_flags                               0x20000022   Data           1  rt_system.o(.data)
    .data                                    0x20000028   Section        4  rt_time.o(.data)
    .data                                    0x2000002c   Section        8  rt_robin.o(.data)
    .data                                    0x20000034   Section        1  hal_cm.o(.data)
    [Anonymous Symbol]                       0x20001570   Section        0  rtx_conf_cm.o(.bss)
    std_libspace                             0x20001598   Data         864  rtx_conf_cm.o(.bss)
    nr_mutex                                 0x200018f8   Data           4  rtx_conf_cm.o(.bss)
    std_libmutex                             0x200018fc   Data         128  rtx_conf_cm.o(.bss)
    .bss                                     0x20004030   Section       52  rt_task.o(.bss)
    .bss                                     0x20004064   Section       48  rt_list.o(.bss)
    .bss                                     0x20004094   Section       96  libspace.o(.bss)
    Heap_Mem                                 0x200040f8   Data         512  startup_stm32f10x_md.o(HEAP)
    HEAP                                     0x200040f8   Section      512  startup_stm32f10x_md.o(HEAP)
    Stack_Mem                                0x200042f8   Data        1024  startup_stm32f10x_md.o(STACK)
    STACK                                    0x200042f8   Section     1024  startup_stm32f10x_md.o(STACK)
    __initial_sp                             0x200046f8   Data           0  startup_stm32f10x_md.o(STACK)

    Global Symbols

    Symbol Name                              Value     Ov Type        Size  Object(Section)

    BuildAttributes$$THM_ISAv4$P$D$K$B$S$PE$A:L22UL41UL21$X:L11$S22US41US21$IEEE1$IW$~IW$USESV6$~STKCKD$USESV7$~SHL$OTIME$ROPI$EBA8$UX$STANDARDLIB$REQ8$PRES8$EABIv2 0x00000000   Number         0  anon$$obj.o ABSOLUTE
    __fp_init_empty                          0x00000000   Number         0  fpinit_empty.o ABSOLUTE
    __ARM_exceptions_init                     - Undefined Weak Reference
    __alloca_initialize                       - Undefined Weak Reference
    __arm_preinit_                            - Undefined Weak Reference
    __arm_relocate_pie_                       - Undefined Weak Reference
    __cpp_initialize__aeabi_                  - Undefined Weak Reference
    __cxa_finalize                            - Undefined Weak Reference
    __rt_locale                               - Undefined Weak Reference
    __sigvec_lookup                           - Undefined Weak Reference
    _atexit_init                              - Undefined Weak Reference
    _call_atexit_fns                          - Undefined Weak Reference
    _clock_init                               - Undefined Weak Reference
    _fp_trap_init                             - Undefined Weak Reference
    _fp_trap_shutdown                         - Undefined Weak Reference
    _get_lc_collate                           - Undefined Weak Reference
    _get_lc_ctype                             - Undefined Weak Reference
    _get_lc_monetary                          - Undefined Weak Reference
    _get_lc_numeric                           - Undefined Weak Reference
    _get_lc_time                              - Undefined Weak Reference
    _getenv_init                              - Undefined Weak Reference
    _handle_redirection                       - Undefined Weak Reference
    _init_alloc                               - Undefined Weak Reference
    _init_user_alloc                          - Undefined Weak Reference
    _initio                                   - Undefined Weak Reference
    _printf_post_padding                      - Undefined Weak Reference
    _printf_pre_padding                       - Undefined Weak Reference
    _printf_truncate_signed                   - Undefined Weak Reference
    _printf_truncate_unsigned                 - Undefined Weak Reference
    _rand_init                                - Undefined Weak Reference
    _signal_finish                            - Undefined Weak Reference
    _signal_init                              - Undefined Weak Reference
    _terminate_alloc                          - Undefined Weak Reference
    _terminate_user_alloc                     - Undefined Weak Reference
    _terminateio                              - Undefined Weak Reference
    __Vectors_Size                           0x000000ec   Number         0  startup_stm32f10x_md.o ABSOLUTE
    __RL_RTX_VER                             0x00000482   Number         0  rt_system.o ABSOLUTE
    __Vectors                                0x08000000   Data           4  startup_stm32f10x_md.o(RESET)
    __Vectors_End                            0x080000ec   Data           0  startup_stm32f10x_md.o(RESET)
    __main                                   0x080000ed   Thumb Code     8  __main.o(!!!main)
    __scatterload                            0x080000f5   Thumb Code     0  __scatter.o(!!!scatter)
    __scatterload_rt2                        0x080000f5   Thumb Code    84  __scatter.o(!!!scatter)
    __scatterload_rt2_thumb_only             0x080000f5   Thumb Code     0  __scatter.o(!!!scatter)
    __scatterload_loop                       0x080000ff   Thumb Code     0  __scatter.o(!!!scatter)
    __scatterload_copy                       0x08000151   Thumb Code    26  __scatter_copy.o(!!handler_copy)
    __scatterload_null                       0x0800016d   Thumb Code     2  __scatter.o(!!handler_null)
    __scatterload_zeroinit                   0x08000171   Thumb Code    28  __scatter_zi.o(!!handler_zi)
    _printf_d                                0x0800018d   Thumb Code     0  _printf_d.o(.ARM.Collect$$_printf_percent$$00000009)
    _printf_percent                          0x0800018d   Thumb Code     0  _printf_percent.o(.ARM.Collect$$_printf_percent$$00000000)
    _printf_u                                0x08000193   Thumb Code     0  _printf_u.o(.ARM.Collect$$_printf_percent$$0000000A)
    _printf_percent_end                      0x08000199   Thumb Code     0  _printf_percent_end.o(.ARM.Collect$$_printf_percent$$00000017)
    __rt_lib_init                            0x0800019d   Thumb Code     0  libinit.o(.ARM.Collect$$libinit$$00000000)
    __rt_lib_init_alloca_1                   0x0800019f   Thumb Code     0  libinit2.o(.ARM.Collect$$libinit$$00000030)
    __rt_lib_init_argv_1                     0x0800019f   Thumb Code     0  libinit2.o(.ARM.Collect$$libinit$$0000002E)
    __rt_lib_init_atexit_1                   0x0800019f   Thumb Code     0  libinit2.o(.ARM.Collect$$libinit$$0000001D)
    __rt_lib_init_clock_1                    0x0800019f   Thumb Code     0  libinit2.o(.ARM.Collect$$libinit$$00000023)
    __rt_lib_init_cpp_1                      0x0800019f   Thumb Code     0  libinit2.o(.ARM.Collect$$libinit$$00000034)
    __rt_lib_init_exceptions_1               0x0800019f   Thumb Code     0  libinit2.o(.ARM.Collect$$libinit$$00000032)
    __rt_lib_init_fp_1                       0x0800019f   Thumb Code     0  libinit2.o(.ARM.Collect$$libinit$$00000002)
    __rt_lib_init_fp_trap_1                  0x0800019f   Thumb Code     0  libinit2.o(.ARM.Collect$$libinit$$00000021)
    __rt_lib_init_getenv_1                   0x0800019f   Thumb Code     0  libinit2.o(.ARM.Collect$$libinit$$00000025)
    __rt_lib_init_heap_1                     0x0800019f   Thumb Code     0  libinit2.o(.ARM.Collect$$libinit$$0000000C)
    __rt_lib_init_lc_collate_1               0x0800019f   Thumb Code     0  libinit2.o(.ARM.Collect$$libinit$$00000013)
    __rt_lib_init_lc_ctype_1                 0x0800019f   Thumb Code     0  libinit2.o(.ARM.Collect$$libinit$$00000015)
    __rt_lib_init_lc_monetary_1              0x0800019f   Thumb Code     0  libinit2.o(.ARM.Collect$$libinit$$00000017)
    __rt_lib_init_lc_numeric_1               0x0800019f   Thumb Code     0  libinit2.o(.ARM.Collect$$libinit$$00000019)
    __rt_lib_init_lc_time_1                  0x0800019f   Thumb Code     0  libinit2.o(.ARM.Collect$$libinit$$0000001B)
    __rt_lib_init_preinit_1                  0x0800019f   Thumb Code     0  libinit2.o(.ARM.Collect$$libinit$$00000006)
    __rt_lib_init_rand_1                     0x0800019f   Thumb Code     0  libinit2.o(.ARM.Collect$$libinit$$00000010)
    __rt_lib_init_relocate_pie_1             0x0800019f   Thumb Code     0  libinit2.o(.ARM.Collect$$libinit$$00000004)
    __rt_lib_init_return                     0x0800019f   Thumb Code     0  libinit2.o(.ARM.Collect$$libinit$$00000035)
    __rt_lib_init_signal_1                   0x0800019f   Thumb Code     0  libinit2.o(.ARM.Collect$$libinit$$0000001F)
    __rt_lib_init_stdio_1                    0x0800019f   Thumb Code     0  libinit2.o(.ARM.Collect$$libinit$$00000027)
    __rt_lib_init_user_alloc_1               0x0800019f   Thumb Code     0  libinit2.o(.ARM.Collect$$libinit$$0000000E)
    __rt_lib_shutdown                        0x080001a1   Thumb Code     0  libshutdown.o(.ARM.Collect$$libshutdown$$00000000)
    __rt_lib_shutdown_cpp_1                  0x080001a3   Thumb Code     0  libshutdown2.o(.ARM.Collect$$libshutdown$$00000002)
    __rt_lib_shutdown_fp_trap_1              0x080001a3   Thumb Code     0  libshutdown2.o(.ARM.Collect$$libshutdown$$00000007)
    __rt_lib_shutdown_heap_1                 0x080001a3   Thumb Code     0  libshutdown2.o(.ARM.Collect$$libshutdown$$0000000F)
    __rt_lib_shutdown_return                 0x080001a3   Thumb Code     0  libshutdown2.o(.ARM.Collect$$libshutdown$$00000010)
    __rt_lib_shutdown_signal_1               0x080001a3   Thumb Code     0  libshutdown2.o(.ARM.Collect$$libshutdown$$0000000A)
    __rt_lib_shutdown_stdio_1                0x080001a3   Thumb Code     0  libshutdown2.o(.ARM.Collect$$libshutdown$$00000004)
    __rt_lib_shutdown_user_alloc_1           0x080001a3   Thumb Code     0  libshutdown2.o(.ARM.Collect$$libshutdown$$0000000C)
    __rt_entry                               0x080001a5   Thumb Code     0  __rtentry.o(.ARM.Collect$$rtentry$$00000000)
    __rt_entry_presh_1                       0x080001a5   Thumb Code     0  __rtentry2.o(.ARM.Collect$$rtentry$$00000002)
    __rt_entry_sh                            0x080001a5   Thumb Code     0  __rtentry4.o(.ARM.Collect$$rtentry$$00000004)
    __rt_entry_li                            0x080001ab   Thumb Code     0  __rtentry2.o(.ARM.Collect$$rtentry$$0000000A)
    __rt_entry_postsh_1                      0x080001ab   Thumb Code     0  __rtentry2.o(.ARM.Collect$$rtentry$$00000009)
    __rt_entry_postli_1                      0x080001af   Thumb Code     0  __rtentry2.o(.ARM.Collect$$rtentry$$0000000B)
    __rt_entry_main                          0x080001b7   Thumb Code     0  __rtentry2.o(.ARM.Collect$$rtentry$$0000000D)
    __rt_exit                                0x080001bf   Thumb Code     0  rtexit.o(.ARM.Collect$$rtexit$$00000000)
    __rt_exit_ls                             0x080001c1   Thumb Code     0  rtexit2.o(.ARM.Collect$$rtexit$$00000003)
    __rt_exit_prels_1                        0x080001c1   Thumb Code     0  rtexit2.o(.ARM.Collect$$rtexit$$00000002)
    __rt_exit_exit                           0x080001c5   Thumb Code     0  rtexit2.o(.ARM.Collect$$rtexit$$00000004)
    rt_set_PSP                               0x080001cd   Thumb Code     6  hal_cm3.o(.emb_text)
    rt_get_PSP                               0x080001d3   Thumb Code     6  hal_cm3.o(.emb_text)
    os_set_env                               0x080001d9   Thumb Code    24  hal_cm3.o(.emb_text)
    _alloc_box                               0x080001f5   Thumb Code    28  hal_cm3.o(.emb_text)
    _free_box                                0x08000215   Thumb Code    28  hal_cm3.o(.emb_text)
    SVC_Handler                              0x08000235   Thumb Code   108  hal_cm3.o(.emb_text)
    PendSV_Handler                           0x080002ad   Thumb Code    56  hal_cm3.o(.emb_text)
    SysTick_Handler                          0x080002e9   Thumb Code     8  hal_cm3.o(.emb_text)
    OS_Tick_Handler                          0x080002f1   Thumb Code    12  hal_cm3.o(.emb_text)
    callback                                 0x080002fd   Thumb Code    16  mail.o(.text)
    callback1                                0x0800030d   Thumb Code    16  mail.o(.text)
    UART1_Rx_Thread                          0x0800031d   Thumb Code   992  mail.o(.text)
    UART2_Rx_Thread                          0x08000711   Thumb Code   958  mail.o(.text)
    UART3_Rx_Thread                          0x08000ad1   Thumb Code   924  mail.o(.text)
    Tx_Routing_Thread                        0x08000e6d   Thumb Code   864  mail.o(.text)
    Auto_Mess1_Thread                        0x080011cd   Thumb Code   116  mail.o(.text)
    Auto_Mess2_Thread                        0x08001259   Thumb Code   116  mail.o(.text)
    Send_User_Menu                           0x080012f1   Thumb Code   100  mail.o(.text)
    SendText1                                0x08001355   Thumb Code    32  mail.o(.text)
    SendText2                                0x08001375   Thumb Code    32  mail.o(.text)
    SendText3                                0x08001395   Thumb Code    32  mail.o(.text)
    Prepare_Output_Header                    0x080013b5   Thumb Code    70  mail.o(.text)
    main                                     0x080013fd   Thumb Code   540  mail.o(.text)
    USART1_IRQHandler                        0x08001655   Thumb Code    60  mail.o(.text)
    USART2_IRQHandler                        0x08001691   Thumb Code    60  mail.o(.text)
    USART3_IRQHandler                        0x080016cd   Thumb Code    60  mail.o(.text)
    USART1_Init                              0x08001709   Thumb Code   128  uart.o(.text)
    USART2_Init                              0x08001789   Thumb Code   140  uart.o(.text)
    USART3_Init                              0x08001815   Thumb Code   114  uart.o(.text)
    SendChar1                                0x08001889   Thumb Code    18  uart.o(.text)
    SendChar2                                0x0800189d   Thumb Code    18  uart.o(.text)
    SendChar3                                0x080018b1   Thumb Code    18  uart.o(.text)
    GetKey1                                  0x080018c5   Thumb Code    20  uart.o(.text)
    GetKey2                                  0x080018d9   Thumb Code    20  uart.o(.text)
    LED_Initialize                           0x080018ed   Thumb Code    66  led_mcbstm32e.o(.text)
    LED_Uninitialize                         0x08001931   Thumb Code    40  led_mcbstm32e.o(.text)
    LED_On                                   0x08001959   Thumb Code    28  led_mcbstm32e.o(.text)
    LED_Off                                  0x08001975   Thumb Code    30  led_mcbstm32e.o(.text)
    LED_SetOut                               0x08001995   Thumb Code    54  led_mcbstm32e.o(.text)
    LED_GetCount                             0x080019cd   Thumb Code     4  led_mcbstm32e.o(.text)
    os_idle_demon                            0x080019d1   Thumb Code     2  rtx_conf_cm.o(.text)
    os_error                                 0x080019d5   Thumb Code     2  rtx_conf_cm.o(.text)
    __user_perthread_libspace                0x080019d9   Thumb Code    62  rtx_conf_cm.o(.text)
    _mutex_initialize                        0x08001a19   Thumb Code    48  rtx_conf_cm.o(.text)
    __osSignalWait                           0x08001a49   Thumb Code    18  rtx_conf_cm.o(.text)
    __osMessageGet                           0x08001a5d   Thumb Code    18  rtx_conf_cm.o(.text)
    __osMailGet                              0x08001a71   Thumb Code    18  rtx_conf_cm.o(.text)
    _platform_post_lib_init                  0x08001a85   Thumb Code    26  rtx_conf_cm.o(.text)
    GPIO_PortClock                           0x08001aa1   Thumb Code   170  gpio_stm32f10x.o(.text)
    GPIO_GetPortClockState                   0x08001b4d   Thumb Code    50  gpio_stm32f10x.o(.text)
    GPIO_PinConfigure                        0x08001b81   Thumb Code   164  gpio_stm32f10x.o(.text)
    GPIO_AFConfigure                         0x08001c25   Thumb Code   128  gpio_stm32f10x.o(.text)
    Reset_Handler                            0x08001ca5   Thumb Code     8  startup_stm32f10x_md.o(.text)
    NMI_Handler                              0x08001cad   Thumb Code     2  startup_stm32f10x_md.o(.text)
    HardFault_Handler                        0x08001caf   Thumb Code     2  startup_stm32f10x_md.o(.text)
    MemManage_Handler                        0x08001cb1   Thumb Code     2  startup_stm32f10x_md.o(.text)
    BusFault_Handler                         0x08001cb3   Thumb Code     2  startup_stm32f10x_md.o(.text)
    UsageFault_Handler                       0x08001cb5   Thumb Code     2  startup_stm32f10x_md.o(.text)
    DebugMon_Handler                         0x08001cb9   Thumb Code     2  startup_stm32f10x_md.o(.text)
    ADC1_2_IRQHandler                        0x08001cbf   Thumb Code     0  startup_stm32f10x_md.o(.text)
    CAN1_RX1_IRQHandler                      0x08001cbf   Thumb Code     0  startup_stm32f10x_md.o(.text)
    CAN1_SCE_IRQHandler                      0x08001cbf   Thumb Code     0  startup_stm32f10x_md.o(.text)
    DMA1_Channel1_IRQHandler                 0x08001cbf   Thumb Code     0  startup_stm32f10x_md.o(.text)
    DMA1_Channel2_IRQHandler                 0x08001cbf   Thumb Code     0  startup_stm32f10x_md.o(.text)
    DMA1_Channel3_IRQHandler                 0x08001cbf   Thumb Code     0  startup_stm32f10x_md.o(.text)
    DMA1_Channel4_IRQHandler                 0x08001cbf   Thumb Code     0  startup_stm32f10x_md.o(.text)
    DMA1_Channel5_IRQHandler                 0x08001cbf   Thumb Code     0  startup_stm32f10x_md.o(.text)
    DMA1_Channel6_IRQHandler                 0x08001cbf   Thumb Code     0  startup_stm32f10x_md.o(.text)
    DMA1_Channel7_IRQHandler                 0x08001cbf   Thumb Code     0  startup_stm32f10x_md.o(.text)
    EXTI0_IRQHandler                         0x08001cbf   Thumb Code     0  startup_stm32f10x_md.o(.text)
    EXTI15_10_IRQHandler                     0x08001cbf   Thumb Code     0  startup_stm32f10x_md.o(.text)
    EXTI1_IRQHandler                         0x08001cbf   Thumb Code     0  startup_stm32f10x_md.o(.text)
    EXTI2_IRQHandler                         0x08001cbf   Thumb Code     0  startup_stm32f10x_md.o(.text)
    EXTI3_IRQHandler                         0x08001cbf   Thumb Code     0  startup_stm32f10x_md.o(.text)
    EXTI4_IRQHandler                         0x08001cbf   Thumb Code     0  startup_stm32f10x_md.o(.text)
    EXTI9_5_IRQHandler                       0x08001cbf   Thumb Code     0  startup_stm32f10x_md.o(.text)
    FLASH_IRQHandler                         0x08001cbf   Thumb Code     0  startup_stm32f10x_md.o(.text)
    I2C1_ER_IRQHandler                       0x08001cbf   Thumb Code     0  startup_stm32f10x_md.o(.text)
    I2C1_EV_IRQHandler                       0x08001cbf   Thumb Code     0  startup_stm32f10x_md.o(.text)
    I2C2_ER_IRQHandler                       0x08001cbf   Thumb Code     0  startup_stm32f10x_md.o(.text)
    I2C2_EV_IRQHandler                       0x08001cbf   Thumb Code     0  startup_stm32f10x_md.o(.text)
    PVD_IRQHandler                           0x08001cbf   Thumb Code     0  startup_stm32f10x_md.o(.text)
    RCC_IRQHandler                           0x08001cbf   Thumb Code     0  startup_stm32f10x_md.o(.text)
    RTCAlarm_IRQHandler                      0x08001cbf   Thumb Code     0  startup_stm32f10x_md.o(.text)
    RTC_IRQHandler                           0x08001cbf   Thumb Code     0  startup_stm32f10x_md.o(.text)
    SPI1_IRQHandler                          0x08001cbf   Thumb Code     0  startup_stm32f10x_md.o(.text)
    SPI2_IRQHandler                          0x08001cbf   Thumb Code     0  startup_stm32f10x_md.o(.text)
    TAMPER_IRQHandler                        0x08001cbf   Thumb Code     0  startup_stm32f10x_md.o(.text)
    TIM1_BRK_IRQHandler                      0x08001cbf   Thumb Code     0  startup_stm32f10x_md.o(.text)
    TIM1_CC_IRQHandler                       0x08001cbf   Thumb Code     0  startup_stm32f10x_md.o(.text)
    TIM1_TRG_COM_IRQHandler                  0x08001cbf   Thumb Code     0  startup_stm32f10x_md.o(.text)
    TIM1_UP_IRQHandler                       0x08001cbf   Thumb Code     0  startup_stm32f10x_md.o(.text)
    TIM2_IRQHandler                          0x08001cbf   Thumb Code     0  startup_stm32f10x_md.o(.text)
    TIM3_IRQHandler                          0x08001cbf   Thumb Code     0  startup_stm32f10x_md.o(.text)
    TIM4_IRQHandler                          0x08001cbf   Thumb Code     0  startup_stm32f10x_md.o(.text)
    USBWakeUp_IRQHandler                     0x08001cbf   Thumb Code     0  startup_stm32f10x_md.o(.text)
    USB_HP_CAN1_TX_IRQHandler                0x08001cbf   Thumb Code     0  startup_stm32f10x_md.o(.text)
    USB_LP_CAN1_RX0_IRQHandler               0x08001cbf   Thumb Code     0  startup_stm32f10x_md.o(.text)
    WWDG_IRQHandler                          0x08001cbf   Thumb Code     0  startup_stm32f10x_md.o(.text)
    __user_initial_stackheap                 0x08001cc1   Thumb Code     0  startup_stm32f10x_md.o(.text)
    SystemInit                               0x08001ce5   Thumb Code   268  system_stm32f10x.o(.text)
    SystemCoreClockUpdate                    0x08001df1   Thumb Code    94  system_stm32f10x.o(.text)
    __user_libspace                          0x08001e51   Thumb Code     8  libspace.o(.text)
    __user_perproc_libspace                  0x08001e51   Thumb Code     0  libspace.o(.text)
    __aeabi_uldivmod                         0x08001e59   Thumb Code     0  lludivv7m.o(.text)
    _ll_udiv                                 0x08001e59   Thumb Code   240  lludivv7m.o(.text)
    __2sprintf                               0x08001f49   Thumb Code    34  noretval__2sprintf.o(.text)
    __printf                                 0x08001f71   Thumb Code   104  __printf.o(.text)
    _printf_int_dec                          0x08001fd9   Thumb Code   104  _printf_dec.o(.text)
    __aeabi_memcpy                           0x08002051   Thumb Code     0  rt_memcpy_v6.o(.text)
    __rt_memcpy                              0x08002051   Thumb Code   138  rt_memcpy_v6.o(.text)
    _memcpy_lastbytes                        0x080020b7   Thumb Code     0  rt_memcpy_v6.o(.text)
    __use_two_region_memory                  0x080020db   Thumb Code     2  heapauxi.o(.text)
    __rt_heap_escrow$2region                 0x080020dd   Thumb Code     2  heapauxi.o(.text)
    __rt_heap_expand$2region                 0x080020df   Thumb Code     2  heapauxi.o(.text)
    _printf_int_common                       0x080020e1   Thumb Code   178  _printf_intcommon.o(.text)
    _printf_char_common                      0x0800219f   Thumb Code    32  _printf_char_common.o(.text)
    _sputc                                   0x080021c5   Thumb Code    10  _sputc.o(.text)
    __aeabi_memcpy4                          0x080021cf   Thumb Code     0  rt_memcpy_w.o(.text)
    __aeabi_memcpy8                          0x080021cf   Thumb Code     0  rt_memcpy_w.o(.text)
    __rt_memcpy_w                            0x080021cf   Thumb Code   100  rt_memcpy_w.o(.text)
    _memcpy_lastbytes_aligned                0x08002217   Thumb Code     0  rt_memcpy_w.o(.text)
    __user_setup_stackheap                   0x08002233   Thumb Code    74  sys_stackheap_outer.o(.text)
    exit                                     0x0800227d   Thumb Code    18  exit.o(.text)
    _sys_exit                                0x08002291   Thumb Code     8  sys_exit.o(.text)
    __I$use$semihosting                      0x0800229d   Thumb Code     0  use_no_semi.o(.text)
    __use_no_semihosting_swi                 0x0800229d   Thumb Code     2  use_no_semi.o(.text)
    __semihosting_library_function           0x0800229f   Thumb Code     0  indicate_semi.o(.text)
    _mutex_acquire                           0x080022a1   Thumb Code    34  rtx_conf_cm.o(.text._mutex_acquire)
    _mutex_release                           0x080022c5   Thumb Code    30  rtx_conf_cm.o(.text._mutex_release)
    SVC_Count                                0x080022e4   Data           4  svc_table.o(SVC_TABLE)
    SVC_Table                                0x080022e8   Data           0  svc_table.o(SVC_TABLE)
    _init_box                                0x080022e9   Thumb Code    70  rt_membox.o(i._init_box)
    dbg_init                                 0x08002331   Thumb Code    34  hal_cm.o(i.dbg_init)
    dbg_task_notify                          0x08002361   Thumb Code    32  hal_cm.o(i.dbg_task_notify)
    dbg_task_switch                          0x08002381   Thumb Code    16  hal_cm.o(i.dbg_task_switch)
    isrMessageGet                            0x08002391   Thumb Code    42  rt_cmsis.o(i.isrMessageGet)
    isrMessagePut                            0x080023bb   Thumb Code    44  rt_cmsis.o(i.isrMessagePut)
    isrSignalSet                             0x080023e7   Thumb Code    36  rt_cmsis.o(i.isrSignalSet)
    isr_evt_set                              0x0800240d   Thumb Code    34  rt_event.o(i.isr_evt_set)
    isr_mbx_receive                          0x08002435   Thumb Code    86  rt_mailbox.o(i.isr_mbx_receive)
    isr_mbx_send                             0x0800248b   Thumb Code    14  rt_mailbox.o(i.isr_mbx_send)
    osKernelInitialize                       0x08002499   Thumb Code    30  rt_cmsis.o(i.osKernelInitialize)
    osKernelStart                            0x080024bd   Thumb Code    98  rt_cmsis.o(i.osKernelStart)
    osMailAlloc                              0x08002529   Thumb Code    22  rt_cmsis.o(i.osMailAlloc)
    osMailCreate                             0x08002545   Thumb Code    36  rt_cmsis.o(i.osMailCreate)
    osMailFree                               0x08002571   Thumb Code    22  rt_cmsis.o(i.osMailFree)
    osMailGet                                0x0800258d   Thumb Code    22  rt_cmsis.o(i.osMailGet)
    osMailPut                                0x080025a3   Thumb Code    20  rt_cmsis.o(i.osMailPut)
    osMessageCreate                          0x080025b9   Thumb Code    36  rt_cmsis.o(i.osMessageCreate)
    osMessageGet                             0x080025e5   Thumb Code    18  rt_cmsis.o(i.osMessageGet)
    osMessagePut                             0x080025fd   Thumb Code    18  rt_cmsis.o(i.osMessagePut)
    osMutexCreate                            0x08002615   Thumb Code    36  rt_cmsis.o(i.osMutexCreate)
    osSignalSet                              0x08002641   Thumb Code    18  rt_cmsis.o(i.osSignalSet)
    osSignalWait                             0x08002659   Thumb Code    18  rt_cmsis.o(i.osSignalWait)
    osThreadCreate                           0x08002671   Thumb Code    36  rt_cmsis.o(i.osThreadCreate)
    osThreadExit                             0x0800269d   Thumb Code    14  rt_cmsis.o(i.osThreadExit)
    osTimerCall                              0x080026b5   Thumb Code     8  rt_cmsis.o(i.osTimerCall)
    osTimerCreate                            0x080026c1   Thumb Code    36  rt_cmsis.o(i.osTimerCreate)
    osTimerStart                             0x080026ed   Thumb Code    18  rt_cmsis.o(i.osTimerStart)
    osTimerThread                            0x08002705   Thumb Code    38  rt_cmsis.o(i.osTimerThread)
    os_tick_init                             0x08002731   Thumb Code    32  rt_system.o(i.os_tick_init)
    os_tick_irqack                           0x08002759   Thumb Code     2  rt_system.o(i.os_tick_irqack)
    rt_alloc_box                             0x0800275b   Thumb Code    26  rt_membox.o(i.rt_alloc_box)
    rt_alloc_mem                             0x08002775   Thumb Code    62  rt_memory.o(i.rt_alloc_mem)
    rt_block                                 0x080027b5   Thumb Code    48  rt_task.o(i.rt_block)
    rt_chk_robin                             0x080027ed   Thumb Code    60  rt_robin.o(i.rt_chk_robin)
    rt_dec_dly                               0x08002835   Thumb Code   102  rt_list.o(i.rt_dec_dly)
    rt_dispatch                              0x080028a5   Thumb Code    60  rt_task.o(i.rt_dispatch)
    rt_evt_psh                               0x080028e9   Thumb Code    76  rt_event.o(i.rt_evt_psh)
    rt_evt_set                               0x08002939   Thumb Code    88  rt_event.o(i.rt_evt_set)
    rt_evt_wait                              0x08002995   Thumb Code    56  rt_event.o(i.rt_evt_wait)
    rt_free_box                              0x080029d1   Thumb Code    44  rt_membox.o(i.rt_free_box)
    rt_free_mem                              0x080029fd   Thumb Code    40  rt_memory.o(i.rt_free_mem)
    rt_get_first                             0x08002a25   Thumb Code    40  rt_list.o(i.rt_get_first)
    rt_init_mem                              0x08002a9d   Thumb Code    26  rt_memory.o(i.rt_init_mem)
    rt_init_robin                            0x08002ab9   Thumb Code    14  rt_robin.o(i.rt_init_robin)
    rt_init_stack                            0x08002ad1   Thumb Code   118  hal_cm.o(i.rt_init_stack)
    rt_mbx_check                             0x08002b51   Thumb Code     8  rt_mailbox.o(i.rt_mbx_check)
    rt_mbx_init                              0x08002b59   Thumb Code    26  rt_mailbox.o(i.rt_mbx_init)
    rt_mbx_psh                               0x08002b75   Thumb Code   236  rt_mailbox.o(i.rt_mbx_psh)
    rt_mbx_send                              0x08002c65   Thumb Code   148  rt_mailbox.o(i.rt_mbx_send)
    rt_mbx_wait                              0x08002cfd   Thumb Code   174  rt_mailbox.o(i.rt_mbx_wait)
    rt_mut_init                              0x08002df5   Thumb Code    16  rt_mutex.o(i.rt_mut_init)
    rt_mut_release                           0x08002e05   Thumb Code   208  rt_mutex.o(i.rt_mut_release)
    rt_mut_wait                              0x08002edd   Thumb Code   114  rt_mutex.o(i.rt_mut_wait)
    rt_pop_req                               0x08002f55   Thumb Code   112  rt_system.o(i.rt_pop_req)
    rt_psh_req                               0x08002fd1   Thumb Code    22  rt_system.o(i.rt_psh_req)
    rt_psq_enq                               0x08002ff1   Thumb Code    88  rt_list.o(i.rt_psq_enq)
    rt_put_dly                               0x0800304d   Thumb Code    68  rt_list.o(i.rt_put_dly)
    rt_put_prio                              0x08003095   Thumb Code    54  rt_list.o(i.rt_put_prio)
    rt_put_rdy_first                         0x080030cd   Thumb Code    14  rt_list.o(i.rt_put_rdy_first)
    rt_resort_prio                           0x080030e1   Thumb Code    46  rt_list.o(i.rt_resort_prio)
    rt_ret_val                               0x08003115   Thumb Code     6  hal_cm.o(i.rt_ret_val)
    rt_ret_val2                              0x0800311b   Thumb Code     8  hal_cm.o(i.rt_ret_val2)
    rt_rmv_dly                               0x08003123   Thumb Code    40  rt_list.o(i.rt_rmv_dly)
    rt_rmv_list                              0x0800314d   Thumb Code    44  rt_list.o(i.rt_rmv_list)
    rt_sem_psh                               0x0800317d   Thumb Code    48  rt_semaphore.o(i.rt_sem_psh)
    rt_stk_check                             0x080031b1   Thumb Code    28  rt_system.o(i.rt_stk_check)
    rt_switch_req                            0x080031d5   Thumb Code    30  rt_task.o(i.rt_switch_req)
    rt_sys_init                              0x080031fd   Thumb Code   138  rt_task.o(i.rt_sys_init)
    rt_sys_start                             0x080032c9   Thumb Code   110  rt_task.o(i.rt_sys_start)
    rt_systick                               0x08003341   Thumb Code    50  rt_system.o(i.rt_systick)
    rt_tsk_create                            0x08003405   Thumb Code   118  rt_task.o(i.rt_tsk_create)
    rt_tsk_delete                            0x0800348d   Thumb Code   352  rt_task.o(i.rt_tsk_delete)
    rt_tsk_prio                              0x08003609   Thumb Code   108  rt_task.o(i.rt_tsk_prio)
    rt_tsk_self                              0x08003685   Thumb Code    12  rt_task.o(i.rt_tsk_self)
    svcKernelInitialize                      0x08003695   Thumb Code    80  rt_cmsis.o(i.svcKernelInitialize)
    svcKernelStart                           0x08003705   Thumb Code    62  rt_cmsis.o(i.svcKernelStart)
    svcMailCreate                            0x0800374d   Thumb Code    66  rt_cmsis.o(i.svcMailCreate)
    svcMessageCreate                         0x0800378f   Thumb Code    36  rt_cmsis.o(i.svcMessageCreate)
    svcMessageGet                            0x080037b3   Thumb Code    58  rt_cmsis.o(i.svcMessageGet)
    svcMessagePut                            0x080037ed   Thumb Code    54  rt_cmsis.o(i.svcMessagePut)
    svcMutexCreate                           0x08003823   Thumb Code    28  rt_cmsis.o(i.svcMutexCreate)
    svcSignalSet                             0x0800383f   Thumb Code    36  rt_cmsis.o(i.svcSignalSet)
    svcSignalWait                            0x08003865   Thumb Code    80  rt_cmsis.o(i.svcSignalWait)
    svcThreadCreate                          0x080038b9   Thumb Code    96  rt_cmsis.o(i.svcThreadCreate)
    svcThreadGetId                           0x08003925   Thumb Code    22  rt_cmsis.o(i.svcThreadGetId)
    svcThreadTerminate                       0x08003941   Thumb Code    50  rt_cmsis.o(i.svcThreadTerminate)
    svcTimerCall                             0x08003979   Thumb Code    24  rt_cmsis.o(i.svcTimerCall)
    svcTimerCreate                           0x08003991   Thumb Code    52  rt_cmsis.o(i.svcTimerCreate)
    svcTimerStart                            0x080039c9   Thumb Code    96  rt_cmsis.o(i.svcTimerStart)
    sysMailAlloc                             0x08003a2d   Thumb Code    84  rt_cmsis.o(i.sysMailAlloc)
    sysMailFree                              0x08003a85   Thumb Code    96  rt_cmsis.o(i.sysMailFree)
    sysTimerTick                             0x08003ae5   Thumb Code    84  rt_cmsis.o(i.sysTimerTick)
    os_mailQ_def_mail_queue                  0x08003b40   Data          12  mail.o(.rodata)
    os_timer_def_timer0_handle               0x08003b4c   Data           8  mail.o(.rodata)
    os_timer_def_timer1_handle               0x08003b54   Data           8  mail.o(.rodata)
    os_timer_def_timer2_handle               0x08003b5c   Data           8  mail.o(.rodata)
    os_timer_def_timer3_handle               0x08003b64   Data           8  mail.o(.rodata)
    os_messageQ_def_UART1                    0x08003b6c   Data           8  mail.o(.rodata)
    os_messageQ_def_UART2                    0x08003b74   Data           8  mail.o(.rodata)
    os_messageQ_def_UART3                    0x08003b7c   Data           8  mail.o(.rodata)
    os_thread_def_UART1_Rx_Thread            0x08003b84   Data          16  mail.o(.rodata)
    os_thread_def_UART2_Rx_Thread            0x08003b94   Data          16  mail.o(.rodata)
    os_thread_def_UART3_Rx_Thread            0x08003ba4   Data          16  mail.o(.rodata)
    os_thread_def_Tx_Routing_Thread          0x08003bb4   Data          16  mail.o(.rodata)
    os_thread_def_Auto_Mess1_Thread          0x08003bc4   Data          16  mail.o(.rodata)
    os_thread_def_Auto_Mess2_Thread          0x08003bd4   Data          16  mail.o(.rodata)
    os_mutex_def_uart1_mutex                 0x08003be4   Data           4  mail.o(.rodata)
    os_mutex_def_uart2_mutex                 0x08003be8   Data           4  mail.o(.rodata)
    os_mutex_def_uart3_mutex                 0x08003bec   Data           4  mail.o(.rodata)
    os_messageQ_def_Q_UART1                  0x08003bf0   Data           8  mail.o(.rodata)
    os_messageQ_def_Q_UART2                  0x08003bf8   Data           8  mail.o(.rodata)
    os_messageQ_def_Q_UART3                  0x08003c00   Data           8  mail.o(.rodata)
    Pin_LED                                  0x08003c20   Data          64  led_mcbstm32e.o(.rodata)
    os_maxtaskrun                            0x08003c60   Data           2  rtx_conf_cm.o(.rodata)
    os_stackinfo                             0x08003c64   Data           4  rtx_conf_cm.o(.rodata)
    os_rrobin                                0x08003c68   Data           4  rtx_conf_cm.o(.rodata)
    os_tickfreq                              0x08003c6c   Data           4  rtx_conf_cm.o(.rodata)
    os_tickus_i                              0x08003c70   Data           2  rtx_conf_cm.o(.rodata)
    os_tickus_f                              0x08003c72   Data           2  rtx_conf_cm.o(.rodata)
    os_trv                                   0x08003c74   Data           4  rtx_conf_cm.o(.rodata)
    os_flags                                 0x08003c78   Data           1  rtx_conf_cm.o(.rodata)
    mp_tcb_size                              0x08003c7a   Data           2  rtx_conf_cm.o(.rodata)
    mp_stk_size                              0x08003c7c   Data           4  rtx_conf_cm.o(.rodata)
    os_stack_sz                              0x08003c80   Data           4  rtx_conf_cm.o(.rodata)
    os_fifo_size                             0x08003c84   Data           1  rtx_conf_cm.o(.rodata)
    os_thread_def_osTimerThread              0x08003c88   Data          16  rtx_conf_cm.o(.rodata)
    os_messageQ_def_osTimerMessageQ          0x08003c98   Data           8  rtx_conf_cm.o(.rodata)
    mp_tmr_size                              0x08003ca0   Data           2  rtx_conf_cm.o(.rodata)
    os_thread_def_main                       0x08003ca4   Data          16  rtx_conf_cm.o(.rodata)
    AHBPrescTable                            0x08003cd0   Data          16  system_stm32f10x.o(.rodata)
    CMSIS_RTOS_API_Version                   0x08003ce0   Data           4  rtx_conf_cm.o(.rodata.CMSIS_RTOS_API_Version)
    CMSIS_RTOS_RTX_Version                   0x08003ce4   Data           4  rtx_conf_cm.o(.rodata.CMSIS_RTOS_RTX_Version)
    os_clockrate                             0x08003ce8   Data           4  rtx_conf_cm.o(.rodata.os_clockrate)
    os_timernum                              0x08003cec   Data           4  rtx_conf_cm.o(.rodata.os_timernum)
    Region$$Table$$Base                      0x08003f24   Number         0  anon$$obj.o(Region$$Table)
    Region$$Table$$Limit                     0x08003f44   Number         0  anon$$obj.o(Region$$Table)
    __ARM_use_no_argv                        0x20000000   Data           4  mail.o(.ARM.use_no_argv)
    os_mailQ_p_mail_queue                    0x20000004   Data           8  mail.o(.data)
    SystemCoreClock                          0x2000000c   Data           4  system_stm32f10x.o(.data)
    os_initialized                           0x20000010   Data           1  rt_cmsis.o(.data)
    os_running                               0x20000011   Data           1  rt_cmsis.o(.data)
    os_timer_head                            0x20000014   Data           4  rt_cmsis.o(.data)
    os_tsk                                   0x20000018   Data           8  rt_task.o(.data)
    os_tick_irqn                             0x20000024   Data           4  rt_system.o(.data)
    os_time                                  0x20000028   Data           4  rt_time.o(.data)
    os_robin                                 0x2000002c   Data           8  rt_robin.o(.data)
    dbg_msg                                  0x20000034   Data           1  hal_cm.o(.data)
    os_mailQ_q_mail_queue                    0x20000038   Data         416  mail.o(.bss)
    os_mailQ_m_mail_queue                    0x200001d8   Data        4012  mail.o(.bss)
    UART_Periodic_Index                      0x20001184   Data           4  mail.o(.bss)
    UART1_seq_count1                         0x20001188   Data           2  mail.o(.bss)
    UART2_seq_count1                         0x2000118a   Data           2  mail.o(.bss)
    UART3_seq_count1                         0x2000118c   Data           2  mail.o(.bss)
    UART1_seq_count2                         0x2000118e   Data           2  mail.o(.bss)
    UART2_seq_count2                         0x20001190   Data           2  mail.o(.bss)
    UART3_seq_count2                         0x20001192   Data           2  mail.o(.bss)
    os_timer_cb_timer0_handle                0x20001194   Data          24  mail.o(.bss)
    os_timer_cb_timer1_handle                0x200011ac   Data          24  mail.o(.bss)
    os_timer_cb_timer2_handle                0x200011c4   Data          24  mail.o(.bss)
    os_timer_cb_timer3_handle                0x200011dc   Data          24  mail.o(.bss)
    os_messageQ_q_UART1                      0x200011f4   Data         104  mail.o(.bss)
    os_messageQ_q_UART2                      0x2000125c   Data         104  mail.o(.bss)
    os_messageQ_q_UART3                      0x200012c4   Data         104  mail.o(.bss)
    os_mutex_cb_uart1_mutex                  0x2000132c   Data          16  mail.o(.bss)
    os_mutex_cb_uart2_mutex                  0x2000133c   Data          16  mail.o(.bss)
    os_mutex_cb_uart3_mutex                  0x2000134c   Data          16  mail.o(.bss)
    os_messageQ_q_Q_UART1                    0x2000135c   Data         104  mail.o(.bss)
    os_messageQ_q_Q_UART2                    0x200013c4   Data         104  mail.o(.bss)
    os_messageQ_q_Q_UART3                    0x2000142c   Data         104  mail.o(.bss)
    T_Auto_mess1                             0x20001494   Data           4  mail.o(.bss)
    T_Auto_mess2                             0x20001498   Data           4  mail.o(.bss)
    UART_ContextData                         0x2000149c   Data          18  mail.o(.bss)
    UART1_Input                              0x200014b0   Data          12  mail.o(.bss)
    Q_UART1                                  0x200014bc   Data           4  mail.o(.bss)
    intKey1                                  0x200014c0   Data           1  mail.o(.bss)
    mail_queue_id                            0x200014c4   Data           4  mail.o(.bss)
    UART2_Input                              0x200014c8   Data          12  mail.o(.bss)
    Q_UART2                                  0x200014d4   Data           4  mail.o(.bss)
    intKey2                                  0x200014d8   Data           1  mail.o(.bss)
    UART3_Input                              0x200014dc   Data          12  mail.o(.bss)
    Q_UART3                                  0x200014e8   Data           4  mail.o(.bss)
    intKey3                                  0x200014ec   Data           1  mail.o(.bss)
    T_Routing                                0x200014f0   Data           4  mail.o(.bss)
    T_Text1                                  0x200014f4   Data           4  mail.o(.bss)
    T_Text2                                  0x200014f8   Data           4  mail.o(.bss)
    T_Text3                                  0x200014fc   Data           4  mail.o(.bss)
    uart1_mutex                              0x20001500   Data           4  mail.o(.bss)
    uart2_mutex                              0x20001504   Data           4  mail.o(.bss)
    uart3_mutex                              0x20001508   Data           4  mail.o(.bss)
    mute_Flag                                0x2000150c   Data           1  mail.o(.bss)
    Text_Buffer                              0x2000150d   Data          64  mail.o(.bss)
    UART1                                    0x20001550   Data           4  mail.o(.bss)
    UART2                                    0x20001554   Data           4  mail.o(.bss)
    UART3                                    0x20001558   Data           4  mail.o(.bss)
    T_Emergency                              0x2000155c   Data           4  mail.o(.bss)
    T_Message1                               0x20001560   Data           4  mail.o(.bss)
    T_Message2                               0x20001564   Data           4  mail.o(.bss)
    UART1_RxAllow                            0x20001568   Data           1  mail.o(.bss)
    UART2_RXAllow                            0x20001569   Data           1  mail.o(.bss)
    os_messageQ_q_osTimerMessageQ            0x20001570   Data          32  rtx_conf_cm.o(.bss)
    os_tmr                                   0x20001590   Data           4  rtx_conf_cm.o(.bss)
    m_tmr                                    0x20001594   Data           4  rtx_conf_cm.o(.bss)
    mp_tcb                                   0x2000197c   Data         480  rtx_conf_cm.o(.bss)
    mp_stk                                   0x20001b60   Data        8016  rtx_conf_cm.o(.bss)
    os_stack_mem                             0x20003ab0   Data        1232  rtx_conf_cm.o(.bss)
    os_fifo                                  0x20003f80   Data         132  rtx_conf_cm.o(.bss)
    os_active_TCB                            0x20004004   Data          36  rtx_conf_cm.o(.bss)
    osThreadId_osTimerThread                 0x20004028   Data           4  rtx_conf_cm.o(.bss)
    osMessageQId_osTimerMessageQ             0x2000402c   Data           4  rtx_conf_cm.o(.bss)
    os_idle_TCB                              0x20004030   Data          52  rt_task.o(.bss)
    os_rdy                                   0x20004064   Data          24  rt_list.o(.bss)
    os_dly                                   0x2000407c   Data          24  rt_list.o(.bss)
    __libspace_start                         0x20004094   Data          96  libspace.o(.bss)
    __temporary_stack_top$libspace           0x200040f4   Data           0  libspace.o(.bss)



==============================================================================

Memory Map of the image

  Image Entry point : 0x080000ed

  Load Region LR_IROM1 (Base: 0x08000000, Size: 0x00003f80, Max: 0x00020000, ABSOLUTE)

    Execution Region ER_IROM1 (Exec base: 0x08000000, Load base: 0x08000000, Size: 0x00003f44, Max: 0x00020000, ABSOLUTE)

    Exec Addr    Load Addr    Size         Type   Attr      Idx    E Section Name        Object

    0x08000000   0x08000000   0x000000ec   Data   RO           64    RESET               startup_stm32f10x_md.o
    0x080000ec   0x080000ec   0x00000008   Code   RO         1335  * !!!main             c_w.l(__main.o)
    0x080000f4   0x080000f4   0x0000005c   Code   RO         1517    !!!scatter          c_w.l(__scatter.o)
    0x08000150   0x08000150   0x0000001a   Code   RO         1521    !!handler_copy      c_w.l(__scatter_copy.o)
    0x0800016a   0x0800016a   0x00000002   PAD
    0x0800016c   0x0800016c   0x00000002   Code   RO         1518    !!handler_null      c_w.l(__scatter.o)
    0x0800016e   0x0800016e   0x00000002   PAD
    0x08000170   0x08000170   0x0000001c   Code   RO         1523    !!handler_zi        c_w.l(__scatter_zi.o)
    0x0800018c   0x0800018c   0x00000000   Code   RO         1330    .ARM.Collect$$_printf_percent$$00000000  c_w.l(_printf_percent.o)
    0x0800018c   0x0800018c   0x00000006   Code   RO         1328    .ARM.Collect$$_printf_percent$$00000009  c_w.l(_printf_d.o)
    0x08000192   0x08000192   0x00000006   Code   RO         1329    .ARM.Collect$$_printf_percent$$0000000A  c_w.l(_printf_u.o)
    0x08000198   0x08000198   0x00000004   Code   RO         1348    .ARM.Collect$$_printf_percent$$00000017  c_w.l(_printf_percent_end.o)
    0x0800019c   0x0800019c   0x00000002   Code   RO         1382    .ARM.Collect$$libinit$$00000000  c_w.l(libinit.o)
    0x0800019e   0x0800019e   0x00000000   Code   RO         1392    .ARM.Collect$$libinit$$00000002  c_w.l(libinit2.o)
    0x0800019e   0x0800019e   0x00000000   Code   RO         1394    .ARM.Collect$$libinit$$00000004  c_w.l(libinit2.o)
    0x0800019e   0x0800019e   0x00000000   Code   RO         1396    .ARM.Collect$$libinit$$00000006  c_w.l(libinit2.o)
    0x0800019e   0x0800019e   0x00000000   Code   RO         1399    .ARM.Collect$$libinit$$0000000C  c_w.l(libinit2.o)
    0x0800019e   0x0800019e   0x00000000   Code   RO         1401    .ARM.Collect$$libinit$$0000000E  c_w.l(libinit2.o)
    0x0800019e   0x0800019e   0x00000000   Code   RO         1403    .ARM.Collect$$libinit$$00000010  c_w.l(libinit2.o)
    0x0800019e   0x0800019e   0x00000000   Code   RO         1406    .ARM.Collect$$libinit$$00000013  c_w.l(libinit2.o)
    0x0800019e   0x0800019e   0x00000000   Code   RO         1408    .ARM.Collect$$libinit$$00000015  c_w.l(libinit2.o)
    0x0800019e   0x0800019e   0x00000000   Code   RO         1410    .ARM.Collect$$libinit$$00000017  c_w.l(libinit2.o)
    0x0800019e   0x0800019e   0x00000000   Code   RO         1412    .ARM.Collect$$libinit$$00000019  c_w.l(libinit2.o)
    0x0800019e   0x0800019e   0x00000000   Code   RO         1414    .ARM.Collect$$libinit$$0000001B  c_w.l(libinit2.o)
    0x0800019e   0x0800019e   0x00000000   Code   RO         1416    .ARM.Collect$$libinit$$0000001D  c_w.l(libinit2.o)
    0x0800019e   0x0800019e   0x00000000   Code   RO         1418    .ARM.Collect$$libinit$$0000001F  c_w.l(libinit2.o)
    0x0800019e   0x0800019e   0x00000000   Code   RO         1420    .ARM.Collect$$libinit$$00000021  c_w.l(libinit2.o)
    0x0800019e   0x0800019e   0x00000000   Code   RO         1422    .ARM.Collect$$libinit$$00000023  c_w.l(libinit2.o)
    0x0800019e   0x0800019e   0x00000000   Code   RO         1424    .ARM.Collect$$libinit$$00000025  c_w.l(libinit2.o)
    0x0800019e   0x0800019e   0x00000000   Code   RO         1426    .ARM.Collect$$libinit$$00000027  c_w.l(libinit2.o)
    0x0800019e   0x0800019e   0x00000000   Code   RO         1430    .ARM.Collect$$libinit$$0000002E  c_w.l(libinit2.o)
    0x0800019e   0x0800019e   0x00000000   Code   RO         1432    .ARM.Collect$$libinit$$00000030  c_w.l(libinit2.o)
    0x0800019e   0x0800019e   0x00000000   Code   RO         1434    .ARM.Collect$$libinit$$00000032  c_w.l(libinit2.o)
    0x0800019e   0x0800019e   0x00000000   Code   RO         1436    .ARM.Collect$$libinit$$00000034  c_w.l(libinit2.o)
    0x0800019e   0x0800019e   0x00000002   Code   RO         1437    .ARM.Collect$$libinit$$00000035  c_w.l(libinit2.o)
    0x080001a0   0x080001a0   0x00000002   Code   RO         1472    .ARM.Collect$$libshutdown$$00000000  c_w.l(libshutdown.o)
    0x080001a2   0x080001a2   0x00000000   Code   RO         1500    .ARM.Collect$$libshutdown$$00000002  c_w.l(libshutdown2.o)
    0x080001a2   0x080001a2   0x00000000   Code   RO         1502    .ARM.Collect$$libshutdown$$00000004  c_w.l(libshutdown2.o)
    0x080001a2   0x080001a2   0x00000000   Code   RO         1505    .ARM.Collect$$libshutdown$$00000007  c_w.l(libshutdown2.o)
    0x080001a2   0x080001a2   0x00000000   Code   RO         1508    .ARM.Collect$$libshutdown$$0000000A  c_w.l(libshutdown2.o)
    0x080001a2   0x080001a2   0x00000000   Code   RO         1510    .ARM.Collect$$libshutdown$$0000000C  c_w.l(libshutdown2.o)
    0x080001a2   0x080001a2   0x00000000   Code   RO         1513    .ARM.Collect$$libshutdown$$0000000F  c_w.l(libshutdown2.o)
    0x080001a2   0x080001a2   0x00000002   Code   RO         1514    .ARM.Collect$$libshutdown$$00000010  c_w.l(libshutdown2.o)
    0x080001a4   0x080001a4   0x00000000   Code   RO         1337    .ARM.Collect$$rtentry$$00000000  c_w.l(__rtentry.o)
    0x080001a4   0x080001a4   0x00000000   Code   RO         1352    .ARM.Collect$$rtentry$$00000002  c_w.l(__rtentry2.o)
    0x080001a4   0x080001a4   0x00000006   Code   RO         1364    .ARM.Collect$$rtentry$$00000004  c_w.l(__rtentry4.o)
    0x080001aa   0x080001aa   0x00000000   Code   RO         1354    .ARM.Collect$$rtentry$$00000009  c_w.l(__rtentry2.o)
    0x080001aa   0x080001aa   0x00000004   Code   RO         1355    .ARM.Collect$$rtentry$$0000000A  c_w.l(__rtentry2.o)
    0x080001ae   0x080001ae   0x00000008   Code   RO         1356    .ARM.Collect$$rtentry$$0000000B  c_w.l(__rtentry2.o)
    0x080001b6   0x080001b6   0x00000008   Code   RO         1358    .ARM.Collect$$rtentry$$0000000D  c_w.l(__rtentry2.o)
    0x080001be   0x080001be   0x00000002   Code   RO         1383    .ARM.Collect$$rtexit$$00000000  c_w.l(rtexit.o)
    0x080001c0   0x080001c0   0x00000000   Code   RO         1443    .ARM.Collect$$rtexit$$00000002  c_w.l(rtexit2.o)
    0x080001c0   0x080001c0   0x00000004   Code   RO         1444    .ARM.Collect$$rtexit$$00000003  c_w.l(rtexit2.o)
    0x080001c4   0x080001c4   0x00000006   Code   RO         1445    .ARM.Collect$$rtexit$$00000004  c_w.l(rtexit2.o)
    0x080001ca   0x080001ca   0x00000002   PAD
    0x080001cc   0x080001cc   0x00000130   Code   RO         1280    .emb_text           RTX_CM3.lib(hal_cm3.o)
    0x080002fc   0x080002fc   0x0000140c   Code   RO            1    .text               mail.o
    0x08001708   0x08001708   0x000001e4   Code   RO           16    .text               uart.o
    0x080018ec   0x080018ec   0x000000e4   Code   RO           24    .text               led_mcbstm32e.o
    0x080019d0   0x080019d0   0x000000ce   Code   RO           34    .text               rtx_conf_cm.o
    0x08001a9e   0x08001a9e   0x00000002   PAD
    0x08001aa0   0x08001aa0   0x00000204   Code   RO           53    .text               gpio_stm32f10x.o
    0x08001ca4   0x08001ca4   0x00000040   Code   RO           65    .text               startup_stm32f10x_md.o
    0x08001ce4   0x08001ce4   0x0000016a   Code   RO           71    .text               system_stm32f10x.o
    0x08001e4e   0x08001e4e   0x00000002   PAD
    0x08001e50   0x08001e50   0x00000008   Code   RO         1295    .text               c_w.l(libspace.o)
    0x08001e58   0x08001e58   0x000000f0   Code   RO         1298    .text               c_w.l(lludivv7m.o)
    0x08001f48   0x08001f48   0x00000028   Code   RO         1302    .text               c_w.l(noretval__2sprintf.o)
    0x08001f70   0x08001f70   0x00000068   Code   RO         1304    .text               c_w.l(__printf.o)
    0x08001fd8   0x08001fd8   0x00000078   Code   RO         1306    .text               c_w.l(_printf_dec.o)
    0x08002050   0x08002050   0x0000008a   Code   RO         1331    .text               c_w.l(rt_memcpy_v6.o)
    0x080020da   0x080020da   0x00000006   Code   RO         1333    .text               c_w.l(heapauxi.o)
    0x080020e0   0x080020e0   0x000000b2   Code   RO         1342    .text               c_w.l(_printf_intcommon.o)
    0x08002192   0x08002192   0x00000002   PAD
    0x08002194   0x08002194   0x00000030   Code   RO         1344    .text               c_w.l(_printf_char_common.o)
    0x080021c4   0x080021c4   0x0000000a   Code   RO         1346    .text               c_w.l(_sputc.o)
    0x080021ce   0x080021ce   0x00000064   Code   RO         1349    .text               c_w.l(rt_memcpy_w.o)
    0x08002232   0x08002232   0x0000004a   Code   RO         1370    .text               c_w.l(sys_stackheap_outer.o)
    0x0800227c   0x0800227c   0x00000012   Code   RO         1372    .text               c_w.l(exit.o)
    0x0800228e   0x0800228e   0x00000002   PAD
    0x08002290   0x08002290   0x0000000c   Code   RO         1438    .text               c_w.l(sys_exit.o)
    0x0800229c   0x0800229c   0x00000002   Code   RO         1461    .text               c_w.l(use_no_semi.o)
    0x0800229e   0x0800229e   0x00000000   Code   RO         1463    .text               c_w.l(indicate_semi.o)
    0x0800229e   0x0800229e   0x00000002   PAD
    0x080022a0   0x080022a0   0x00000022   Code   RO           36    .text._mutex_acquire  rtx_conf_cm.o
    0x080022c2   0x080022c2   0x00000002   PAD
    0x080022c4   0x080022c4   0x0000001e   Code   RO           38    .text._mutex_release  rtx_conf_cm.o
    0x080022e2   0x080022e2   0x00000002   PAD
    0x080022e4   0x080022e4   0x00000004   Code   RO         1290    SVC_TABLE           RTX_CM3.lib(svc_table.o)
    0x080022e8   0x080022e8   0x00000046   Code   RO         1179    i._init_box         RTX_CM3.lib(rt_membox.o)
    0x0800232e   0x0800232e   0x00000002   PAD
    0x08002330   0x08002330   0x00000030   Code   RO         1232    i.dbg_init          RTX_CM3.lib(hal_cm.o)
    0x08002360   0x08002360   0x00000020   Code   RO         1233    i.dbg_task_notify   RTX_CM3.lib(hal_cm.o)
    0x08002380   0x08002380   0x00000010   Code   RO         1234    i.dbg_task_switch   RTX_CM3.lib(hal_cm.o)
    0x08002390   0x08002390   0x0000002a   Code   RO           84    i.isrMessageGet     RTX_CM3.lib(rt_cmsis.o)
    0x080023ba   0x080023ba   0x0000002c   Code   RO           85    i.isrMessagePut     RTX_CM3.lib(rt_cmsis.o)
    0x080023e6   0x080023e6   0x00000024   Code   RO           87    i.isrSignalSet      RTX_CM3.lib(rt_cmsis.o)
    0x0800240a   0x0800240a   0x00000002   PAD
    0x0800240c   0x0800240c   0x00000028   Code   RO          916    i.isr_evt_set       RTX_CM3.lib(rt_event.o)
    0x08002434   0x08002434   0x00000056   Code   RO         1034    i.isr_mbx_receive   RTX_CM3.lib(rt_mailbox.o)
    0x0800248a   0x0800248a   0x0000000e   Code   RO         1035    i.isr_mbx_send      RTX_CM3.lib(rt_mailbox.o)
    0x08002498   0x08002498   0x00000024   Code   RO           89    i.osKernelInitialize  RTX_CM3.lib(rt_cmsis.o)
    0x080024bc   0x080024bc   0x0000006c   Code   RO           91    i.osKernelStart     RTX_CM3.lib(rt_cmsis.o)
    0x08002528   0x08002528   0x0000001c   Code   RO           93    i.osMailAlloc       RTX_CM3.lib(rt_cmsis.o)
    0x08002544   0x08002544   0x0000002c   Code   RO           95    i.osMailCreate      RTX_CM3.lib(rt_cmsis.o)
    0x08002570   0x08002570   0x0000001c   Code   RO           96    i.osMailFree        RTX_CM3.lib(rt_cmsis.o)
    0x0800258c   0x0800258c   0x00000016   Code   RO           97    i.osMailGet         RTX_CM3.lib(rt_cmsis.o)
    0x080025a2   0x080025a2   0x00000014   Code   RO           98    i.osMailPut         RTX_CM3.lib(rt_cmsis.o)
    0x080025b6   0x080025b6   0x00000002   PAD
    0x080025b8   0x080025b8   0x0000002c   Code   RO           99    i.osMessageCreate   RTX_CM3.lib(rt_cmsis.o)
    0x080025e4   0x080025e4   0x00000018   Code   RO          100    i.osMessageGet      RTX_CM3.lib(rt_cmsis.o)
    0x080025fc   0x080025fc   0x00000018   Code   RO          101    i.osMessagePut      RTX_CM3.lib(rt_cmsis.o)
    0x08002614   0x08002614   0x0000002c   Code   RO          102    i.osMutexCreate     RTX_CM3.lib(rt_cmsis.o)
    0x08002640   0x08002640   0x00000018   Code   RO          115    i.osSignalSet       RTX_CM3.lib(rt_cmsis.o)
    0x08002658   0x08002658   0x00000018   Code   RO          116    i.osSignalWait      RTX_CM3.lib(rt_cmsis.o)
    0x08002670   0x08002670   0x0000002c   Code   RO          117    i.osThreadCreate    RTX_CM3.lib(rt_cmsis.o)
    0x0800269c   0x0800269c   0x00000018   Code   RO          118    i.osThreadExit      RTX_CM3.lib(rt_cmsis.o)
    0x080026b4   0x080026b4   0x0000000c   Code   RO          124    i.osTimerCall       RTX_CM3.lib(rt_cmsis.o)
    0x080026c0   0x080026c0   0x0000002c   Code   RO          125    i.osTimerCreate     RTX_CM3.lib(rt_cmsis.o)
    0x080026ec   0x080026ec   0x00000018   Code   RO          127    i.osTimerStart      RTX_CM3.lib(rt_cmsis.o)
    0x08002704   0x08002704   0x0000002c   Code   RO          129    i.osTimerThread     RTX_CM3.lib(rt_cmsis.o)
    0x08002730   0x08002730   0x00000028   Code   RO          826    i.os_tick_init      RTX_CM3.lib(rt_system.o)
    0x08002758   0x08002758   0x00000002   Code   RO          827    i.os_tick_irqack    RTX_CM3.lib(rt_system.o)
    0x0800275a   0x0800275a   0x0000001a   Code   RO         1180    i.rt_alloc_box      RTX_CM3.lib(rt_membox.o)
    0x08002774   0x08002774   0x0000003e   Code   RO         1208    i.rt_alloc_mem      RTX_CM3.lib(rt_memory.o)
    0x080027b2   0x080027b2   0x00000002   PAD
    0x080027b4   0x080027b4   0x00000038   Code   RO          707    i.rt_block          RTX_CM3.lib(rt_task.o)
    0x080027ec   0x080027ec   0x00000048   Code   RO         1157    i.rt_chk_robin      RTX_CM3.lib(rt_robin.o)
    0x08002834   0x08002834   0x00000070   Code   RO          958    i.rt_dec_dly        RTX_CM3.lib(rt_list.o)
    0x080028a4   0x080028a4   0x00000044   Code   RO          708    i.rt_dispatch       RTX_CM3.lib(rt_task.o)
    0x080028e8   0x080028e8   0x00000050   Code   RO          919    i.rt_evt_psh        RTX_CM3.lib(rt_event.o)
    0x08002938   0x08002938   0x0000005c   Code   RO          920    i.rt_evt_set        RTX_CM3.lib(rt_event.o)
    0x08002994   0x08002994   0x0000003c   Code   RO          921    i.rt_evt_wait       RTX_CM3.lib(rt_event.o)
    0x080029d0   0x080029d0   0x0000002c   Code   RO         1181    i.rt_free_box       RTX_CM3.lib(rt_membox.o)
    0x080029fc   0x080029fc   0x00000028   Code   RO         1209    i.rt_free_mem       RTX_CM3.lib(rt_memory.o)
    0x08002a24   0x08002a24   0x00000028   Code   RO          959    i.rt_get_first      RTX_CM3.lib(rt_list.o)
    0x08002a4c   0x08002a4c   0x00000008   Code   RO          134    i.rt_id2obj         RTX_CM3.lib(rt_cmsis.o)
    0x08002a54   0x08002a54   0x00000048   Code   RO          709    i.rt_init_context   RTX_CM3.lib(rt_task.o)
    0x08002a9c   0x08002a9c   0x0000001a   Code   RO         1210    i.rt_init_mem       RTX_CM3.lib(rt_memory.o)
    0x08002ab6   0x08002ab6   0x00000002   PAD
    0x08002ab8   0x08002ab8   0x00000018   Code   RO         1158    i.rt_init_robin     RTX_CM3.lib(rt_robin.o)
    0x08002ad0   0x08002ad0   0x00000080   Code   RO         1235    i.rt_init_stack     RTX_CM3.lib(hal_cm.o)
    0x08002b50   0x08002b50   0x00000008   Code   RO         1036    i.rt_mbx_check      RTX_CM3.lib(rt_mailbox.o)
    0x08002b58   0x08002b58   0x0000001a   Code   RO         1037    i.rt_mbx_init       RTX_CM3.lib(rt_mailbox.o)
    0x08002b72   0x08002b72   0x00000002   PAD
    0x08002b74   0x08002b74   0x000000f0   Code   RO         1038    i.rt_mbx_psh        RTX_CM3.lib(rt_mailbox.o)
    0x08002c64   0x08002c64   0x00000098   Code   RO         1039    i.rt_mbx_send       RTX_CM3.lib(rt_mailbox.o)
    0x08002cfc   0x08002cfc   0x000000b4   Code   RO         1040    i.rt_mbx_wait       RTX_CM3.lib(rt_mailbox.o)
    0x08002db0   0x08002db0   0x00000044   Code   RO          135    i.rt_ms2tick        RTX_CM3.lib(rt_cmsis.o)
    0x08002df4   0x08002df4   0x00000010   Code   RO          792    i.rt_mut_init       RTX_CM3.lib(rt_mutex.o)
    0x08002e04   0x08002e04   0x000000d8   Code   RO          793    i.rt_mut_release    RTX_CM3.lib(rt_mutex.o)
    0x08002edc   0x08002edc   0x00000078   Code   RO          794    i.rt_mut_wait       RTX_CM3.lib(rt_mutex.o)
    0x08002f54   0x08002f54   0x0000007c   Code   RO          830    i.rt_pop_req        RTX_CM3.lib(rt_system.o)
    0x08002fd0   0x08002fd0   0x00000020   Code   RO          831    i.rt_psh_req        RTX_CM3.lib(rt_system.o)
    0x08002ff0   0x08002ff0   0x0000005c   Code   RO          961    i.rt_psq_enq        RTX_CM3.lib(rt_list.o)
    0x0800304c   0x0800304c   0x00000048   Code   RO          962    i.rt_put_dly        RTX_CM3.lib(rt_list.o)
    0x08003094   0x08003094   0x00000036   Code   RO          963    i.rt_put_prio       RTX_CM3.lib(rt_list.o)
    0x080030ca   0x080030ca   0x00000002   PAD
    0x080030cc   0x080030cc   0x00000014   Code   RO          964    i.rt_put_rdy_first  RTX_CM3.lib(rt_list.o)
    0x080030e0   0x080030e0   0x00000034   Code   RO          965    i.rt_resort_prio    RTX_CM3.lib(rt_list.o)
    0x08003114   0x08003114   0x00000006   Code   RO         1236    i.rt_ret_val        RTX_CM3.lib(hal_cm.o)
    0x0800311a   0x0800311a   0x00000008   Code   RO         1237    i.rt_ret_val2       RTX_CM3.lib(hal_cm.o)
    0x08003122   0x08003122   0x00000028   Code   RO          966    i.rt_rmv_dly        RTX_CM3.lib(rt_list.o)
    0x0800314a   0x0800314a   0x00000002   PAD
    0x0800314c   0x0800314c   0x00000030   Code   RO          967    i.rt_rmv_list       RTX_CM3.lib(rt_list.o)
    0x0800317c   0x0800317c   0x00000034   Code   RO         1085    i.rt_sem_psh        RTX_CM3.lib(rt_semaphore.o)
    0x080031b0   0x080031b0   0x00000024   Code   RO          833    i.rt_stk_check      RTX_CM3.lib(rt_system.o)
    0x080031d4   0x080031d4   0x00000028   Code   RO          710    i.rt_switch_req     RTX_CM3.lib(rt_task.o)
    0x080031fc   0x080031fc   0x000000cc   Code   RO          711    i.rt_sys_init       RTX_CM3.lib(rt_task.o)
    0x080032c8   0x080032c8   0x00000078   Code   RO          712    i.rt_sys_start      RTX_CM3.lib(rt_task.o)
    0x08003340   0x08003340   0x00000040   Code   RO          835    i.rt_systick        RTX_CM3.lib(rt_system.o)
    0x08003380   0x08003380   0x00000012   Code   RO          136    i.rt_tid2ptcb       RTX_CM3.lib(rt_cmsis.o)
    0x08003392   0x08003392   0x00000002   PAD
    0x08003394   0x08003394   0x00000034   Code   RO          137    i.rt_timer_insert   RTX_CM3.lib(rt_cmsis.o)
    0x080033c8   0x080033c8   0x0000003c   Code   RO          138    i.rt_timer_remove   RTX_CM3.lib(rt_cmsis.o)
    0x08003404   0x08003404   0x00000088   Code   RO          713    i.rt_tsk_create     RTX_CM3.lib(rt_task.o)
    0x0800348c   0x0800348c   0x0000017c   Code   RO          714    i.rt_tsk_delete     RTX_CM3.lib(rt_task.o)
    0x08003608   0x08003608   0x0000007c   Code   RO          716    i.rt_tsk_prio       RTX_CM3.lib(rt_task.o)
    0x08003684   0x08003684   0x00000010   Code   RO          717    i.rt_tsk_self       RTX_CM3.lib(rt_task.o)
    0x08003694   0x08003694   0x00000070   Code   RO          140    i.svcKernelInitialize  RTX_CM3.lib(rt_cmsis.o)
    0x08003704   0x08003704   0x00000048   Code   RO          142    i.svcKernelStart    RTX_CM3.lib(rt_cmsis.o)
    0x0800374c   0x0800374c   0x00000042   Code   RO          144    i.svcMailCreate     RTX_CM3.lib(rt_cmsis.o)
    0x0800378e   0x0800378e   0x00000024   Code   RO          145    i.svcMessageCreate  RTX_CM3.lib(rt_cmsis.o)
    0x080037b2   0x080037b2   0x0000003a   Code   RO          146    i.svcMessageGet     RTX_CM3.lib(rt_cmsis.o)
    0x080037ec   0x080037ec   0x00000036   Code   RO          147    i.svcMessagePut     RTX_CM3.lib(rt_cmsis.o)
    0x08003822   0x08003822   0x0000001c   Code   RO          148    i.svcMutexCreate    RTX_CM3.lib(rt_cmsis.o)
    0x0800383e   0x0800383e   0x00000024   Code   RO          158    i.svcSignalSet      RTX_CM3.lib(rt_cmsis.o)
    0x08003862   0x08003862   0x00000002   PAD
    0x08003864   0x08003864   0x00000054   Code   RO          159    i.svcSignalWait     RTX_CM3.lib(rt_cmsis.o)
    0x080038b8   0x080038b8   0x0000006c   Code   RO          160    i.svcThreadCreate   RTX_CM3.lib(rt_cmsis.o)
    0x08003924   0x08003924   0x0000001c   Code   RO          161    i.svcThreadGetId    RTX_CM3.lib(rt_cmsis.o)
    0x08003940   0x08003940   0x00000038   Code   RO          164    i.svcThreadTerminate  RTX_CM3.lib(rt_cmsis.o)
    0x08003978   0x08003978   0x00000018   Code   RO          166    i.svcTimerCall      RTX_CM3.lib(rt_cmsis.o)
    0x08003990   0x08003990   0x00000038   Code   RO          167    i.svcTimerCreate    RTX_CM3.lib(rt_cmsis.o)
    0x080039c8   0x080039c8   0x00000064   Code   RO          169    i.svcTimerStart     RTX_CM3.lib(rt_cmsis.o)
    0x08003a2c   0x08003a2c   0x00000058   Code   RO          171    i.sysMailAlloc      RTX_CM3.lib(rt_cmsis.o)
    0x08003a84   0x08003a84   0x00000060   Code   RO          172    i.sysMailFree       RTX_CM3.lib(rt_cmsis.o)
    0x08003ae4   0x08003ae4   0x0000005c   Code   RO          175    i.sysTimerTick      RTX_CM3.lib(rt_cmsis.o)
    0x08003b40   0x08003b40   0x000000e0   Data   RO            5    .rodata             mail.o
    0x08003c20   0x08003c20   0x00000040   Data   RO           26    .rodata             led_mcbstm32e.o
    0x08003c60   0x08003c60   0x00000054   Data   RO           40    .rodata             rtx_conf_cm.o
    0x08003cb4   0x08003cb4   0x0000001c   Data   RO           55    .rodata             gpio_stm32f10x.o
    0x08003cd0   0x08003cd0   0x00000010   Data   RO           74    .rodata             system_stm32f10x.o
    0x08003ce0   0x08003ce0   0x00000004   Data   RO           41    .rodata.CMSIS_RTOS_API_Version  rtx_conf_cm.o
    0x08003ce4   0x08003ce4   0x00000004   Data   RO           42    .rodata.CMSIS_RTOS_RTX_Version  rtx_conf_cm.o
    0x08003ce8   0x08003ce8   0x00000004   Data   RO           43    .rodata.os_clockrate  rtx_conf_cm.o
    0x08003cec   0x08003cec   0x00000004   Data   RO           44    .rodata.os_timernum  rtx_conf_cm.o
    0x08003cf0   0x08003cf0   0x000001d7   Data   RO            6    .rodata.str1.1      mail.o
    0x08003ec7   0x08003ec7   0x00000001   PAD
    0x08003ec8   0x08003ec8   0x0000005c   Data   RO            7    .rodata.str1.4      mail.o
    0x08003f24   0x08003f24   0x00000020   Data   RO         1516    Region$$Table       anon$$obj.o


    Execution Region RW_IRAM1 (Exec base: 0x20000000, Load base: 0x08003f48, Size: 0x000046f8, Max: 0x00005000, ABSOLUTE)

    Exec Addr    Load Addr    Size         Type   Attr      Idx    E Section Name        Object

    0x20000000   0x08003f48   0x00000004   Data   RW            8    .ARM.use_no_argv    mail.o
    0x20000004   0x08003f4c   0x00000008   Data   RW            4    .data               mail.o
    0x2000000c   0x08003f54   0x00000004   Data   RW           73    .data               system_stm32f10x.o
    0x20000010   0x08003f58   0x00000008   Data   RW          178    .data               RTX_CM3.lib(rt_cmsis.o)
    0x20000018   0x08003f60   0x00000008   Data   RW          719    .data               RTX_CM3.lib(rt_task.o)
    0x20000020   0x08003f68   0x00000008   Data   RW          838    .data               RTX_CM3.lib(rt_system.o)
    0x20000028   0x08003f70   0x00000004   Data   RW         1128    .data               RTX_CM3.lib(rt_time.o)
    0x2000002c   0x08003f74   0x00000008   Data   RW         1159    .data               RTX_CM3.lib(rt_robin.o)
    0x20000034   0x08003f7c   0x00000001   Data   RW         1238    .data               RTX_CM3.lib(hal_cm.o)
    0x20000035   0x08003f7d   0x00000003   PAD
    0x20000038        -       0x00001532   Zero   RW            3    .bss                mail.o
    0x2000156a   0x08003f7d   0x00000006   PAD
    0x20001570        -       0x00002ac0   Zero   RW           45    .bss                rtx_conf_cm.o
    0x20004030        -       0x00000034   Zero   RW          718    .bss                RTX_CM3.lib(rt_task.o)
    0x20004064        -       0x00000030   Zero   RW          968    .bss                RTX_CM3.lib(rt_list.o)
    0x20004094        -       0x00000060   Zero   RW         1296    .bss                c_w.l(libspace.o)
    0x200040f4   0x08003f7d   0x00000004   PAD
    0x200040f8        -       0x00000200   Zero   RW           63    HEAP                startup_stm32f10x_md.o
    0x200042f8        -       0x00000400   Zero   RW           62    STACK               startup_stm32f10x_md.o


==============================================================================

Image component sizes


      Code (inc. data)   RO Data    RW Data    ZI Data      Debug   Object Name

       516         16         28          0          0       5454   gpio_stm32f10x.o
       228          0         64          0          0       3010   led_mcbstm32e.o
      5132        152        787         12       5426      19139   mail.o
       270          0        100          0      10944       5391   rtx_conf_cm.o
        64         26        236          0       1536        872   startup_stm32f10x_md.o
       362          0         16          4          0       2809   system_stm32f10x.o
       484          0          0          0          0       2966   uart.o

    ----------------------------------------------------------------------
      7064        194       1264         16      17912      39641   Object Totals
         0          0         32          0          0          0   (incl. Generated)
         8          0          1          0          6          0   (incl. Padding)

    ----------------------------------------------------------------------

      Code (inc. data)   RO Data    RW Data    ZI Data      Debug   Library Member Name

       238         24          0          1          0       3244   hal_cm.o
       304         36          0          0          0        756   hal_cm3.o
      2184        226          0          8          0      49150   rt_cmsis.o
       272         18          0          0          0       2606   rt_event.o
       530         34          0          0         48       8157   rt_list.o
       706         14          0          0          0       4719   rt_mailbox.o
       140          0          0          0          0       1889   rt_membox.o
       128          0          0          0          0       2267   rt_memory.o
       352         14          0          0          0       2073   rt_mutex.o
        96         22          0          8          0       1134   rt_robin.o
        52          4          0          0          0        565   rt_semaphore.o
       298         52          0          8          0       6139   rt_system.o
      1216        174          0          8         52       9537   rt_task.o
         0          0          0          4          0        206   rt_time.o
         4          4          0          0          0        196   svc_table.o
         8          0          0          0          0         68   __main.o
       104          0          0          0          0         84   __printf.o
         0          0          0          0          0          0   __rtentry.o
        20          0          0          0          0          0   __rtentry2.o
         6          0          0          0          0          0   __rtentry4.o
        94          8          0          0          0          0   __scatter.o
        26          0          0          0          0          0   __scatter_copy.o
        28          0          0          0          0          0   __scatter_zi.o
        48          6          0          0          0         96   _printf_char_common.o
         6          0          0          0          0          0   _printf_d.o
       120         16          0          0          0         92   _printf_dec.o
       178          0          0          0          0         88   _printf_intcommon.o
         0          0          0          0          0          0   _printf_percent.o
         4          0          0          0          0          0   _printf_percent_end.o
         6          0          0          0          0          0   _printf_u.o
        10          0          0          0          0         68   _sputc.o
        18          0          0          0          0         80   exit.o
         6          0          0          0          0        152   heapauxi.o
         0          0          0          0          0          0   indicate_semi.o
         2          0          0          0          0          0   libinit.o
         2          0          0          0          0          0   libinit2.o
         2          0          0          0          0          0   libshutdown.o
         2          0          0          0          0          0   libshutdown2.o
         8          4          0          0         96         68   libspace.o
       240          0          0          0          0        100   lludivv7m.o
        40          6          0          0          0         84   noretval__2sprintf.o
       138          0          0          0          0         68   rt_memcpy_v6.o
       100          0          0          0          0         80   rt_memcpy_w.o
         2          0          0          0          0          0   rtexit.o
        10          0          0          0          0          0   rtexit2.o
        12          4          0          0          0         68   sys_exit.o
        74          0          0          0          0         80   sys_stackheap_outer.o
         2          0          0          0          0         68   use_no_semi.o

    ----------------------------------------------------------------------
      7868        666          0         40        200      93982   Library Totals
        32          0          0          3          4          0   (incl. Padding)

    ----------------------------------------------------------------------

      Code (inc. data)   RO Data    RW Data    ZI Data      Debug   Library Name

      6520        622          0         37        100      92638   RTX_CM3.lib
      1316         44          0          0         96       1344   c_w.l

    ----------------------------------------------------------------------
      7868        666          0         40        200      93982   Library Totals

    ----------------------------------------------------------------------

==============================================================================


      Code (inc. data)   RO Data    RW Data    ZI Data      Debug   

     14932        860       1264         56      18112     128023   Grand Totals
     14932        860       1264         56      18112     128023   ELF Image Totals
     14932        860       1264         56          0          0   ROM Totals

==============================================================================

    Total RO  Size (Code + RO Data)                16196 (  15.82kB)
    Total RW  Size (RW Data + ZI Data)             18168 (  17.74kB)
    Total ROM Size (Code + RO Data + RW Data)      16252 (  15.87kB)

==============================================================================

