Component: Arm Compiler for Embedded 6.24 Tool: armlink [5f371500]

==============================================================================

Section Cross References

    main.o(.text) refers to main.o(.bss) for intKey
    main.o(.text) refers to rtx_conf_cm.o(.text) for __osSignalWait
    main.o(.text) refers to rt_cmsis.o(i.osMutexWait) for osMutexWait
    main.o(.text) refers to uart.o(.text) for SendChar
    main.o(.text) refers to rt_cmsis.o(i.osMutexRelease) for osMutexRelease
    main.o(.text) refers to rt_cmsis.o(i.osMailAlloc) for osMailAlloc
    main.o(.text) refers to rt_memcpy_v6.o(.text) for __aeabi_memcpy
    main.o(.text) refers to rt_cmsis.o(i.osMailPut) for osMailPut
    main.o(.text) refers to main.o(.rodata.str1.1) for .L.str.1
    main.o(.text) refers to rt_cmsis.o(i.osMailFree) for osMailFree
    main.o(.text) refers to rt_cmsis.o(i.osKernelInitialize) for osKernelInitialize
    main.o(.text) refers to main.o(.rodata) for os_mutex_def_uart_mutex
    main.o(.text) refers to rt_cmsis.o(i.osMutexCreate) for osMutexCreate
    main.o(.text) refers to rt_cmsis.o(i.osMailCreate) for osMailCreate
    main.o(.text) refers to rt_cmsis.o(i.osThreadCreate) for osThreadCreate
    main.o(.text) refers to rt_cmsis.o(i.osKernelStart) for osKernelStart
    main.o(.text) refers to rt_cmsis.o(i.osThreadGetId) for osThreadGetId
    main.o(.text) refers to rt_cmsis.o(i.osThreadTerminate) for osThreadTerminate
    main.o(.text) refers to rt_cmsis.o(i.osSignalSet) for osSignalSet
    main.o(.ARM.exidx) refers to main.o(.text) for [Anonymous Symbol]
    main.o(.data) refers to main.o(.bss) for os_mailQ_q_mail_queue
    main.o(.rodata) refers to main.o(.data) for os_mailQ_p_mail_queue
    main.o(.rodata) refers to main.o(.text) for InputHandler_Thread
    main.o(.rodata) refers to main.o(.bss) for os_mutex_cb_uart_mutex
    uart.o(.ARM.exidx) refers to uart.o(.text) for [Anonymous Symbol]
    led_mcbstm32e.o(.text) refers to led_mcbstm32e.o(.rodata) for Pin_LED
    led_mcbstm32e.o(.text) refers to gpio_stm32f10x.o(.text) for GPIO_PortClock
    led_mcbstm32e.o(.ARM.exidx) refers to led_mcbstm32e.o(.text) for [Anonymous Symbol]
    rtx_conf_cm.o(.text) refers (Special) to main.o(.ARM.use_no_argv) for __ARM_use_no_argv
    rtx_conf_cm.o(.text) refers to rt_cmsis.o(.data) for os_running
    rtx_conf_cm.o(.text) refers to rt_task.o(i.rt_tsk_self) for rt_tsk_self
    rtx_conf_cm.o(.text) refers to rtx_conf_cm.o(.bss) for std_libspace
    rtx_conf_cm.o(.text) refers to libspace.o(.bss) for __libspace_start
    rtx_conf_cm.o(.text) refers to rt_mutex.o(i.rt_mut_init) for rt_mut_init
    rtx_conf_cm.o(.text) refers to rt_cmsis.o(i.osSignalWait) for osSignalWait
    rtx_conf_cm.o(.text) refers to rt_cmsis.o(i.osMessageGet) for osMessageGet
    rtx_conf_cm.o(.text) refers to rt_cmsis.o(i.osMailGet) for osMailGet
    rtx_conf_cm.o(.text) refers to rt_cmsis.o(i.osKernelInitialize) for osKernelInitialize
    rtx_conf_cm.o(.text) refers to rtx_conf_cm.o(.rodata) for os_thread_def_main
    rtx_conf_cm.o(.text) refers to rt_cmsis.o(i.osThreadCreate) for osThreadCreate
    rtx_conf_cm.o(.text) refers to rt_cmsis.o(i.osKernelStart) for osKernelStart
    rtx_conf_cm.o(.ARM.exidx) refers (Special) to main.o(.ARM.use_no_argv) for __ARM_use_no_argv
    rtx_conf_cm.o(.ARM.exidx) refers to rtx_conf_cm.o(.text) for [Anonymous Symbol]
    rtx_conf_cm.o(.text._mutex_acquire) refers (Special) to main.o(.ARM.use_no_argv) for __ARM_use_no_argv
    rtx_conf_cm.o(.text._mutex_acquire) refers to rt_cmsis.o(.data) for os_running
    rtx_conf_cm.o(.text._mutex_acquire) refers to rt_mutex.o(i.rt_mut_wait) for rt_mut_wait
    rtx_conf_cm.o(.ARM.exidx.text._mutex_acquire) refers (Special) to main.o(.ARM.use_no_argv) for __ARM_use_no_argv
    rtx_conf_cm.o(.ARM.exidx.text._mutex_acquire) refers to rtx_conf_cm.o(.text._mutex_acquire) for [Anonymous Symbol]
    rtx_conf_cm.o(.text._mutex_release) refers (Special) to main.o(.ARM.use_no_argv) for __ARM_use_no_argv
    rtx_conf_cm.o(.text._mutex_release) refers to rt_cmsis.o(.data) for os_running
    rtx_conf_cm.o(.text._mutex_release) refers to rt_mutex.o(i.rt_mut_release) for rt_mut_release
    rtx_conf_cm.o(.ARM.exidx.text._mutex_release) refers (Special) to main.o(.ARM.use_no_argv) for __ARM_use_no_argv
    rtx_conf_cm.o(.ARM.exidx.text._mutex_release) refers to rtx_conf_cm.o(.text._mutex_release) for [Anonymous Symbol]
    rtx_conf_cm.o(.rodata) refers (Special) to main.o(.ARM.use_no_argv) for __ARM_use_no_argv
    rtx_conf_cm.o(.rodata) refers to rt_cmsis.o(i.osTimerThread) for osTimerThread
    rtx_conf_cm.o(.rodata) refers to rtx_conf_cm.o(.bss) for os_messageQ_q_osTimerMessageQ
    rtx_conf_cm.o(.rodata) refers to main.o(.text) for main
    rtx_conf_cm.o(.rodata.CMSIS_RTOS_API_Version) refers (Special) to main.o(.ARM.use_no_argv) for __ARM_use_no_argv
    rtx_conf_cm.o(.rodata.CMSIS_RTOS_RTX_Version) refers (Special) to main.o(.ARM.use_no_argv) for __ARM_use_no_argv
[...]
    Removing rt_cmsis.o(i.svcTimerDelete), (40 bytes).
    Removing rt_cmsis.o(i.svcTimerStart), (100 bytes).
    Removing rt_cmsis.o(i.svcTimerStop), (36 bytes).
    Removing rt_cmsis.o(i.sysPoolAlloc), (10 bytes).
    Removing rt_cmsis.o(i.sysPoolFree), (20 bytes).
    Removing rt_cmsis.o(i.sysUserTimerUpdate), (48 bytes).
    Removing rt_cmsis.o(i.sysUserTimerWakeupTime), (20 bytes).
    Removing rt_task.o(i.rt_tsk_pass), (48 bytes).
    Removing rt_mutex.o(i.rt_mut_delete), (176 bytes).
    Removing rt_system.o(.emb_text), (0 bytes).
    Removing rt_system.o(i.os_tick_ovf), (16 bytes).
    Removing rt_system.o(i.os_tick_val), (20 bytes).
    Removing rt_system.o(i.rt_resume), (136 bytes).
    Removing rt_system.o(i.rt_suspend), (36 bytes).
    Removing rt_system.o(i.rt_tsk_lock), (80 bytes).
    Removing rt_system.o(i.rt_tsk_unlock), (80 bytes).
    Removing rt_event.o(i.rt_evt_clr), (28 bytes).
    Removing rt_event.o(i.rt_evt_get), (12 bytes).
    Removing rt_list.o(i.rt_get_same_rdy_prio), (36 bytes).
    Removing rt_semaphore.o(i.isr_sem_send), (16 bytes).
    Removing rt_semaphore.o(i.rt_sem_delete), (92 bytes).
    Removing rt_semaphore.o(i.rt_sem_init), (12 bytes).
    Removing rt_semaphore.o(i.rt_sem_send), (42 bytes).
    Removing rt_semaphore.o(i.rt_sem_wait), (64 bytes).
    Removing rt_time.o(i.rt_dly_wait), (6 bytes).
    Removing rt_time.o(i.rt_itv_set), (24 bytes).
    Removing rt_time.o(i.rt_itv_wait), (40 bytes).
    Removing rt_time.o(i.rt_time_get), (12 bytes).
    Removing rt_membox.o(i._calloc_box), (30 bytes).

86 unused section(s) (total 3680 bytes) removed from the image.

==============================================================================

Image Symbol Table

    Local Symbols

    Symbol Name                              Value     Ov Type        Size  Object(Section)

    ../clib/angel/boardlib.s                 0x00000000   Number         0  boardinit1.o ABSOLUTE
    ../clib/angel/boardlib.s                 0x00000000   Number         0  boardinit2.o ABSOLUTE
    ../clib/angel/boardlib.s                 0x00000000   Number         0  boardshut.o ABSOLUTE
    ../clib/angel/handlers.s                 0x00000000   Number         0  __scatter_copy.o ABSOLUTE
    ../clib/angel/handlers.s                 0x00000000   Number         0  __scatter_zi.o ABSOLUTE
    ../clib/angel/kernel.s                   0x00000000   Number         0  __rtentry.o ABSOLUTE
    ../clib/angel/kernel.s                   0x00000000   Number         0  __rtentry2.o ABSOLUTE
    ../clib/angel/kernel.s                   0x00000000   Number         0  __rtentry4.o ABSOLUTE
    ../clib/angel/kernel.s                   0x00000000   Number         0  rtexit.o ABSOLUTE
    ../clib/angel/kernel.s                   0x00000000   Number         0  rtexit2.o ABSOLUTE
    ../clib/angel/rt.s                       0x00000000   Number         0  aeabi_ldiv0.o ABSOLUTE
    ../clib/angel/rt.s                       0x00000000   Number         0  aeabi_ldiv0_sigfpe.o ABSOLUTE
    ../clib/angel/rt.s                       0x00000000   Number         0  rt_div0.o ABSOLUTE
    ../clib/angel/rt.s                       0x00000000   Number         0  rt_raise.o ABSOLUTE
    ../clib/angel/scatter.s                  0x00000000   Number         0  __scatter.o ABSOLUTE
    ../clib/angel/startup.s                  0x00000000   Number         0  __main.o ABSOLUTE
    ../clib/angel/sys.s                      0x00000000   Number         0  libspace.o ABSOLUTE
    ../clib/angel/sys.s                      0x00000000   Number         0  sys_stackheap_outer.o ABSOLUTE
    ../clib/angel/sys.s                      0x00000000   Number         0  use_no_semi.o ABSOLUTE
    ../clib/angel/sys.s                      0x00000000   Number         0  indicate_semi.o ABSOLUTE
    ../clib/angel/sysapp.c                   0x00000000   Number         0  sys_exit.o ABSOLUTE
    ../clib/angel/sysapp.c                   0x00000000   Number         0  sys_exit_hlt.o ABSOLUTE
    ../clib/angel/sysapp.c                   0x00000000   Number         0  sys_wrch.o ABSOLUTE
    ../clib/angel/sysapp.c                   0x00000000   Number         0  sys_wrch_hlt.o ABSOLUTE
    ../clib/angel/sysapp.c                   0x00000000   Number         0  sys_command.o ABSOLUTE
    ../clib/angel/sysapp.c                   0x00000000   Number         0  sys_command_hlt.o ABSOLUTE
    ../clib/armsys.c                         0x00000000   Number         0  argv_veneer.o ABSOLUTE
    ../clib/armsys.c                         0x00000000   Number         0  argv_veneer.o ABSOLUTE
    ../clib/armsys.c                         0x00000000   Number         0  _get_argv_nomalloc.o ABSOLUTE
    ../clib/armsys.c                         0x00000000   Number         0  no_argv.o ABSOLUTE
    ../clib/heapalloc.c                      0x00000000   Number         0  hrguard.o ABSOLUTE
    ../clib/heapaux.c                        0x00000000   Number         0  heapauxi.o ABSOLUTE
    ../clib/libinit.s                        0x00000000   Number         0  libinit.o ABSOLUTE
    ../clib/libinit.s                        0x00000000   Number         0  libinit2.o ABSOLUTE
    ../clib/libinit.s                        0x00000000   Number         0  libshutdown.o ABSOLUTE
    ../clib/libinit.s                        0x00000000   Number         0  libshutdown2.o ABSOLUTE
    ../clib/longlong.s                       0x00000000   Number         0  lludivv7m.o ABSOLUTE
    ../clib/memcpset.s                       0x00000000   Number         0  rt_memcpy_v6.o ABSOLUTE
    ../clib/memcpset.s                       0x00000000   Number         0  rt_memcpy_w.o ABSOLUTE
    ../clib/signal.c                         0x00000000   Number         0  defsig_fpe_outer.o ABSOLUTE
    ../clib/signal.c                         0x00000000   Number         0  defsig_fpe_formal.o ABSOLUTE
    ../clib/signal.c                         0x00000000   Number         0  defsig_exit.o ABSOLUTE
    ../clib/signal.c                         0x00000000   Number         0  defsig_fpe_inner.o ABSOLUTE
    ../clib/signal.c                         0x00000000   Number         0  __raise.o ABSOLUTE
    ../clib/signal.c                         0x00000000   Number         0  defsig_general.o ABSOLUTE
    ../clib/signal.c                         0x00000000   Number         0  defsig_abrt_inner.o ABSOLUTE
    ../clib/signal.c                         0x00000000   Number         0  defsig_rtred_inner.o ABSOLUTE
    ../clib/signal.c                         0x00000000   Number         0  defsig_rtmem_inner.o ABSOLUTE
    ../clib/signal.c                         0x00000000   Number         0  defsig_rtmem_outer.o ABSOLUTE
    ../clib/signal.c                         0x00000000   Number         0  defsig_rtmem_formal.o ABSOLUTE
    ../clib/signal.c                         0x00000000   Number         0  defsig_stak_inner.o ABSOLUTE
    ../clib/signal.c                         0x00000000   Number         0  defsig_pvfn_inner.o ABSOLUTE
    ../clib/signal.c                         0x00000000   Number         0  defsig_cppl_inner.o ABSOLUTE
    ../clib/signal.c                         0x00000000   Number         0  defsig_segv_inner.o ABSOLUTE
    ../clib/signal.c                         0x00000000   Number         0  defsig_other.o ABSOLUTE
    ../clib/signal.s                         0x00000000   Number         0  defsig.o ABSOLUTE
    ../clib/stdlib.c                         0x00000000   Number         0  exit.o ABSOLUTE
    ../fplib/fpinit.s                        0x00000000   Number         0  fpinit.o ABSOLUTE
    ../fplib/fpinit_empty.s                  0x00000000   Number         0  fpinit_empty.o ABSOLUTE
    ..\HAL_CM.c                              0x00000000   Number         0  hal_cm.o ABSOLUTE
    ..\\rt_CMSIS.c                           0x00000000   Number         0  rt_cmsis.o ABSOLUTE
    ..\\rt_System.c                          0x00000000   Number         0  rt_system.o ABSOLUTE
    ..\rt_CMSIS.c                            0x00000000   Number         0  rt_cmsis.o ABSOLUTE
    ..\rt_Event.c                            0x00000000   Number         0  rt_event.o ABSOLUTE
    ..\rt_List.c                             0x00000000   Number         0  rt_list.o ABSOLUTE
    ..\rt_Mailbox.c                          0x00000000   Number         0  rt_mailbox.o ABSOLUTE
    ..\rt_MemBox.c                           0x00000000   Number         0  rt_membox.o ABSOLUTE
    ..\rt_Memory.c                           0x00000000   Number         0  rt_memory.o ABSOLUTE
    ..\rt_Mutex.c                            0x00000000   Number         0  rt_mutex.o ABSOLUTE
    ..\rt_Robin.c                            0x00000000   Number         0  rt_robin.o ABSOLUTE
    ..\rt_Semaphore.c                        0x00000000   Number         0  rt_semaphore.o ABSOLUTE
    ..\rt_System.c                           0x00000000   Number         0  rt_system.o ABSOLUTE
    ..\rt_Task.c                             0x00000000   Number         0  rt_task.o ABSOLUTE
    ..\rt_Time.c                             0x00000000   Number         0  rt_time.o ABSOLUTE
    GPIO_STM32F10x.c                         0x00000000   Number         0  gpio_stm32f10x.o ABSOLUTE
    HAL_CM3.c                                0x00000000   Number         0  hal_cm3.o ABSOLUTE
    HAL_CM3.c                                0x00000000   Number         0  hal_cm3.o ABSOLUTE
    LED_MCBSTM32E.c                          0x00000000   Number         0  led_mcbstm32e.o ABSOLUTE
    RTE/Device/STM32F103RB/startup_stm32f10x_md.s 0x00000000   Number         0  startup_stm32f10x_md.o ABSOLUTE
    RTX_Conf_CM.c                            0x00000000   Number         0  rtx_conf_cm.o ABSOLUTE
    SVC_Table.s                              0x00000000   Number         0  svc_table.o ABSOLUTE
    dc.s                                     0x00000000   Number         0  dc.o ABSOLUTE
    main.c                                   0x00000000   Number         0  main.o ABSOLUTE
    system_stm32f10x.c                       0x00000000   Number         0  system_stm32f10x.o ABSOLUTE
    uart.c                                   0x00000000   Number         0  uart.o ABSOLUTE
    RESET                                    0x08000000   Section      236  startup_stm32f10x_md.o(RESET)
    !!!main                                  0x080000ec   Section        8  __main.o(!!!main)
    !!!scatter                               0x080000f4   Section       92  __scatter.o(!!!scatter)
    !!handler_copy                           0x08000150   Section       26  __scatter_copy.o(!!handler_copy)
    !!handler_null                           0x0800016c   Section        2  __scatter.o(!!handler_null)
    !!handler_zi                             0x08000170   Section       28  __scatter_zi.o(!!handler_zi)
    .ARM.Collect$$libinit$$00000000          0x0800018c   Section        2  libinit.o(.ARM.Collect$$libinit$$00000000)
    .ARM.Collect$$libinit$$00000002          0x0800018e   Section        0  libinit2.o(.ARM.Collect$$libinit$$00000002)
    .ARM.Collect$$libinit$$00000004          0x0800018e   Section        0  libinit2.o(.ARM.Collect$$libinit$$00000004)
    .ARM.Collect$$libinit$$00000006          0x0800018e   Section        0  libinit2.o(.ARM.Collect$$libinit$$00000006)
    .ARM.Collect$$libinit$$0000000C          0x0800018e   Section        0  libinit2.o(.ARM.Collect$$libinit$$0000000C)
    .ARM.Collect$$libinit$$0000000E          0x0800018e   Section        0  libinit2.o(.ARM.Collect$$libinit$$0000000E)
    .ARM.Collect$$libinit$$00000010          0x0800018e   Section        0  libinit2.o(.ARM.Collect$$libinit$$00000010)
    .ARM.Collect$$libinit$$00000013          0x0800018e   Section        0  libinit2.o(.ARM.Collect$$libinit$$00000013)
    .ARM.Collect$$libinit$$00000015          0x0800018e   Section        0  libinit2.o(.ARM.Collect$$libinit$$00000015)
    .ARM.Collect$$libinit$$00000017          0x0800018e   Section        0  libinit2.o(.ARM.Collect$$libinit$$00000017)
    .ARM.Collect$$libinit$$00000019          0x0800018e   Section        0  libinit2.o(.ARM.Collect$$libinit$$00000019)
    .ARM.Collect$$libinit$$0000001B          0x0800018e   Section        0  libinit2.o(.ARM.Collect$$libinit$$0000001B)
    .ARM.Collect$$libinit$$0000001D          0x0800018e   Section        0  libinit2.o(.ARM.Collect$$libinit$$0000001D)
    .ARM.Collect$$libinit$$0000001F          0x0800018e   Section        0  libinit2.o(.ARM.Collect$$libinit$$0000001F)
    .ARM.Collect$$libinit$$00000021          0x0800018e   Section        0  libinit2.o(.ARM.Collect$$libinit$$00000021)
    .ARM.Collect$$libinit$$00000023          0x0800018e   Section        0  libinit2.o(.ARM.Collect$$libinit$$00000023)
    .ARM.Collect$$libinit$$00000025          0x0800018e   Section        0  libinit2.o(.ARM.Collect$$libinit$$00000025)
    .ARM.Collect$$libinit$$00000027          0x0800018e   Section        0  libinit2.o(.ARM.Collect$$libinit$$00000027)
    .ARM.Collect$$libinit$$0000002E          0x0800018e   Section        0  libinit2.o(.ARM.Collect$$libinit$$0000002E)
    .ARM.Collect$$libinit$$00000030          0x0800018e   Section        0  libinit2.o(.ARM.Collect$$libinit$$00000030)
    .ARM.Collect$$libinit$$00000032          0x0800018e   Section        0  libinit2.o(.ARM.Collect$$libinit$$00000032)
    .ARM.Collect$$libinit$$00000034          0x0800018e   Section        0  libinit2.o(.ARM.Collect$$libinit$$00000034)
    .ARM.Collect$$libinit$$00000035          0x0800018e   Section        2  libinit2.o(.ARM.Collect$$libinit$$00000035)
    .ARM.Collect$$libshutdown$$00000000      0x08000190   Section        2  libshutdown.o(.ARM.Collect$$libshutdown$$00000000)
    .ARM.Collect$$libshutdown$$00000002      0x08000192   Section        0  libshutdown2.o(.ARM.Collect$$libshutdown$$00000002)
    .ARM.Collect$$libshutdown$$00000004      0x08000192   Section        0  libshutdown2.o(.ARM.Collect$$libshutdown$$00000004)
    .ARM.Collect$$libshutdown$$00000007      0x08000192   Section        0  libshutdown2.o(.ARM.Collect$$libshutdown$$00000007)
    .ARM.Collect$$libshutdown$$0000000A      0x08000192   Section        0  libshutdown2.o(.ARM.Collect$$libshutdown$$0000000A)
    .ARM.Collect$$libshutdown$$0000000C      0x08000192   Section        0  libshutdown2.o(.ARM.Collect$$libshutdown$$0000000C)
    .ARM.Collect$$libshutdown$$0000000F      0x08000192   Section        0  libshutdown2.o(.ARM.Collect$$libshutdown$$0000000F)
    .ARM.Collect$$libshutdown$$00000010      0x08000192   Section        2  libshutdown2.o(.ARM.Collect$$libshutdown$$00000010)
    .ARM.Collect$$rtentry$$00000000          0x08000194   Section        0  __rtentry.o(.ARM.Collect$$rtentry$$00000000)
    .ARM.Collect$$rtentry$$00000002          0x08000194   Section        0  __rtentry2.o(.ARM.Collect$$rtentry$$00000002)
    .ARM.Collect$$rtentry$$00000004          0x08000194   Section        6  __rtentry4.o(.ARM.Collect$$rtentry$$00000004)
    .ARM.Collect$$rtentry$$00000009          0x0800019a   Section        0  __rtentry2.o(.ARM.Collect$$rtentry$$00000009)
    .ARM.Collect$$rtentry$$0000000A          0x0800019a   Section        4  __rtentry2.o(.ARM.Collect$$rtentry$$0000000A)
    .ARM.Collect$$rtentry$$0000000B          0x0800019e   Section        8  __rtentry2.o(.ARM.Collect$$rtentry$$0000000B)
    .ARM.Collect$$rtentry$$0000000D          0x080001a6   Section        8  __rtentry2.o(.ARM.Collect$$rtentry$$0000000D)
    .ARM.Collect$$rtexit$$00000000           0x080001ae   Section        2  rtexit.o(.ARM.Collect$$rtexit$$00000000)
    .ARM.Collect$$rtexit$$00000002           0x080001b0   Section        0  rtexit2.o(.ARM.Collect$$rtexit$$00000002)
    .ARM.Collect$$rtexit$$00000003           0x080001b0   Section        4  rtexit2.o(.ARM.Collect$$rtexit$$00000003)
    .ARM.Collect$$rtexit$$00000004           0x080001b4   Section        6  rtexit2.o(.ARM.Collect$$rtexit$$00000004)
    .emb_text                                0x080001bc   Section      304  hal_cm3.o(.emb_text)
    [Anonymous Symbol]                       0x080002ec   Section        0  main.o(.text)
    [Anonymous Symbol]                       0x0800060c   Section        0  uart.o(.text)
    [Anonymous Symbol]                       0x080006b4   Section        0  rtx_conf_cm.o(.text)
    .text                                    0x08000784   Section       64  startup_stm32f10x_md.o(.text)
    [Anonymous Symbol]                       0x080007c4   Section        0  system_stm32f10x.o(.text)
    .text                                    0x08000930   Section        8  libspace.o(.text)
    .text                                    0x08000938   Section      138  rt_memcpy_v6.o(.text)
    .text                                    0x080009c2   Section        0  heapauxi.o(.text)
    .text                                    0x080009c8   Section      100  rt_memcpy_w.o(.text)
    .text                                    0x08000a2c   Section       74  sys_stackheap_outer.o(.text)
    .text                                    0x08000a76   Section        0  exit.o(.text)
    .text                                    0x08000a88   Section        0  sys_exit.o(.text)
    .text                                    0x08000a94   Section        2  use_no_semi.o(.text)
    .text                                    0x08000a96   Section        0  indicate_semi.o(.text)
    __tagsym$$used.0                         0x08000a98   Number         0  rtx_conf_cm.o(.text._mutex_acquire)
    [Anonymous Symbol]                       0x08000a98   Section        0  rtx_conf_cm.o(.text._mutex_acquire)
    __tagsym$$used.1                         0x08000abc   Number         0  rtx_conf_cm.o(.text._mutex_release)
    [Anonymous Symbol]                       0x08000abc   Section        0  rtx_conf_cm.o(.text._mutex_release)
    SVC_TABLE                                0x08000adc   Section        4  svc_table.o(SVC_TABLE)
    i._init_box                              0x08000ae0   Section        0  rt_membox.o(i._init_box)
    i.dbg_init                               0x08000b28   Section        0  hal_cm.o(i.dbg_init)
    i.dbg_task_notify                        0x08000b58   Section        0  hal_cm.o(i.dbg_task_notify)
    i.dbg_task_switch                        0x08000b78   Section        0  hal_cm.o(i.dbg_task_switch)
    i.isrMessageGet                          0x08000b88   Section        0  rt_cmsis.o(i.isrMessageGet)
    i.isrMessagePut                          0x08000bb2   Section        0  rt_cmsis.o(i.isrMessagePut)
    i.isrSignalSet                           0x08000bde   Section        0  rt_cmsis.o(i.isrSignalSet)
    i.isr_evt_set                            0x08000c04   Section        0  rt_event.o(i.isr_evt_set)
    i.isr_mbx_receive                        0x08000c2c   Section        0  rt_mailbox.o(i.isr_mbx_receive)
    i.isr_mbx_send                           0x08000c82   Section        0  rt_mailbox.o(i.isr_mbx_send)
    i.osKernelInitialize                     0x08000c90   Section        0  rt_cmsis.o(i.osKernelInitialize)
    i.osKernelStart                          0x08000cb4   Section        0  rt_cmsis.o(i.osKernelStart)
    i.osMailAlloc                            0x08000d20   Section        0  rt_cmsis.o(i.osMailAlloc)
    i.osMailCreate                           0x08000d3c   Section        0  rt_cmsis.o(i.osMailCreate)
    i.osMailFree                             0x08000d68   Section        0  rt_cmsis.o(i.osMailFree)
    i.osMailGet                              0x08000d84   Section        0  rt_cmsis.o(i.osMailGet)
    i.osMailPut                              0x08000d9a   Section        0  rt_cmsis.o(i.osMailPut)
    i.osMessageGet                           0x08000db0   Section        0  rt_cmsis.o(i.osMessageGet)
    i.osMessagePut                           0x08000dc8   Section        0  rt_cmsis.o(i.osMessagePut)
    i.osMutexCreate                          0x08000de0   Section        0  rt_cmsis.o(i.osMutexCreate)
    i.osMutexRelease                         0x08000e0c   Section        0  rt_cmsis.o(i.osMutexRelease)
    i.osMutexWait                            0x08000e24   Section        0  rt_cmsis.o(i.osMutexWait)
    i.osSignalSet                            0x08000e3c   Section        0  rt_cmsis.o(i.osSignalSet)
    i.osSignalWait                           0x08000e54   Section        0  rt_cmsis.o(i.osSignalWait)
    i.osThreadCreate                         0x08000e6c   Section        0  rt_cmsis.o(i.osThreadCreate)
    i.osThreadExit                           0x08000e98   Section        0  rt_cmsis.o(i.osThreadExit)
    i.osThreadGetId                          0x08000eb0   Section        0  rt_cmsis.o(i.osThreadGetId)
    i.osThreadTerminate                      0x08000ec8   Section        0  rt_cmsis.o(i.osThreadTerminate)
    i.osTimerCall                            0x08000ee0   Section        0  rt_cmsis.o(i.osTimerCall)
    i.osTimerThread                          0x08000eec   Section        0  rt_cmsis.o(i.osTimerThread)
    i.os_tick_init                           0x08000f18   Section        0  rt_system.o(i.os_tick_init)
    i.os_tick_irqack                         0x08000f40   Section        0  rt_system.o(i.os_tick_irqack)
    i.rt_alloc_box                           0x08000f42   Section        0  rt_membox.o(i.rt_alloc_box)
    i.rt_alloc_mem                           0x08000f5c   Section        0  rt_memory.o(i.rt_alloc_mem)
    i.rt_block                               0x08000f9c   Section        0  rt_task.o(i.rt_block)
    i.rt_chk_robin                           0x08000fd4   Section        0  rt_robin.o(i.rt_chk_robin)
    i.rt_dec_dly                             0x0800101c   Section        0  rt_list.o(i.rt_dec_dly)
    i.rt_dispatch                            0x0800108c   Section        0  rt_task.o(i.rt_dispatch)
    i.rt_evt_psh                             0x080010d0   Section        0  rt_event.o(i.rt_evt_psh)
    i.rt_evt_set                             0x08001120   Section        0  rt_event.o(i.rt_evt_set)
    i.rt_evt_wait                            0x0800117c   Section        0  rt_event.o(i.rt_evt_wait)
    i.rt_free_box                            0x080011b8   Section        0  rt_membox.o(i.rt_free_box)
    i.rt_free_mem                            0x080011e4   Section        0  rt_memory.o(i.rt_free_mem)
    i.rt_get_first                           0x0800120c   Section        0  rt_list.o(i.rt_get_first)
    rt_id2obj                                0x08001235   Thumb Code     8  rt_cmsis.o(i.rt_id2obj)
    i.rt_id2obj                              0x08001234   Section        0  rt_cmsis.o(i.rt_id2obj)
    rt_init_context                          0x0800123d   Thumb Code    66  rt_task.o(i.rt_init_context)
    i.rt_init_context                        0x0800123c   Section        0  rt_task.o(i.rt_init_context)
    i.rt_init_mem                            0x08001284   Section        0  rt_memory.o(i.rt_init_mem)
    i.rt_init_robin                          0x080012a0   Section        0  rt_robin.o(i.rt_init_robin)
    i.rt_init_stack                          0x080012b8   Section        0  hal_cm.o(i.rt_init_stack)
    i.rt_mbx_check                           0x08001338   Section        0  rt_mailbox.o(i.rt_mbx_check)
    i.rt_mbx_init                            0x08001340   Section        0  rt_mailbox.o(i.rt_mbx_init)
    i.rt_mbx_psh                             0x0800135c   Section        0  rt_mailbox.o(i.rt_mbx_psh)
    i.rt_mbx_send                            0x0800144c   Section        0  rt_mailbox.o(i.rt_mbx_send)
    i.rt_mbx_wait                            0x080014e4   Section        0  rt_mailbox.o(i.rt_mbx_wait)
    rt_ms2tick                               0x08001599   Thumb Code    58  rt_cmsis.o(i.rt_ms2tick)
    i.rt_ms2tick                             0x08001598   Section        0  rt_cmsis.o(i.rt_ms2tick)
    i.rt_mut_init                            0x080015dc   Section        0  rt_mutex.o(i.rt_mut_init)
    i.rt_mut_release                         0x080015ec   Section        0  rt_mutex.o(i.rt_mut_release)
    i.rt_mut_wait                            0x080016c4   Section        0  rt_mutex.o(i.rt_mut_wait)
    i.rt_pop_req                             0x0800173c   Section        0  rt_system.o(i.rt_pop_req)
    i.rt_psh_req                             0x080017b8   Section        0  rt_system.o(i.rt_psh_req)
    i.rt_psq_enq                             0x080017d8   Section        0  rt_list.o(i.rt_psq_enq)
    i.rt_put_dly                             0x08001834   Section        0  rt_list.o(i.rt_put_dly)
    i.rt_put_prio                            0x0800187c   Section        0  rt_list.o(i.rt_put_prio)
    i.rt_put_rdy_first                       0x080018b4   Section        0  rt_list.o(i.rt_put_rdy_first)
    i.rt_resort_prio                         0x080018c8   Section        0  rt_list.o(i.rt_resort_prio)
    i.rt_ret_val                             0x080018fc   Section        0  hal_cm.o(i.rt_ret_val)
    i.rt_ret_val2                            0x08001902   Section        0  hal_cm.o(i.rt_ret_val2)
    i.rt_rmv_dly                             0x0800190a   Section        0  rt_list.o(i.rt_rmv_dly)
    i.rt_rmv_list                            0x08001934   Section        0  rt_list.o(i.rt_rmv_list)
    i.rt_sem_psh                             0x08001964   Section        0  rt_semaphore.o(i.rt_sem_psh)
    i.rt_stk_check                           0x08001998   Section        0  rt_system.o(i.rt_stk_check)
    i.rt_switch_req                          0x080019bc   Section        0  rt_task.o(i.rt_switch_req)
    i.rt_sys_init                            0x080019e4   Section        0  rt_task.o(i.rt_sys_init)
    i.rt_sys_start                           0x08001ab0   Section        0  rt_task.o(i.rt_sys_start)
    i.rt_systick                             0x08001b28   Section        0  rt_system.o(i.rt_systick)
    rt_tid2ptcb                              0x08001b69   Thumb Code    18  rt_cmsis.o(i.rt_tid2ptcb)
    i.rt_tid2ptcb                            0x08001b68   Section        0  rt_cmsis.o(i.rt_tid2ptcb)
    rt_timer_insert                          0x08001b7d   Thumb Code    48  rt_cmsis.o(i.rt_timer_insert)
    i.rt_timer_insert                        0x08001b7c   Section        0  rt_cmsis.o(i.rt_timer_insert)
    i.rt_tsk_create                          0x08001bb0   Section        0  rt_task.o(i.rt_tsk_create)
    i.rt_tsk_delete                          0x08001c38   Section        0  rt_task.o(i.rt_tsk_delete)
    i.rt_tsk_prio                            0x08001db4   Section        0  rt_task.o(i.rt_tsk_prio)
    i.rt_tsk_self                            0x08001e30   Section        0  rt_task.o(i.rt_tsk_self)
    i.svcKernelInitialize                    0x08001e40   Section        0  rt_cmsis.o(i.svcKernelInitialize)
    i.svcKernelStart                         0x08001eb0   Section        0  rt_cmsis.o(i.svcKernelStart)
    i.svcMailCreate                          0x08001ef8   Section        0  rt_cmsis.o(i.svcMailCreate)
    i.svcMessageCreate                       0x08001f3a   Section        0  rt_cmsis.o(i.svcMessageCreate)
    i.svcMessageGet                          0x08001f5e   Section        0  rt_cmsis.o(i.svcMessageGet)
    i.svcMessagePut                          0x08001f98   Section        0  rt_cmsis.o(i.svcMessagePut)
    i.svcMutexCreate                         0x08001fce   Section        0  rt_cmsis.o(i.svcMutexCreate)
    i.svcMutexRelease                        0x08001fea   Section        0  rt_cmsis.o(i.svcMutexRelease)
    i.svcMutexWait                           0x0800200c   Section        0  rt_cmsis.o(i.svcMutexWait)
    i.svcSignalSet                           0x08002046   Section        0  rt_cmsis.o(i.svcSignalSet)
    i.svcSignalWait                          0x0800206c   Section        0  rt_cmsis.o(i.svcSignalWait)
    i.svcThreadCreate                        0x080020c0   Section        0  rt_cmsis.o(i.svcThreadCreate)
    i.svcThreadGetId                         0x0800212c   Section        0  rt_cmsis.o(i.svcThreadGetId)
    i.svcThreadTerminate                     0x08002148   Section        0  rt_cmsis.o(i.svcThreadTerminate)
    i.svcTimerCall                           0x08002180   Section        0  rt_cmsis.o(i.svcTimerCall)
    i.sysMailAlloc                           0x08002198   Section        0  rt_cmsis.o(i.sysMailAlloc)
    i.sysMailFree                            0x080021f0   Section        0  rt_cmsis.o(i.sysMailFree)
    i.sysTimerTick                           0x08002250   Section        0  rt_cmsis.o(i.sysTimerTick)
    __tagsym$$used.2                         0x08002340   Number         0  rtx_conf_cm.o(.rodata.CMSIS_RTOS_API_Version)
    __tagsym$$used.3                         0x08002344   Number         0  rtx_conf_cm.o(.rodata.CMSIS_RTOS_RTX_Version)
    __tagsym$$used.4                         0x08002348   Number         0  rtx_conf_cm.o(.rodata.os_clockrate)
    __tagsym$$used.5                         0x0800234c   Number         0  rtx_conf_cm.o(.rodata.os_timernum)
    .L.str.1                                 0x08002350   Data           3  main.o(.rodata.str1.1)
    [Anonymous Symbol]                       0x08002350   Section        0  main.o(.rodata.str1.1)
    .data                                    0x20000010   Section        8  rt_cmsis.o(.data)
    .data                                    0x20000018   Section        8  rt_task.o(.data)
    os_lock                                  0x20000020   Data           1  rt_system.o(.data)
    .data                                    0x20000020   Section        8  rt_system.o(.data)
    os_psh_flag                              0x20000021   Data           1  rt_system.o(.data)
    pend_flags                               0x20000022   Data           1  rt_system.o(.data)
    .data                                    0x20000028   Section        4  rt_time.o(.data)
    .data                                    0x2000002c   Section        8  rt_robin.o(.data)
    .data                                    0x20000034   Section        1  hal_cm.o(.data)
    [Anonymous Symbol]                       0x20000250   Section        0  rtx_conf_cm.o(.bss)
    std_libspace                             0x20000278   Data         672  rtx_conf_cm.o(.bss)
    nr_mutex                                 0x20000518   Data           4  rtx_conf_cm.o(.bss)
    std_libmutex                             0x2000051c   Data         128  rtx_conf_cm.o(.bss)
    .bss                                     0x20003ca0   Section       52  rt_task.o(.bss)
    .bss                                     0x20003cd4   Section       48  rt_list.o(.bss)
    .bss                                     0x20003d04   Section       96  libspace.o(.bss)
    Heap_Mem                                 0x20003d68   Data         512  startup_stm32f10x_md.o(HEAP)
    HEAP                                     0x20003d68   Section      512  startup_stm32f10x_md.o(HEAP)
    Stack_Mem                                0x20003f68   Data        1024  startup_stm32f10x_md.o(STACK)
    STACK                                    0x20003f68   Section     1024  startup_stm32f10x_md.o(STACK)
    __initial_sp                             0x20004368   Data           0  startup_stm32f10x_md.o(STACK)

    Global Symbols

    Symbol Name                              Value     Ov Type        Size  Object(Section)

    BuildAttributes$$THM_ISAv4$P$D$K$B$S$PE$A:L22UL41UL21$X:L11$S22US41US21$IEEE1$IW$~IW$USESV6$~STKCKD$USESV7$~SHL$OTIME$ROPI$EBA8$UX$STANDARDLIB$REQ8$PRES8$EABIv2 0x00000000   Number         0  anon$$obj.o ABSOLUTE
    __fp_init_empty                          0x00000000   Number         0  fpinit_empty.o ABSOLUTE
    __ARM_exceptions_init                     - Undefined Weak Reference
    __alloca_initialize                       - Undefined Weak Reference
    __arm_preinit_                            - Undefined Weak Reference
    __arm_relocate_pie_                       - Undefined Weak Reference
    __cpp_initialize__aeabi_                  - Undefined Weak Reference
    __cxa_finalize                            - Undefined Weak Reference
    __rt_locale                               - Undefined Weak Reference
    __sigvec_lookup                           - Undefined Weak Reference
    _atexit_init                              - Undefined Weak Reference
    _call_atexit_fns                          - Undefined Weak Reference
    _clock_init                               - Undefined Weak Reference
    _fp_trap_init                             - Undefined Weak Reference
    _fp_trap_shutdown                         - Undefined Weak Reference
    _get_lc_collate                           - Undefined Weak Reference
    _get_lc_ctype                             - Undefined Weak Reference
    _get_lc_monetary                          - Undefined Weak Reference
    _get_lc_numeric                           - Undefined Weak Reference
    _get_lc_time                              - Undefined Weak Reference
    _getenv_init                              - Undefined Weak Reference
    _handle_redirection                       - Undefined Weak Reference
    _init_alloc                               - Undefined Weak Reference
    _init_user_alloc                          - Undefined Weak Reference
    _initio                                   - Undefined Weak Reference
    _rand_init                                - Undefined Weak Reference
    _signal_finish                            - Undefined Weak Reference
    _signal_init                              - Undefined Weak Reference
    _terminate_alloc                          - Undefined Weak Reference
    _terminate_user_alloc                     - Undefined Weak Reference
    _terminateio                              - Undefined Weak Reference
    __Vectors_Size                           0x000000ec   Number         0  startup_stm32f10x_md.o ABSOLUTE
    __RL_RTX_VER                             0x00000482   Number         0  rt_system.o ABSOLUTE
    __Vectors                                0x08000000   Data           4  startup_stm32f10x_md.o(RESET)
    __Vectors_End                            0x080000ec   Data           0  startup_stm32f10x_md.o(RESET)
    __main                                   0x080000ed   Thumb Code     8  __main.o(!!!main)
    __scatterload                            0x080000f5   Thumb Code     0  __scatter.o(!!!scatter)
    __scatterload_rt2                        0x080000f5   Thumb Code    84  __scatter.o(!!!scatter)
    __scatterload_rt2_thumb_only             0x080000f5   Thumb Code     0  __scatter.o(!!!scatter)
    __scatterload_loop                       0x080000ff   Thumb Code     0  __scatter.o(!!!scatter)
    __scatterload_copy                       0x08000151   Thumb Code    26  __scatter_copy.o(!!handler_copy)
    __scatterload_null                       0x0800016d   Thumb Code     2  __scatter.o(!!handler_null)
    __scatterload_zeroinit                   0x08000171   Thumb Code    28  __scatter_zi.o(!!handler_zi)
    __rt_lib_init                            0x0800018d   Thumb Code     0  libinit.o(.ARM.Collect$$libinit$$00000000)
    __rt_lib_init_alloca_1                   0x0800018f   Thumb Code     0  libinit2.o(.ARM.Collect$$libinit$$00000030)
    __rt_lib_init_argv_1                     0x0800018f   Thumb Code     0  libinit2.o(.ARM.Collect$$libinit$$0000002E)
    __rt_lib_init_atexit_1                   0x0800018f   Thumb Code     0  libinit2.o(.ARM.Collect$$libinit$$0000001D)
    __rt_lib_init_clock_1                    0x0800018f   Thumb Code     0  libinit2.o(.ARM.Collect$$libinit$$00000023)
    __rt_lib_init_cpp_1                      0x0800018f   Thumb Code     0  libinit2.o(.ARM.Collect$$libinit$$00000034)
    __rt_lib_init_exceptions_1               0x0800018f   Thumb Code     0  libinit2.o(.ARM.Collect$$libinit$$00000032)
    __rt_lib_init_fp_1                       0x0800018f   Thumb Code     0  libinit2.o(.ARM.Collect$$libinit$$00000002)
    __rt_lib_init_fp_trap_1                  0x0800018f   Thumb Code     0  libinit2.o(.ARM.Collect$$libinit$$00000021)
    __rt_lib_init_getenv_1                   0x0800018f   Thumb Code     0  libinit2.o(.ARM.Collect$$libinit$$00000025)
    __rt_lib_init_heap_1                     0x0800018f   Thumb Code     0  libinit2.o(.ARM.Collect$$libinit$$0000000C)
    __rt_lib_init_lc_collate_1               0x0800018f   Thumb Code     0  libinit2.o(.ARM.Collect$$libinit$$00000013)
    __rt_lib_init_lc_ctype_1                 0x0800018f   Thumb Code     0  libinit2.o(.ARM.Collect$$libinit$$00000015)
    __rt_lib_init_lc_monetary_1              0x0800018f   Thumb Code     0  libinit2.o(.ARM.Collect$$libinit$$00000017)
    __rt_lib_init_lc_numeric_1               0x0800018f   Thumb Code     0  libinit2.o(.ARM.Collect$$libinit$$00000019)
    __rt_lib_init_lc_time_1                  0x0800018f   Thumb Code     0  libinit2.o(.ARM.Collect$$libinit$$0000001B)
    __rt_lib_init_preinit_1                  0x0800018f   Thumb Code     0  libinit2.o(.ARM.Collect$$libinit$$00000006)
    __rt_lib_init_rand_1                     0x0800018f   Thumb Code     0  libinit2.o(.ARM.Collect$$libinit$$00000010)
    __rt_lib_init_relocate_pie_1             0x0800018f   Thumb Code     0  libinit2.o(.ARM.Collect$$libinit$$00000004)
    __rt_lib_init_return                     0x0800018f   Thumb Code     0  libinit2.o(.ARM.Collect$$libinit$$00000035)
    __rt_lib_init_signal_1                   0x0800018f   Thumb Code     0  libinit2.o(.ARM.Collect$$libinit$$0000001F)
    __rt_lib_init_stdio_1                    0x0800018f   Thumb Code     0  libinit2.o(.ARM.Collect$$libinit$$00000027)
    __rt_lib_init_user_alloc_1               0x0800018f   Thumb Code     0  libinit2.o(.ARM.Collect$$libinit$$0000000E)
    __rt_lib_shutdown                        0x08000191   Thumb Code     0  libshutdown.o(.ARM.Collect$$libshutdown$$00000000)
    __rt_lib_shutdown_cpp_1                  0x08000193   Thumb Code     0  libshutdown2.o(.ARM.Collect$$libshutdown$$00000002)
    __rt_lib_shutdown_fp_trap_1              0x08000193   Thumb Code     0  libshutdown2.o(.ARM.Collect$$libshutdown$$00000007)
    __rt_lib_shutdown_heap_1                 0x08000193   Thumb Code     0  libshutdown2.o(.ARM.Collect$$libshutdown$$0000000F)
    __rt_lib_shutdown_return                 0x08000193   Thumb Code     0  libshutdown2.o(.ARM.Collect$$libshutdown$$00000010)
    __rt_lib_shutdown_signal_1               0x08000193   Thumb Code     0  libshutdown2.o(.ARM.Collect$$libshutdown$$0000000A)
    __rt_lib_shutdown_stdio_1                0x08000193   Thumb Code     0  libshutdown2.o(.ARM.Collect$$libshutdown$$00000004)
    __rt_lib_shutdown_user_alloc_1           0x08000193   Thumb Code     0  libshutdown2.o(.ARM.Collect$$libshutdown$$0000000C)
    __rt_entry                               0x08000195   Thumb Code     0  __rtentry.o(.ARM.Collect$$rtentry$$00000000)
    __rt_entry_presh_1                       0x08000195   Thumb Code     0  __rtentry2.o(.ARM.Collect$$rtentry$$00000002)
    __rt_entry_sh                            0x08000195   Thumb Code     0  __rtentry4.o(.ARM.Collect$$rtentry$$00000004)
    __rt_entry_li                            0x0800019b   Thumb Code     0  __rtentry2.o(.ARM.Collect$$rtentry$$0000000A)
    __rt_entry_postsh_1                      0x0800019b   Thumb Code     0  __rtentry2.o(.ARM.Collect$$rtentry$$00000009)
    __rt_entry_postli_1                      0x0800019f   Thumb Code     0  __rtentry2.o(.ARM.Collect$$rtentry$$0000000B)
    __rt_entry_main                          0x080001a7   Thumb Code     0  __rtentry2.o(.ARM.Collect$$rtentry$$0000000D)
    __rt_exit                                0x080001af   Thumb Code     0  rtexit.o(.ARM.Collect$$rtexit$$00000000)
    __rt_exit_ls                             0x080001b1   Thumb Code     0  rtexit2.o(.ARM.Collect$$rtexit$$00000003)
    __rt_exit_prels_1                        0x080001b1   Thumb Code     0  rtexit2.o(.ARM.Collect$$rtexit$$00000002)
    __rt_exit_exit                           0x080001b5   Thumb Code     0  rtexit2.o(.ARM.Collect$$rtexit$$00000004)
    rt_set_PSP                               0x080001bd   Thumb Code     6  hal_cm3.o(.emb_text)
    rt_get_PSP                               0x080001c3   Thumb Code     6  hal_cm3.o(.emb_text)
    os_set_env                               0x080001c9   Thumb Code    24  hal_cm3.o(.emb_text)
    _alloc_box                               0x080001e5   Thumb Code    28  hal_cm3.o(.emb_text)
    _free_box                                0x08000205   Thumb Code    28  hal_cm3.o(.emb_text)
    SVC_Handler                              0x08000225   Thumb Code   108  hal_cm3.o(.emb_text)
    PendSV_Handler                           0x0800029d   Thumb Code    56  hal_cm3.o(.emb_text)
    SysTick_Handler                          0x080002d9   Thumb Code     8  hal_cm3.o(.emb_text)
    OS_Tick_Handler                          0x080002e1   Thumb Code    12  hal_cm3.o(.emb_text)
    InputHandler_Thread                      0x080002ed   Thumb Code   368  main.o(.text)
    MailOutput_Thread                        0x08000499   Thumb Code   126  main.o(.text)
    SendText                                 0x08000519   Thumb Code    32  main.o(.text)
    main                                     0x08000539   Thumb Code   174  main.o(.text)
    USART1_IRQHandler                        0x080005e9   Thumb Code    36  main.o(.text)
    USART1_Init                              0x0800060d   Thumb Code   128  uart.o(.text)
    SendChar                                 0x0800068d   Thumb Code    18  uart.o(.text)
    GetKey                                   0x080006a1   Thumb Code    20  uart.o(.text)
    os_idle_demon                            0x080006b5   Thumb Code     2  rtx_conf_cm.o(.text)
    os_error                                 0x080006b9   Thumb Code     2  rtx_conf_cm.o(.text)
    __user_perthread_libspace                0x080006bd   Thumb Code    62  rtx_conf_cm.o(.text)
    _mutex_initialize                        0x080006fd   Thumb Code    48  rtx_conf_cm.o(.text)
    __osSignalWait                           0x0800072d   Thumb Code    18  rtx_conf_cm.o(.text)
    __osMessageGet                           0x08000741   Thumb Code    18  rtx_conf_cm.o(.text)
    __osMailGet                              0x08000755   Thumb Code    18  rtx_conf_cm.o(.text)
    _platform_post_lib_init                  0x08000769   Thumb Code    26  rtx_conf_cm.o(.text)
    Reset_Handler                            0x08000785   Thumb Code     8  startup_stm32f10x_md.o(.text)
    NMI_Handler                              0x0800078d   Thumb Code     2  startup_stm32f10x_md.o(.text)
    HardFault_Handler                        0x0800078f   Thumb Code     2  startup_stm32f10x_md.o(.text)
    MemManage_Handler                        0x08000791   Thumb Code     2  startup_stm32f10x_md.o(.text)
    BusFault_Handler                         0x08000793   Thumb Code     2  startup_stm32f10x_md.o(.text)
    UsageFault_Handler                       0x08000795   Thumb Code     2  startup_stm32f10x_md.o(.text)
    DebugMon_Handler                         0x08000799   Thumb Code     2  startup_stm32f10x_md.o(.text)
    ADC1_2_IRQHandler                        0x0800079f   Thumb Code     0  startup_stm32f10x_md.o(.text)
    CAN1_RX1_IRQHandler                      0x0800079f   Thumb Code     0  startup_stm32f10x_md.o(.text)
    CAN1_SCE_IRQHandler                      0x0800079f   Thumb Code     0  startup_stm32f10x_md.o(.text)
    DMA1_Channel1_IRQHandler                 0x0800079f   Thumb Code     0  startup_stm32f10x_md.o(.text)
    DMA1_Channel2_IRQHandler                 0x0800079f   Thumb Code     0  startup_stm32f10x_md.o(.text)
    DMA1_Channel3_IRQHandler                 0x0800079f   Thumb Code     0  startup_stm32f10x_md.o(.text)
    DMA1_Channel4_IRQHandler                 0x0800079f   Thumb Code     0  startup_stm32f10x_md.o(.text)
    DMA1_Channel5_IRQHandler                 0x0800079f   Thumb Code     0  startup_stm32f10x_md.o(.text)
    DMA1_Channel6_IRQHandler                 0x0800079f   Thumb Code     0  startup_stm32f10x_md.o(.text)
    DMA1_Channel7_IRQHandler                 0x0800079f   Thumb Code     0  startup_stm32f10x_md.o(.text)
    EXTI0_IRQHandler                         0x0800079f   Thumb Code     0  startup_stm32f10x_md.o(.text)
    EXTI15_10_IRQHandler                     0x0800079f   Thumb Code     0  startup_stm32f10x_md.o(.text)
    EXTI1_IRQHandler                         0x0800079f   Thumb Code     0  startup_stm32f10x_md.o(.text)
    EXTI2_IRQHandler                         0x0800079f   Thumb Code     0  startup_stm32f10x_md.o(.text)
    EXTI3_IRQHandler                         0x0800079f   Thumb Code     0  startup_stm32f10x_md.o(.text)
    EXTI4_IRQHandler                         0x0800079f   Thumb Code     0  startup_stm32f10x_md.o(.text)
    EXTI9_5_IRQHandler                       0x0800079f   Thumb Code     0  startup_stm32f10x_md.o(.text)
    FLASH_IRQHandler                         0x0800079f   Thumb Code     0  startup_stm32f10x_md.o(.text)
    I2C1_ER_IRQHandler                       0x0800079f   Thumb Code     0  startup_stm32f10x_md.o(.text)
    I2C1_EV_IRQHandler                       0x0800079f   Thumb Code     0  startup_stm32f10x_md.o(.text)
    I2C2_ER_IRQHandler                       0x0800079f   Thumb Code     0  startup_stm32f10x_md.o(.text)
    I2C2_EV_IRQHandler                       0x0800079f   Thumb Code     0  startup_stm32f10x_md.o(.text)
    PVD_IRQHandler                           0x0800079f   Thumb Code     0  startup_stm32f10x_md.o(.text)
    RCC_IRQHandler                           0x0800079f   Thumb Code     0  startup_stm32f10x_md.o(.text)
    RTCAlarm_IRQHandler                      0x0800079f   Thumb Code     0  startup_stm32f10x_md.o(.text)
    RTC_IRQHandler                           0x0800079f   Thumb Code     0  startup_stm32f10x_md.o(.text)
    SPI1_IRQHandler                          0x0800079f   Thumb Code     0  startup_stm32f10x_md.o(.text)
    SPI2_IRQHandler                          0x0800079f   Thumb Code     0  startup_stm32f10x_md.o(.text)
    TAMPER_IRQHandler                        0x0800079f   Thumb Code     0  startup_stm32f10x_md.o(.text)
    TIM1_BRK_IRQHandler                      0x0800079f   Thumb Code     0  startup_stm32f10x_md.o(.text)
    TIM1_CC_IRQHandler                       0x0800079f   Thumb Code     0  startup_stm32f10x_md.o(.text)
    TIM1_TRG_COM_IRQHandler                  0x0800079f   Thumb Code     0  startup_stm32f10x_md.o(.text)
    TIM1_UP_IRQHandler                       0x0800079f   Thumb Code     0  startup_stm32f10x_md.o(.text)
    TIM2_IRQHandler                          0x0800079f   Thumb Code     0  startup_stm32f10x_md.o(.text)
    TIM3_IRQHandler                          0x0800079f   Thumb Code     0  startup_stm32f10x_md.o(.text)
    TIM4_IRQHandler                          0x0800079f   Thumb Code     0  startup_stm32f10x_md.o(.text)
    USART2_IRQHandler                        0x0800079f   Thumb Code     0  startup_stm32f10x_md.o(.text)
    USART3_IRQHandler                        0x0800079f   Thumb Code     0  startup_stm32f10x_md.o(.text)
    USBWakeUp_IRQHandler                     0x0800079f   Thumb Code     0  startup_stm32f10x_md.o(.text)
    USB_HP_CAN1_TX_IRQHandler                0x0800079f   Thumb Code     0  startup_stm32f10x_md.o(.text)
    USB_LP_CAN1_RX0_IRQHandler               0x0800079f   Thumb Code     0  startup_stm32f10x_md.o(.text)
    WWDG_IRQHandler                          0x0800079f   Thumb Code     0  startup_stm32f10x_md.o(.text)
    __user_initial_stackheap                 0x080007a1   Thumb Code     0  startup_stm32f10x_md.o(.text)
    SystemInit                               0x080007c5   Thumb Code   268  system_stm32f10x.o(.text)
    SystemCoreClockUpdate                    0x080008d1   Thumb Code    94  system_stm32f10x.o(.text)
    __user_libspace                          0x08000931   Thumb Code     8  libspace.o(.text)
    __user_perproc_libspace                  0x08000931   Thumb Code     0  libspace.o(.text)
    __aeabi_memcpy                           0x08000939   Thumb Code     0  rt_memcpy_v6.o(.text)
    __rt_memcpy                              0x08000939   Thumb Code   138  rt_memcpy_v6.o(.text)
    _memcpy_lastbytes                        0x0800099f   Thumb Code     0  rt_memcpy_v6.o(.text)
    __use_two_region_memory                  0x080009c3   Thumb Code     2  heapauxi.o(.text)
    __rt_heap_escrow$2region                 0x080009c5   Thumb Code     2  heapauxi.o(.text)
    __rt_heap_expand$2region                 0x080009c7   Thumb Code     2  heapauxi.o(.text)
    __aeabi_memcpy4                          0x080009c9   Thumb Code     0  rt_memcpy_w.o(.text)
    __aeabi_memcpy8                          0x080009c9   Thumb Code     0  rt_memcpy_w.o(.text)
    __rt_memcpy_w                            0x080009c9   Thumb Code   100  rt_memcpy_w.o(.text)
    _memcpy_lastbytes_aligned                0x08000a11   Thumb Code     0  rt_memcpy_w.o(.text)
    __user_setup_stackheap                   0x08000a2d   Thumb Code    74  sys_stackheap_outer.o(.text)
    exit                                     0x08000a77   Thumb Code    18  exit.o(.text)
    _sys_exit                                0x08000a89   Thumb Code     8  sys_exit.o(.text)
    __I$use$semihosting                      0x08000a95   Thumb Code     0  use_no_semi.o(.text)
    __use_no_semihosting_swi                 0x08000a95   Thumb Code     2  use_no_semi.o(.text)
    __semihosting_library_function           0x08000a97   Thumb Code     0  indicate_semi.o(.text)
    _mutex_acquire                           0x08000a99   Thumb Code    34  rtx_conf_cm.o(.text._mutex_acquire)
    _mutex_release                           0x08000abd   Thumb Code    30  rtx_conf_cm.o(.text._mutex_release)
    SVC_Count                                0x08000adc   Data           4  svc_table.o(SVC_TABLE)
    SVC_Table                                0x08000ae0   Data           0  svc_table.o(SVC_TABLE)
    _init_box                                0x08000ae1   Thumb Code    70  rt_membox.o(i._init_box)
    dbg_init                                 0x08000b29   Thumb Code    34  hal_cm.o(i.dbg_init)
    dbg_task_notify                          0x08000b59   Thumb Code    32  hal_cm.o(i.dbg_task_notify)
    dbg_task_switch                          0x08000b79   Thumb Code    16  hal_cm.o(i.dbg_task_switch)
    isrMessageGet                            0x08000b89   Thumb Code    42  rt_cmsis.o(i.isrMessageGet)
    isrMessagePut                            0x08000bb3   Thumb Code    44  rt_cmsis.o(i.isrMessagePut)
    isrSignalSet                             0x08000bdf   Thumb Code    36  rt_cmsis.o(i.isrSignalSet)
    isr_evt_set                              0x08000c05   Thumb Code    34  rt_event.o(i.isr_evt_set)
    isr_mbx_receive                          0x08000c2d   Thumb Code    86  rt_mailbox.o(i.isr_mbx_receive)
    isr_mbx_send                             0x08000c83   Thumb Code    14  rt_mailbox.o(i.isr_mbx_send)
    osKernelInitialize                       0x08000c91   Thumb Code    30  rt_cmsis.o(i.osKernelInitialize)
    osKernelStart                            0x08000cb5   Thumb Code    98  rt_cmsis.o(i.osKernelStart)
    osMailAlloc                              0x08000d21   Thumb Code    22  rt_cmsis.o(i.osMailAlloc)
    osMailCreate                             0x08000d3d   Thumb Code    36  rt_cmsis.o(i.osMailCreate)
    osMailFree                               0x08000d69   Thumb Code    22  rt_cmsis.o(i.osMailFree)
    osMailGet                                0x08000d85   Thumb Code    22  rt_cmsis.o(i.osMailGet)
    osMailPut                                0x08000d9b   Thumb Code    20  rt_cmsis.o(i.osMailPut)
    osMessageGet                             0x08000db1   Thumb Code    18  rt_cmsis.o(i.osMessageGet)
    osMessagePut                             0x08000dc9   Thumb Code    18  rt_cmsis.o(i.osMessagePut)
    osMutexCreate                            0x08000de1   Thumb Code    36  rt_cmsis.o(i.osMutexCreate)
    osMutexRelease                           0x08000e0d   Thumb Code    18  rt_cmsis.o(i.osMutexRelease)
    osMutexWait                              0x08000e25   Thumb Code    18  rt_cmsis.o(i.osMutexWait)
    osSignalSet                              0x08000e3d   Thumb Code    18  rt_cmsis.o(i.osSignalSet)
    osSignalWait                             0x08000e55   Thumb Code    18  rt_cmsis.o(i.osSignalWait)
    osThreadCreate                           0x08000e6d   Thumb Code    36  rt_cmsis.o(i.osThreadCreate)
    osThreadExit                             0x08000e99   Thumb Code    14  rt_cmsis.o(i.osThreadExit)
    osThreadGetId                            0x08000eb1   Thumb Code    18  rt_cmsis.o(i.osThreadGetId)
    osThreadTerminate                        0x08000ec9   Thumb Code    18  rt_cmsis.o(i.osThreadTerminate)
    osTimerCall                              0x08000ee1   Thumb Code     8  rt_cmsis.o(i.osTimerCall)
    osTimerThread                            0x08000eed   Thumb Code    38  rt_cmsis.o(i.osTimerThread)
    os_tick_init                             0x08000f19   Thumb Code    32  rt_system.o(i.os_tick_init)
    os_tick_irqack                           0x08000f41   Thumb Code     2  rt_system.o(i.os_tick_irqack)
    rt_alloc_box                             0x08000f43   Thumb Code    26  rt_membox.o(i.rt_alloc_box)
    rt_alloc_mem                             0x08000f5d   Thumb Code    62  rt_memory.o(i.rt_alloc_mem)
    rt_block                                 0x08000f9d   Thumb Code    48  rt_task.o(i.rt_block)
    rt_chk_robin                             0x08000fd5   Thumb Code    60  rt_robin.o(i.rt_chk_robin)
    rt_dec_dly                               0x0800101d   Thumb Code   102  rt_list.o(i.rt_dec_dly)
    rt_dispatch                              0x0800108d   Thumb Code    60  rt_task.o(i.rt_dispatch)
    rt_evt_psh                               0x080010d1   Thumb Code    76  rt_event.o(i.rt_evt_psh)
    rt_evt_set                               0x08001121   Thumb Code    88  rt_event.o(i.rt_evt_set)
    rt_evt_wait                              0x0800117d   Thumb Code    56  rt_event.o(i.rt_evt_wait)
    rt_free_box                              0x080011b9   Thumb Code    44  rt_membox.o(i.rt_free_box)
    rt_free_mem                              0x080011e5   Thumb Code    40  rt_memory.o(i.rt_free_mem)
    rt_get_first                             0x0800120d   Thumb Code    40  rt_list.o(i.rt_get_first)
    rt_init_mem                              0x08001285   Thumb Code    26  rt_memory.o(i.rt_init_mem)
    rt_init_robin                            0x080012a1   Thumb Code    14  rt_robin.o(i.rt_init_robin)
    rt_init_stack                            0x080012b9   Thumb Code   118  hal_cm.o(i.rt_init_stack)
    rt_mbx_check                             0x08001339   Thumb Code     8  rt_mailbox.o(i.rt_mbx_check)
    rt_mbx_init                              0x08001341   Thumb Code    26  rt_mailbox.o(i.rt_mbx_init)
    rt_mbx_psh                               0x0800135d   Thumb Code   236  rt_mailbox.o(i.rt_mbx_psh)
    rt_mbx_send                              0x0800144d   Thumb Code   148  rt_mailbox.o(i.rt_mbx_send)
    rt_mbx_wait                              0x080014e5   Thumb Code   174  rt_mailbox.o(i.rt_mbx_wait)
    rt_mut_init                              0x080015dd   Thumb Code    16  rt_mutex.o(i.rt_mut_init)
    rt_mut_release                           0x080015ed   Thumb Code   208  rt_mutex.o(i.rt_mut_release)
    rt_mut_wait                              0x080016c5   Thumb Code   114  rt_mutex.o(i.rt_mut_wait)
    rt_pop_req                               0x0800173d   Thumb Code   112  rt_system.o(i.rt_pop_req)
    rt_psh_req                               0x080017b9   Thumb Code    22  rt_system.o(i.rt_psh_req)
    rt_psq_enq                               0x080017d9   Thumb Code    88  rt_list.o(i.rt_psq_enq)
    rt_put_dly                               0x08001835   Thumb Code    68  rt_list.o(i.rt_put_dly)
    rt_put_prio                              0x0800187d   Thumb Code    54  rt_list.o(i.rt_put_prio)
    rt_put_rdy_first                         0x080018b5   Thumb Code    14  rt_list.o(i.rt_put_rdy_first)
    rt_resort_prio                           0x080018c9   Thumb Code    46  rt_list.o(i.rt_resort_prio)
    rt_ret_val                               0x080018fd   Thumb Code     6  hal_cm.o(i.rt_ret_val)
    rt_ret_val2                              0x08001903   Thumb Code     8  hal_cm.o(i.rt_ret_val2)
    rt_rmv_dly                               0x0800190b   Thumb Code    40  rt_list.o(i.rt_rmv_dly)
    rt_rmv_list                              0x08001935   Thumb Code    44  rt_list.o(i.rt_rmv_list)
    rt_sem_psh                               0x08001965   Thumb Code    48  rt_semaphore.o(i.rt_sem_psh)
    rt_stk_check                             0x08001999   Thumb Code    28  rt_system.o(i.rt_stk_check)
    rt_switch_req                            0x080019bd   Thumb Code    30  rt_task.o(i.rt_switch_req)
    rt_sys_init                              0x080019e5   Thumb Code   138  rt_task.o(i.rt_sys_init)
    rt_sys_start                             0x08001ab1   Thumb Code   110  rt_task.o(i.rt_sys_start)
    rt_systick                               0x08001b29   Thumb Code    50  rt_system.o(i.rt_systick)
    rt_tsk_create                            0x08001bb1   Thumb Code   118  rt_task.o(i.rt_tsk_create)
    rt_tsk_delete                            0x08001c39   Thumb Code   352  rt_task.o(i.rt_tsk_delete)
    rt_tsk_prio                              0x08001db5   Thumb Code   108  rt_task.o(i.rt_tsk_prio)
    rt_tsk_self                              0x08001e31   Thumb Code    12  rt_task.o(i.rt_tsk_self)
    svcKernelInitialize                      0x08001e41   Thumb Code    80  rt_cmsis.o(i.svcKernelInitialize)
    svcKernelStart                           0x08001eb1   Thumb Code    62  rt_cmsis.o(i.svcKernelStart)
    svcMailCreate                            0x08001ef9   Thumb Code    66  rt_cmsis.o(i.svcMailCreate)
    svcMessageCreate                         0x08001f3b   Thumb Code    36  rt_cmsis.o(i.svcMessageCreate)
    svcMessageGet                            0x08001f5f   Thumb Code    58  rt_cmsis.o(i.svcMessageGet)
    svcMessagePut                            0x08001f99   Thumb Code    54  rt_cmsis.o(i.svcMessagePut)
    svcMutexCreate                           0x08001fcf   Thumb Code    28  rt_cmsis.o(i.svcMutexCreate)
    svcMutexRelease                          0x08001feb   Thumb Code    34  rt_cmsis.o(i.svcMutexRelease)
    svcMutexWait                             0x0800200d   Thumb Code    58  rt_cmsis.o(i.svcMutexWait)
    svcSignalSet                             0x08002047   Thumb Code    36  rt_cmsis.o(i.svcSignalSet)
    svcSignalWait                            0x0800206d   Thumb Code    80  rt_cmsis.o(i.svcSignalWait)
    svcThreadCreate                          0x080020c1   Thumb Code    96  rt_cmsis.o(i.svcThreadCreate)
    svcThreadGetId                           0x0800212d   Thumb Code    22  rt_cmsis.o(i.svcThreadGetId)
    svcThreadTerminate                       0x08002149   Thumb Code    50  rt_cmsis.o(i.svcThreadTerminate)
    svcTimerCall                             0x08002181   Thumb Code    24  rt_cmsis.o(i.svcTimerCall)
    sysMailAlloc                             0x08002199   Thumb Code    84  rt_cmsis.o(i.sysMailAlloc)
    sysMailFree                              0x080021f1   Thumb Code    96  rt_cmsis.o(i.sysMailFree)
    sysTimerTick                             0x08002251   Thumb Code    84  rt_cmsis.o(i.sysTimerTick)
    os_mailQ_def_mail_queue                  0x080022ac   Data          12  main.o(.rodata)
    os_thread_def_InputHandler_Thread        0x080022b8   Data          16  main.o(.rodata)
    os_thread_def_MailOutput_Thread          0x080022c8   Data          16  main.o(.rodata)
    os_mutex_def_uart_mutex                  0x080022d8   Data           4  main.o(.rodata)
    os_maxtaskrun                            0x080022dc   Data           2  rtx_conf_cm.o(.rodata)
    os_stackinfo                             0x080022e0   Data           4  rtx_conf_cm.o(.rodata)
    os_rrobin                                0x080022e4   Data           4  rtx_conf_cm.o(.rodata)
    os_tickfreq                              0x080022e8   Data           4  rtx_conf_cm.o(.rodata)
    os_tickus_i                              0x080022ec   Data           2  rtx_conf_cm.o(.rodata)
    os_tickus_f                              0x080022ee   Data           2  rtx_conf_cm.o(.rodata)
    os_trv                                   0x080022f0   Data           4  rtx_conf_cm.o(.rodata)
    os_flags                                 0x080022f4   Data           1  rtx_conf_cm.o(.rodata)
    mp_tcb_size                              0x080022f6   Data           2  rtx_conf_cm.o(.rodata)
    mp_stk_size                              0x080022f8   Data           4  rtx_conf_cm.o(.rodata)
    os_stack_sz                              0x080022fc   Data           4  rtx_conf_cm.o(.rodata)
    os_fifo_size                             0x08002300   Data           1  rtx_conf_cm.o(.rodata)
    os_thread_def_osTimerThread              0x08002304   Data          16  rtx_conf_cm.o(.rodata)
    os_messageQ_def_osTimerMessageQ          0x08002314   Data           8  rtx_conf_cm.o(.rodata)
    mp_tmr_size                              0x0800231c   Data           2  rtx_conf_cm.o(.rodata)
    os_thread_def_main                       0x08002320   Data          16  rtx_conf_cm.o(.rodata)
    AHBPrescTable                            0x08002330   Data          16  system_stm32f10x.o(.rodata)
    CMSIS_RTOS_API_Version                   0x08002340   Data           4  rtx_conf_cm.o(.rodata.CMSIS_RTOS_API_Version)
    CMSIS_RTOS_RTX_Version                   0x08002344   Data           4  rtx_conf_cm.o(.rodata.CMSIS_RTOS_RTX_Version)
    os_clockrate                             0x08002348   Data           4  rtx_conf_cm.o(.rodata.os_clockrate)
    os_timernum                              0x0800234c   Data           4  rtx_conf_cm.o(.rodata.os_timernum)
    Region$$Table$$Base                      0x08002354   Number         0  anon$$obj.o(Region$$Table)
    Region$$Table$$Limit                     0x08002374   Number         0  anon$$obj.o(Region$$Table)
    __ARM_use_no_argv                        0x20000000   Data           4  main.o(.ARM.use_no_argv)
    os_mailQ_p_mail_queue                    0x20000004   Data           8  main.o(.data)
    SystemCoreClock                          0x2000000c   Data           4  system_stm32f10x.o(.data)
    os_initialized                           0x20000010   Data           1  rt_cmsis.o(.data)
    os_running                               0x20000011   Data           1  rt_cmsis.o(.data)
    os_timer_head                            0x20000014   Data           4  rt_cmsis.o(.data)
    os_tsk                                   0x20000018   Data           8  rt_task.o(.data)
    os_tick_irqn                             0x20000024   Data           4  rt_system.o(.data)
    os_time                                  0x20000028   Data           4  rt_time.o(.data)
    os_robin                                 0x2000002c   Data           8  rt_robin.o(.data)
    dbg_msg                                  0x20000034   Data           1  hal_cm.o(.data)
    os_mailQ_q_mail_queue                    0x20000038   Data          56  main.o(.bss)
    os_mailQ_m_mail_queue                    0x20000070   Data         372  main.o(.bss)
    os_mutex_cb_uart_mutex                   0x200001e4   Data          16  main.o(.bss)
    intKey                                   0x200001f4   Data           1  main.o(.bss)
    uart_mutex                               0x200001f8   Data           4  main.o(.bss)
    mail_queue_id                            0x200001fc   Data           4  main.o(.bss)
    T_Handler                                0x20000200   Data           4  main.o(.bss)
    T_Mail                                   0x20000204   Data           4  main.o(.bss)
    T_main                                   0x20000208   Data           4  main.o(.bss)
    Text_Buffer                              0x2000020c   Data          64  main.o(.bss)
    os_messageQ_q_osTimerMessageQ            0x20000250   Data          32  rtx_conf_cm.o(.bss)
    os_tmr                                   0x20000270   Data           4  rtx_conf_cm.o(.bss)
    m_tmr                                    0x20000274   Data           4  rtx_conf_cm.o(.bss)
    mp_tcb                                   0x2000059c   Data         376  rtx_conf_cm.o(.bss)
    mp_stk                                   0x20000718   Data       12304  rtx_conf_cm.o(.bss)
    os_stack_mem                             0x20003728   Data        1232  rtx_conf_cm.o(.bss)
    os_fifo                                  0x20003bf8   Data         132  rtx_conf_cm.o(.bss)
    os_active_TCB                            0x20003c7c   Data          28  rtx_conf_cm.o(.bss)
    osThreadId_osTimerThread                 0x20003c98   Data           4  rtx_conf_cm.o(.bss)
    osMessageQId_osTimerMessageQ             0x20003c9c   Data           4  rtx_conf_cm.o(.bss)
    os_idle_TCB                              0x20003ca0   Data          52  rt_task.o(.bss)
    os_rdy                                   0x20003cd4   Data          24  rt_list.o(.bss)
    os_dly                                   0x20003cec   Data          24  rt_list.o(.bss)
    __libspace_start                         0x20003d04   Data          96  libspace.o(.bss)
    __temporary_stack_top$libspace           0x20003d64   Data           0  libspace.o(.bss)



==============================================================================

Memory Map of the image

  Image Entry point : 0x080000ed

  Load Region LR_IROM1 (Base: 0x08000000, Size: 0x000023b0, Max: 0x00020000, ABSOLUTE)

    Execution Region ER_IROM1 (Exec base: 0x08000000, Load base: 0x08000000, Size: 0x00002374, Max: 0x00020000, ABSOLUTE)

    Exec Addr    Load Addr    Size         Type   Attr      Idx    E Section Name        Object

    0x08000000   0x08000000   0x000000ec   Data   RO           62    RESET               startup_stm32f10x_md.o
    0x080000ec   0x080000ec   0x00000008   Code   RO         1302  * !!!main             c_w.l(__main.o)
    0x080000f4   0x080000f4   0x0000005c   Code   RO         1475    !!!scatter          c_w.l(__scatter.o)
    0x08000150   0x08000150   0x0000001a   Code   RO         1479    !!handler_copy      c_w.l(__scatter_copy.o)
    0x0800016a   0x0800016a   0x00000002   PAD
    0x0800016c   0x0800016c   0x00000002   Code   RO         1476    !!handler_null      c_w.l(__scatter.o)
    0x0800016e   0x0800016e   0x00000002   PAD
    0x08000170   0x08000170   0x0000001c   Code   RO         1481    !!handler_zi        c_w.l(__scatter_zi.o)
    0x0800018c   0x0800018c   0x00000002   Code   RO         1340    .ARM.Collect$$libinit$$00000000  c_w.l(libinit.o)
    0x0800018e   0x0800018e   0x00000000   Code   RO         1350    .ARM.Collect$$libinit$$00000002  c_w.l(libinit2.o)
    0x0800018e   0x0800018e   0x00000000   Code   RO         1352    .ARM.Collect$$libinit$$00000004  c_w.l(libinit2.o)
    0x0800018e   0x0800018e   0x00000000   Code   RO         1354    .ARM.Collect$$libinit$$00000006  c_w.l(libinit2.o)
    0x0800018e   0x0800018e   0x00000000   Code   RO         1357    .ARM.Collect$$libinit$$0000000C  c_w.l(libinit2.o)
    0x0800018e   0x0800018e   0x00000000   Code   RO         1359    .ARM.Collect$$libinit$$0000000E  c_w.l(libinit2.o)
    0x0800018e   0x0800018e   0x00000000   Code   RO         1361    .ARM.Collect$$libinit$$00000010  c_w.l(libinit2.o)
    0x0800018e   0x0800018e   0x00000000   Code   RO         1364    .ARM.Collect$$libinit$$00000013  c_w.l(libinit2.o)
    0x0800018e   0x0800018e   0x00000000   Code   RO         1366    .ARM.Collect$$libinit$$00000015  c_w.l(libinit2.o)
    0x0800018e   0x0800018e   0x00000000   Code   RO         1368    .ARM.Collect$$libinit$$00000017  c_w.l(libinit2.o)
    0x0800018e   0x0800018e   0x00000000   Code   RO         1370    .ARM.Collect$$libinit$$00000019  c_w.l(libinit2.o)
    0x0800018e   0x0800018e   0x00000000   Code   RO         1372    .ARM.Collect$$libinit$$0000001B  c_w.l(libinit2.o)
    0x0800018e   0x0800018e   0x00000000   Code   RO         1374    .ARM.Collect$$libinit$$0000001D  c_w.l(libinit2.o)
    0x0800018e   0x0800018e   0x00000000   Code   RO         1376    .ARM.Collect$$libinit$$0000001F  c_w.l(libinit2.o)
    0x0800018e   0x0800018e   0x00000000   Code   RO         1378    .ARM.Collect$$libinit$$00000021  c_w.l(libinit2.o)
    0x0800018e   0x0800018e   0x00000000   Code   RO         1380    .ARM.Collect$$libinit$$00000023  c_w.l(libinit2.o)
    0x0800018e   0x0800018e   0x00000000   Code   RO         1382    .ARM.Collect$$libinit$$00000025  c_w.l(libinit2.o)
    0x0800018e   0x0800018e   0x00000000   Code   RO         1384    .ARM.Collect$$libinit$$00000027  c_w.l(libinit2.o)
    0x0800018e   0x0800018e   0x00000000   Code   RO         1388    .ARM.Collect$$libinit$$0000002E  c_w.l(libinit2.o)
    0x0800018e   0x0800018e   0x00000000   Code   RO         1390    .ARM.Collect$$libinit$$00000030  c_w.l(libinit2.o)
    0x0800018e   0x0800018e   0x00000000   Code   RO         1392    .ARM.Collect$$libinit$$00000032  c_w.l(libinit2.o)
    0x0800018e   0x0800018e   0x00000000   Code   RO         1394    .ARM.Collect$$libinit$$00000034  c_w.l(libinit2.o)
    0x0800018e   0x0800018e   0x00000002   Code   RO         1395    .ARM.Collect$$libinit$$00000035  c_w.l(libinit2.o)
    0x08000190   0x08000190   0x00000002   Code   RO         1430    .ARM.Collect$$libshutdown$$00000000  c_w.l(libshutdown.o)
    0x08000192   0x08000192   0x00000000   Code   RO         1458    .ARM.Collect$$libshutdown$$00000002  c_w.l(libshutdown2.o)
    0x08000192   0x08000192   0x00000000   Code   RO         1460    .ARM.Collect$$libshutdown$$00000004  c_w.l(libshutdown2.o)
    0x08000192   0x08000192   0x00000000   Code   RO         1463    .ARM.Collect$$libshutdown$$00000007  c_w.l(libshutdown2.o)
    0x08000192   0x08000192   0x00000000   Code   RO         1466    .ARM.Collect$$libshutdown$$0000000A  c_w.l(libshutdown2.o)
    0x08000192   0x08000192   0x00000000   Code   RO         1468    .ARM.Collect$$libshutdown$$0000000C  c_w.l(libshutdown2.o)
    0x08000192   0x08000192   0x00000000   Code   RO         1471    .ARM.Collect$$libshutdown$$0000000F  c_w.l(libshutdown2.o)
    0x08000192   0x08000192   0x00000002   Code   RO         1472    .ARM.Collect$$libshutdown$$00000010  c_w.l(libshutdown2.o)
    0x08000194   0x08000194   0x00000000   Code   RO         1304    .ARM.Collect$$rtentry$$00000000  c_w.l(__rtentry.o)
    0x08000194   0x08000194   0x00000000   Code   RO         1312    .ARM.Collect$$rtentry$$00000002  c_w.l(__rtentry2.o)
    0x08000194   0x08000194   0x00000006   Code   RO         1324    .ARM.Collect$$rtentry$$00000004  c_w.l(__rtentry4.o)
    0x0800019a   0x0800019a   0x00000000   Code   RO         1314    .ARM.Collect$$rtentry$$00000009  c_w.l(__rtentry2.o)
    0x0800019a   0x0800019a   0x00000004   Code   RO         1315    .ARM.Collect$$rtentry$$0000000A  c_w.l(__rtentry2.o)
    0x0800019e   0x0800019e   0x00000008   Code   RO         1316    .ARM.Collect$$rtentry$$0000000B  c_w.l(__rtentry2.o)
    0x080001a6   0x080001a6   0x00000008   Code   RO         1318    .ARM.Collect$$rtentry$$0000000D  c_w.l(__rtentry2.o)
    0x080001ae   0x080001ae   0x00000002   Code   RO         1341    .ARM.Collect$$rtexit$$00000000  c_w.l(rtexit.o)
    0x080001b0   0x080001b0   0x00000000   Code   RO         1401    .ARM.Collect$$rtexit$$00000002  c_w.l(rtexit2.o)
    0x080001b0   0x080001b0   0x00000004   Code   RO         1402    .ARM.Collect$$rtexit$$00000003  c_w.l(rtexit2.o)
    0x080001b4   0x080001b4   0x00000006   Code   RO         1403    .ARM.Collect$$rtexit$$00000004  c_w.l(rtexit2.o)
    0x080001ba   0x080001ba   0x00000002   PAD
    0x080001bc   0x080001bc   0x00000130   Code   RO         1278    .emb_text           RTX_CM3.lib(hal_cm3.o)
    0x080002ec   0x080002ec   0x00000320   Code   RO            1    .text               main.o
    0x0800060c   0x0800060c   0x000000a8   Code   RO           14    .text               uart.o
    0x080006b4   0x080006b4   0x000000ce   Code   RO           32    .text               rtx_conf_cm.o
    0x08000782   0x08000782   0x00000002   PAD
    0x08000784   0x08000784   0x00000040   Code   RO           63    .text               startup_stm32f10x_md.o
    0x080007c4   0x080007c4   0x0000016a   Code   RO           69    .text               system_stm32f10x.o
    0x0800092e   0x0800092e   0x00000002   PAD
    0x08000930   0x08000930   0x00000008   Code   RO         1293    .text               c_w.l(libspace.o)
    0x08000938   0x08000938   0x0000008a   Code   RO         1298    .text               c_w.l(rt_memcpy_v6.o)
    0x080009c2   0x080009c2   0x00000006   Code   RO         1300    .text               c_w.l(heapauxi.o)
    0x080009c8   0x080009c8   0x00000064   Code   RO         1309    .text               c_w.l(rt_memcpy_w.o)
    0x08000a2c   0x08000a2c   0x0000004a   Code   RO         1328    .text               c_w.l(sys_stackheap_outer.o)
    0x08000a76   0x08000a76   0x00000012   Code   RO         1330    .text               c_w.l(exit.o)
    0x08000a88   0x08000a88   0x0000000c   Code   RO         1396    .text               c_w.l(sys_exit.o)
    0x08000a94   0x08000a94   0x00000002   Code   RO         1419    .text               c_w.l(use_no_semi.o)
    0x08000a96   0x08000a96   0x00000000   Code   RO         1421    .text               c_w.l(indicate_semi.o)
    0x08000a96   0x08000a96   0x00000002   PAD
    0x08000a98   0x08000a98   0x00000022   Code   RO           34    .text._mutex_acquire  rtx_conf_cm.o
    0x08000aba   0x08000aba   0x00000002   PAD
    0x08000abc   0x08000abc   0x0000001e   Code   RO           36    .text._mutex_release  rtx_conf_cm.o
    0x08000ada   0x08000ada   0x00000002   PAD
    0x08000adc   0x08000adc   0x00000004   Code   RO         1288    SVC_TABLE           RTX_CM3.lib(svc_table.o)
    0x08000ae0   0x08000ae0   0x00000046   Code   RO         1177    i._init_box         RTX_CM3.lib(rt_membox.o)
    0x08000b26   0x08000b26   0x00000002   PAD
    0x08000b28   0x08000b28   0x00000030   Code   RO         1230    i.dbg_init          RTX_CM3.lib(hal_cm.o)
    0x08000b58   0x08000b58   0x00000020   Code   RO         1231    i.dbg_task_notify   RTX_CM3.lib(hal_cm.o)
    0x08000b78   0x08000b78   0x00000010   Code   RO         1232    i.dbg_task_switch   RTX_CM3.lib(hal_cm.o)
    0x08000b88   0x08000b88   0x0000002a   Code   RO           82    i.isrMessageGet     RTX_CM3.lib(rt_cmsis.o)
    0x08000bb2   0x08000bb2   0x0000002c   Code   RO           83    i.isrMessagePut     RTX_CM3.lib(rt_cmsis.o)
    0x08000bde   0x08000bde   0x00000024   Code   RO           85    i.isrSignalSet      RTX_CM3.lib(rt_cmsis.o)
    0x08000c02   0x08000c02   0x00000002   PAD
    0x08000c04   0x08000c04   0x00000028   Code   RO          914    i.isr_evt_set       RTX_CM3.lib(rt_event.o)
    0x08000c2c   0x08000c2c   0x00000056   Code   RO         1032    i.isr_mbx_receive   RTX_CM3.lib(rt_mailbox.o)
    0x08000c82   0x08000c82   0x0000000e   Code   RO         1033    i.isr_mbx_send      RTX_CM3.lib(rt_mailbox.o)
    0x08000c90   0x08000c90   0x00000024   Code   RO           87    i.osKernelInitialize  RTX_CM3.lib(rt_cmsis.o)
    0x08000cb4   0x08000cb4   0x0000006c   Code   RO           89    i.osKernelStart     RTX_CM3.lib(rt_cmsis.o)
    0x08000d20   0x08000d20   0x0000001c   Code   RO           91    i.osMailAlloc       RTX_CM3.lib(rt_cmsis.o)
    0x08000d3c   0x08000d3c   0x0000002c   Code   RO           93    i.osMailCreate      RTX_CM3.lib(rt_cmsis.o)
    0x08000d68   0x08000d68   0x0000001c   Code   RO           94    i.osMailFree        RTX_CM3.lib(rt_cmsis.o)
    0x08000d84   0x08000d84   0x00000016   Code   RO           95    i.osMailGet         RTX_CM3.lib(rt_cmsis.o)
    0x08000d9a   0x08000d9a   0x00000014   Code   RO           96    i.osMailPut         RTX_CM3.lib(rt_cmsis.o)
    0x08000dae   0x08000dae   0x00000002   PAD
    0x08000db0   0x08000db0   0x00000018   Code   RO           98    i.osMessageGet      RTX_CM3.lib(rt_cmsis.o)
    0x08000dc8   0x08000dc8   0x00000018   Code   RO           99    i.osMessagePut      RTX_CM3.lib(rt_cmsis.o)
    0x08000de0   0x08000de0   0x0000002c   Code   RO          100    i.osMutexCreate     RTX_CM3.lib(rt_cmsis.o)
    0x08000e0c   0x08000e0c   0x00000018   Code   RO          102    i.osMutexRelease    RTX_CM3.lib(rt_cmsis.o)
    0x08000e24   0x08000e24   0x00000018   Code   RO          103    i.osMutexWait       RTX_CM3.lib(rt_cmsis.o)
    0x08000e3c   0x08000e3c   0x00000018   Code   RO          113    i.osSignalSet       RTX_CM3.lib(rt_cmsis.o)
    0x08000e54   0x08000e54   0x00000018   Code   RO          114    i.osSignalWait      RTX_CM3.lib(rt_cmsis.o)
    0x08000e6c   0x08000e6c   0x0000002c   Code   RO          115    i.osThreadCreate    RTX_CM3.lib(rt_cmsis.o)
    0x08000e98   0x08000e98   0x00000018   Code   RO          116    i.osThreadExit      RTX_CM3.lib(rt_cmsis.o)
    0x08000eb0   0x08000eb0   0x00000018   Code   RO          117    i.osThreadGetId     RTX_CM3.lib(rt_cmsis.o)
    0x08000ec8   0x08000ec8   0x00000018   Code   RO          120    i.osThreadTerminate  RTX_CM3.lib(rt_cmsis.o)
    0x08000ee0   0x08000ee0   0x0000000c   Code   RO          122    i.osTimerCall       RTX_CM3.lib(rt_cmsis.o)
    0x08000eec   0x08000eec   0x0000002c   Code   RO          127    i.osTimerThread     RTX_CM3.lib(rt_cmsis.o)
    0x08000f18   0x08000f18   0x00000028   Code   RO          824    i.os_tick_init      RTX_CM3.lib(rt_system.o)
    0x08000f40   0x08000f40   0x00000002   Code   RO          825    i.os_tick_irqack    RTX_CM3.lib(rt_system.o)
    0x08000f42   0x08000f42   0x0000001a   Code   RO         1178    i.rt_alloc_box      RTX_CM3.lib(rt_membox.o)
    0x08000f5c   0x08000f5c   0x0000003e   Code   RO         1206    i.rt_alloc_mem      RTX_CM3.lib(rt_memory.o)
    0x08000f9a   0x08000f9a   0x00000002   PAD
    0x08000f9c   0x08000f9c   0x00000038   Code   RO          705    i.rt_block          RTX_CM3.lib(rt_task.o)
    0x08000fd4   0x08000fd4   0x00000048   Code   RO         1155    i.rt_chk_robin      RTX_CM3.lib(rt_robin.o)
    0x0800101c   0x0800101c   0x00000070   Code   RO          956    i.rt_dec_dly        RTX_CM3.lib(rt_list.o)
    0x0800108c   0x0800108c   0x00000044   Code   RO          706    i.rt_dispatch       RTX_CM3.lib(rt_task.o)
    0x080010d0   0x080010d0   0x00000050   Code   RO          917    i.rt_evt_psh        RTX_CM3.lib(rt_event.o)
    0x08001120   0x08001120   0x0000005c   Code   RO          918    i.rt_evt_set        RTX_CM3.lib(rt_event.o)
    0x0800117c   0x0800117c   0x0000003c   Code   RO          919    i.rt_evt_wait       RTX_CM3.lib(rt_event.o)
    0x080011b8   0x080011b8   0x0000002c   Code   RO         1179    i.rt_free_box       RTX_CM3.lib(rt_membox.o)
    0x080011e4   0x080011e4   0x00000028   Code   RO         1207    i.rt_free_mem       RTX_CM3.lib(rt_memory.o)
    0x0800120c   0x0800120c   0x00000028   Code   RO          957    i.rt_get_first      RTX_CM3.lib(rt_list.o)
    0x08001234   0x08001234   0x00000008   Code   RO          132    i.rt_id2obj         RTX_CM3.lib(rt_cmsis.o)
    0x0800123c   0x0800123c   0x00000048   Code   RO          707    i.rt_init_context   RTX_CM3.lib(rt_task.o)
    0x08001284   0x08001284   0x0000001a   Code   RO         1208    i.rt_init_mem       RTX_CM3.lib(rt_memory.o)
    0x0800129e   0x0800129e   0x00000002   PAD
    0x080012a0   0x080012a0   0x00000018   Code   RO         1156    i.rt_init_robin     RTX_CM3.lib(rt_robin.o)
    0x080012b8   0x080012b8   0x00000080   Code   RO         1233    i.rt_init_stack     RTX_CM3.lib(hal_cm.o)
    0x08001338   0x08001338   0x00000008   Code   RO         1034    i.rt_mbx_check      RTX_CM3.lib(rt_mailbox.o)
    0x08001340   0x08001340   0x0000001a   Code   RO         1035    i.rt_mbx_init       RTX_CM3.lib(rt_mailbox.o)
    0x0800135a   0x0800135a   0x00000002   PAD
    0x0800135c   0x0800135c   0x000000f0   Code   RO         1036    i.rt_mbx_psh        RTX_CM3.lib(rt_mailbox.o)
    0x0800144c   0x0800144c   0x00000098   Code   RO         1037    i.rt_mbx_send       RTX_CM3.lib(rt_mailbox.o)
    0x080014e4   0x080014e4   0x000000b4   Code   RO         1038    i.rt_mbx_wait       RTX_CM3.lib(rt_mailbox.o)
    0x08001598   0x08001598   0x00000044   Code   RO          133    i.rt_ms2tick        RTX_CM3.lib(rt_cmsis.o)
    0x080015dc   0x080015dc   0x00000010   Code   RO          790    i.rt_mut_init       RTX_CM3.lib(rt_mutex.o)
    0x080015ec   0x080015ec   0x000000d8   Code   RO          791    i.rt_mut_release    RTX_CM3.lib(rt_mutex.o)
    0x080016c4   0x080016c4   0x00000078   Code   RO          792    i.rt_mut_wait       RTX_CM3.lib(rt_mutex.o)
    0x0800173c   0x0800173c   0x0000007c   Code   RO          828    i.rt_pop_req        RTX_CM3.lib(rt_system.o)
    0x080017b8   0x080017b8   0x00000020   Code   RO          829    i.rt_psh_req        RTX_CM3.lib(rt_system.o)
    0x080017d8   0x080017d8   0x0000005c   Code   RO          959    i.rt_psq_enq        RTX_CM3.lib(rt_list.o)
    0x08001834   0x08001834   0x00000048   Code   RO          960    i.rt_put_dly        RTX_CM3.lib(rt_list.o)
    0x0800187c   0x0800187c   0x00000036   Code   RO          961    i.rt_put_prio       RTX_CM3.lib(rt_list.o)
    0x080018b2   0x080018b2   0x00000002   PAD
    0x080018b4   0x080018b4   0x00000014   Code   RO          962    i.rt_put_rdy_first  RTX_CM3.lib(rt_list.o)
    0x080018c8   0x080018c8   0x00000034   Code   RO          963    i.rt_resort_prio    RTX_CM3.lib(rt_list.o)
    0x080018fc   0x080018fc   0x00000006   Code   RO         1234    i.rt_ret_val        RTX_CM3.lib(hal_cm.o)
    0x08001902   0x08001902   0x00000008   Code   RO         1235    i.rt_ret_val2       RTX_CM3.lib(hal_cm.o)
    0x0800190a   0x0800190a   0x00000028   Code   RO          964    i.rt_rmv_dly        RTX_CM3.lib(rt_list.o)
    0x08001932   0x08001932   0x00000002   PAD
    0x08001934   0x08001934   0x00000030   Code   RO          965    i.rt_rmv_list       RTX_CM3.lib(rt_list.o)
    0x08001964   0x08001964   0x00000034   Code   RO         1083    i.rt_sem_psh        RTX_CM3.lib(rt_semaphore.o)
    0x08001998   0x08001998   0x00000024   Code   RO          831    i.rt_stk_check      RTX_CM3.lib(rt_system.o)
    0x080019bc   0x080019bc   0x00000028   Code   RO          708    i.rt_switch_req     RTX_CM3.lib(rt_task.o)
    0x080019e4   0x080019e4   0x000000cc   Code   RO          709    i.rt_sys_init       RTX_CM3.lib(rt_task.o)
    0x08001ab0   0x08001ab0   0x00000078   Code   RO          710    i.rt_sys_start      RTX_CM3.lib(rt_task.o)
    0x08001b28   0x08001b28   0x00000040   Code   RO          833    i.rt_systick        RTX_CM3.lib(rt_system.o)
    0x08001b68   0x08001b68   0x00000012   Code   RO          134    i.rt_tid2ptcb       RTX_CM3.lib(rt_cmsis.o)
    0x08001b7a   0x08001b7a   0x00000002   PAD
    0x08001b7c   0x08001b7c   0x00000034   Code   RO          135    i.rt_timer_insert   RTX_CM3.lib(rt_cmsis.o)
    0x08001bb0   0x08001bb0   0x00000088   Code   RO          711    i.rt_tsk_create     RTX_CM3.lib(rt_task.o)
    0x08001c38   0x08001c38   0x0000017c   Code   RO          712    i.rt_tsk_delete     RTX_CM3.lib(rt_task.o)
    0x08001db4   0x08001db4   0x0000007c   Code   RO          714    i.rt_tsk_prio       RTX_CM3.lib(rt_task.o)
    0x08001e30   0x08001e30   0x00000010   Code   RO          715    i.rt_tsk_self       RTX_CM3.lib(rt_task.o)
    0x08001e40   0x08001e40   0x00000070   Code   RO          138    i.svcKernelInitialize  RTX_CM3.lib(rt_cmsis.o)
    0x08001eb0   0x08001eb0   0x00000048   Code   RO          140    i.svcKernelStart    RTX_CM3.lib(rt_cmsis.o)
    0x08001ef8   0x08001ef8   0x00000042   Code   RO          142    i.svcMailCreate     RTX_CM3.lib(rt_cmsis.o)
    0x08001f3a   0x08001f3a   0x00000024   Code   RO          143    i.svcMessageCreate  RTX_CM3.lib(rt_cmsis.o)
    0x08001f5e   0x08001f5e   0x0000003a   Code   RO          144    i.svcMessageGet     RTX_CM3.lib(rt_cmsis.o)
    0x08001f98   0x08001f98   0x00000036   Code   RO          145    i.svcMessagePut     RTX_CM3.lib(rt_cmsis.o)
    0x08001fce   0x08001fce   0x0000001c   Code   RO          146    i.svcMutexCreate    RTX_CM3.lib(rt_cmsis.o)
    0x08001fea   0x08001fea   0x00000022   Code   RO          148    i.svcMutexRelease   RTX_CM3.lib(rt_cmsis.o)
    0x0800200c   0x0800200c   0x0000003a   Code   RO          149    i.svcMutexWait      RTX_CM3.lib(rt_cmsis.o)
    0x08002046   0x08002046   0x00000024   Code   RO          156    i.svcSignalSet      RTX_CM3.lib(rt_cmsis.o)
    0x0800206a   0x0800206a   0x00000002   PAD
    0x0800206c   0x0800206c   0x00000054   Code   RO          157    i.svcSignalWait     RTX_CM3.lib(rt_cmsis.o)
    0x080020c0   0x080020c0   0x0000006c   Code   RO          158    i.svcThreadCreate   RTX_CM3.lib(rt_cmsis.o)
    0x0800212c   0x0800212c   0x0000001c   Code   RO          159    i.svcThreadGetId    RTX_CM3.lib(rt_cmsis.o)
    0x08002148   0x08002148   0x00000038   Code   RO          162    i.svcThreadTerminate  RTX_CM3.lib(rt_cmsis.o)
    0x08002180   0x08002180   0x00000018   Code   RO          164    i.svcTimerCall      RTX_CM3.lib(rt_cmsis.o)
    0x08002198   0x08002198   0x00000058   Code   RO          169    i.sysMailAlloc      RTX_CM3.lib(rt_cmsis.o)
    0x080021f0   0x080021f0   0x00000060   Code   RO          170    i.sysMailFree       RTX_CM3.lib(rt_cmsis.o)
    0x08002250   0x08002250   0x0000005c   Code   RO          173    i.sysTimerTick      RTX_CM3.lib(rt_cmsis.o)
    0x080022ac   0x080022ac   0x00000030   Data   RO            5    .rodata             main.o
    0x080022dc   0x080022dc   0x00000054   Data   RO           38    .rodata             rtx_conf_cm.o
    0x08002330   0x08002330   0x00000010   Data   RO           72    .rodata             system_stm32f10x.o
    0x08002340   0x08002340   0x00000004   Data   RO           39    .rodata.CMSIS_RTOS_API_Version  rtx_conf_cm.o
    0x08002344   0x08002344   0x00000004   Data   RO           40    .rodata.CMSIS_RTOS_RTX_Version  rtx_conf_cm.o
    0x08002348   0x08002348   0x00000004   Data   RO           41    .rodata.os_clockrate  rtx_conf_cm.o
    0x0800234c   0x0800234c   0x00000004   Data   RO           42    .rodata.os_timernum  rtx_conf_cm.o
    0x08002350   0x08002350   0x00000003   Data   RO            6    .rodata.str1.1      main.o
    0x08002353   0x08002353   0x00000001   PAD
    0x08002354   0x08002354   0x00000020   Data   RO         1474    Region$$Table       anon$$obj.o


    Execution Region RW_IRAM1 (Exec base: 0x20000000, Load base: 0x08002378, Size: 0x00004368, Max: 0x00005000, ABSOLUTE)

    Exec Addr    Load Addr    Size         Type   Attr      Idx    E Section Name        Object

    0x20000000   0x08002378   0x00000004   Data   RW            7    .ARM.use_no_argv    main.o
    0x20000004   0x0800237c   0x00000008   Data   RW            4    .data               main.o
    0x2000000c   0x08002384   0x00000004   Data   RW           71    .data               system_stm32f10x.o
    0x20000010   0x08002388   0x00000008   Data   RW          176    .data               RTX_CM3.lib(rt_cmsis.o)
    0x20000018   0x08002390   0x00000008   Data   RW          717    .data               RTX_CM3.lib(rt_task.o)
    0x20000020   0x08002398   0x00000008   Data   RW          836    .data               RTX_CM3.lib(rt_system.o)
    0x20000028   0x080023a0   0x00000004   Data   RW         1126    .data               RTX_CM3.lib(rt_time.o)
    0x2000002c   0x080023a4   0x00000008   Data   RW         1157    .data               RTX_CM3.lib(rt_robin.o)
    0x20000034   0x080023ac   0x00000001   Data   RW         1236    .data               RTX_CM3.lib(hal_cm.o)
    0x20000035   0x080023ad   0x00000003   PAD
    0x20000038        -       0x00000214   Zero   RW            3    .bss                main.o
    0x2000024c   0x080023ad   0x00000004   PAD
    0x20000250        -       0x00003a50   Zero   RW           43    .bss                rtx_conf_cm.o
    0x20003ca0        -       0x00000034   Zero   RW          716    .bss                RTX_CM3.lib(rt_task.o)
    0x20003cd4        -       0x00000030   Zero   RW          966    .bss                RTX_CM3.lib(rt_list.o)
    0x20003d04        -       0x00000060   Zero   RW         1294    .bss                c_w.l(libspace.o)
    0x20003d64   0x080023ad   0x00000004   PAD
    0x20003d68        -       0x00000200   Zero   RW           61    HEAP                startup_stm32f10x_md.o
    0x20003f68        -       0x00000400   Zero   RW           60    STACK               startup_stm32f10x_md.o


==============================================================================

Image component sizes


      Code (inc. data)   RO Data    RW Data    ZI Data      Debug   Object Name

       800         60         51         12        532       6968   main.o
       270          0        100          0      14928       5391   rtx_conf_cm.o
        64         26        236          0       1536        884   startup_stm32f10x_md.o
       362          0         16          4          0       2809   system_stm32f10x.o
       168          0          0          0          0       2018   uart.o

    ----------------------------------------------------------------------
      1672         86        436         16      17000      18070   Object Totals
         0          0         32          0          0          0   (incl. Generated)
         8          0          1          0          4          0   (incl. Padding)

    ----------------------------------------------------------------------

      Code (inc. data)   RO Data    RW Data    ZI Data      Debug   Library Member Name

       238         24          0          1          0       3244   hal_cm.o
       304         36          0          0          0        756   hal_cm3.o
      2044        216          0          8          0      48780   rt_cmsis.o
       272         18          0          0          0       2606   rt_event.o
       530         34          0          0         48       8157   rt_list.o
       706         14          0          0          0       4719   rt_mailbox.o
       140          0          0          0          0       1889   rt_membox.o
       128          0          0          0          0       2267   rt_memory.o
       352         14          0          0          0       2073   rt_mutex.o
        96         22          0          8          0       1134   rt_robin.o
        52          4          0          0          0        565   rt_semaphore.o
       298         52          0          8          0       6139   rt_system.o
      1216        174          0          8         52       9537   rt_task.o
         0          0          0          4          0        206   rt_time.o
         4          4          0          0          0        196   svc_table.o
         8          0          0          0          0         68   __main.o
         0          0          0          0          0          0   __rtentry.o
        20          0          0          0          0          0   __rtentry2.o
         6          0          0          0          0          0   __rtentry4.o
        94          8          0          0          0          0   __scatter.o
        26          0          0          0          0          0   __scatter_copy.o
        28          0          0          0          0          0   __scatter_zi.o
        18          0          0          0          0         80   exit.o
         6          0          0          0          0        152   heapauxi.o
         0          0          0          0          0          0   indicate_semi.o
         2          0          0          0          0          0   libinit.o
         2          0          0          0          0          0   libinit2.o
         2          0          0          0          0          0   libshutdown.o
         2          0          0          0          0          0   libshutdown2.o
         8          4          0          0         96         68   libspace.o
       138          0          0          0          0         68   rt_memcpy_v6.o
       100          0          0          0          0         80   rt_memcpy_w.o
         2          0          0          0          0          0   rtexit.o
        10          0          0          0          0          0   rtexit2.o
        12          4          0          0          0         68   sys_exit.o
        74          0          0          0          0         80   sys_stackheap_outer.o
         2          0          0          0          0         68   use_no_semi.o

    ----------------------------------------------------------------------
      6968        628          0         40        200      93000   Library Totals
        28          0          0          3          4          0   (incl. Padding)

    ----------------------------------------------------------------------

      Code (inc. data)   RO Data    RW Data    ZI Data      Debug   Library Name

      6380        612          0         37        100      92268   RTX_CM3.lib
       560         16          0          0         96        732   c_w.l

    ----------------------------------------------------------------------
      6968        628          0         40        200      93000   Library Totals

    ----------------------------------------------------------------------

==============================================================================


      Code (inc. data)   RO Data    RW Data    ZI Data      Debug   

      8640        714        436         56      17200     105874   Grand Totals
      8640        714        436         56      17200     105874   ELF Image Totals
      8640        714        436         56          0          0   ROM Totals

==============================================================================

    Total RO  Size (Code + RO Data)                 9076 (   8.86kB)
    Total RW  Size (RW Data + ZI Data)             17256 (  16.85kB)
    Total ROM Size (Code + RO Data + RW Data)       9132 (   8.92kB)

==============================================================================

