Component: Arm Compiler for Embedded 6.24 Tool: armlink [5f371500]

==============================================================================

Section Cross References

    main.o(.text) refers (Special) to _printf_percent.o(.ARM.Collect$$_printf_percent$$00000000) for _printf_percent
    main.o(.text) refers (Special) to _printf_d.o(.ARM.Collect$$_printf_percent$$00000009) for _printf_d
    main.o(.text) refers (Special) to _printf_f.o(.ARM.Collect$$_printf_percent$$00000003) for _printf_f
    main.o(.text) refers (Special) to _printf_dec.o(.text) for _printf_int_dec
    main.o(.text) refers (Special) to printf1.o(x$fpl$printf1) for _printf_fp_dec
    main.o(.text) refers to main.o(.bss) for intKey
    main.o(.text) refers to rt_cmsis.o(i.osMessagePut) for osMessagePut
    main.o(.text) refers to rtx_conf_cm.o(.text) for __osSignalWait
    main.o(.text) refers to main.o(.data) for Duty_Cycle_H
    main.o(.text) refers to led_mcbstm32e.o(.text) for LED_On
    main.o(.text) refers to rt_cmsis.o(i.osDelay) for osDelay
    main.o(.text) refers to fflt_clz.o(x$fpl$ffltu) for __aeabi_ui2f
    main.o(.text) refers to fdiv.o(x$fpl$fdiv) for __aeabi_fdiv
    main.o(.text) refers to f2d.o(x$fpl$f2d) for __aeabi_f2d
    main.o(.text) refers to noretval__2sprintf.o(.text) for __2sprintf
    main.o(.text) refers to rt_cmsis.o(i.osMutexWait) for osMutexWait
    main.o(.text) refers to uart.o(.text) for SendChar
    main.o(.text) refers to rt_cmsis.o(i.osMutexRelease) for osMutexRelease
    main.o(.text) refers to rt_cmsis.o(i.osKernelInitialize) for osKernelInitialize
    main.o(.text) refers to main.o(.rodata) for os_messageQ_def_Q_PWM
    main.o(.text) refers to rt_cmsis.o(i.osMessageCreate) for osMessageCreate
    main.o(.text) refers to rt_cmsis.o(i.osMutexCreate) for osMutexCreate
    main.o(.text) refers to rt_cmsis.o(i.osThreadCreate) for osThreadCreate
    main.o(.text) refers to rt_cmsis.o(i.osKernelStart) for osKernelStart
    main.o(.text) refers to rt_cmsis.o(i.osThreadGetId) for osThreadGetId
    main.o(.text) refers to rt_cmsis.o(i.osThreadTerminate) for osThreadTerminate
    main.o(.text) refers to rt_cmsis.o(i.osSignalSet) for osSignalSet
    main.o(.ARM.exidx) refers (Special) to _printf_percent.o(.ARM.Collect$$_printf_percent$$00000000) for _printf_percent
    main.o(.ARM.exidx) refers (Special) to _printf_d.o(.ARM.Collect$$_printf_percent$$00000009) for _printf_d
    main.o(.ARM.exidx) refers (Special) to _printf_f.o(.ARM.Collect$$_printf_percent$$00000003) for _printf_f
    main.o(.ARM.exidx) refers (Special) to _printf_dec.o(.text) for _printf_int_dec
    main.o(.ARM.exidx) refers (Special) to printf1.o(x$fpl$printf1) for _printf_fp_dec
    main.o(.ARM.exidx) refers to main.o(.text) for [Anonymous Symbol]
    main.o(.bss) refers (Special) to _printf_percent.o(.ARM.Collect$$_printf_percent$$00000000) for _printf_percent
    main.o(.bss) refers (Special) to _printf_d.o(.ARM.Collect$$_printf_percent$$00000009) for _printf_d
    main.o(.bss) refers (Special) to _printf_f.o(.ARM.Collect$$_printf_percent$$00000003) for _printf_f
    main.o(.bss) refers (Special) to _printf_dec.o(.text) for _printf_int_dec
    main.o(.bss) refers (Special) to printf1.o(x$fpl$printf1) for _printf_fp_dec
    main.o(.rodata) refers (Special) to _printf_percent.o(.ARM.Collect$$_printf_percent$$00000000) for _printf_percent
    main.o(.rodata) refers (Special) to _printf_d.o(.ARM.Collect$$_printf_percent$$00000009) for _printf_d
    main.o(.rodata) refers (Special) to _printf_f.o(.ARM.Collect$$_printf_percent$$00000003) for _printf_f
    main.o(.rodata) refers (Special) to _printf_dec.o(.text) for _printf_int_dec
    main.o(.rodata) refers (Special) to printf1.o(x$fpl$printf1) for _printf_fp_dec
    main.o(.rodata) refers to main.o(.bss) for os_messageQ_q_Q_PWM
    main.o(.rodata) refers to main.o(.text) for InputHandler_Thread
    main.o(.data) refers (Special) to _printf_percent.o(.ARM.Collect$$_printf_percent$$00000000) for _printf_percent
    main.o(.data) refers (Special) to _printf_d.o(.ARM.Collect$$_printf_percent$$00000009) for _printf_d
    main.o(.data) refers (Special) to _printf_f.o(.ARM.Collect$$_printf_percent$$00000003) for _printf_f
    main.o(.data) refers (Special) to _printf_dec.o(.text) for _printf_int_dec
    main.o(.data) refers (Special) to printf1.o(x$fpl$printf1) for _printf_fp_dec
    main.o(.ARM.use_no_argv) refers (Special) to _printf_percent.o(.ARM.Collect$$_printf_percent$$00000000) for _printf_percent
    main.o(.ARM.use_no_argv) refers (Special) to _printf_d.o(.ARM.Collect$$_printf_percent$$00000009) for _printf_d
    main.o(.ARM.use_no_argv) refers (Special) to _printf_f.o(.ARM.Collect$$_printf_percent$$00000003) for _printf_f
    main.o(.ARM.use_no_argv) refers (Special) to _printf_dec.o(.text) for _printf_int_dec
    main.o(.ARM.use_no_argv) refers (Special) to printf1.o(x$fpl$printf1) for _printf_fp_dec
    uart.o(.ARM.exidx) refers to uart.o(.text) for [Anonymous Symbol]
[...]
    .text                                    0x08000dec   Section        0  noretval__2sprintf.o(.text)
    .text                                    0x08000e14   Section        0  _printf_dec.o(.text)
    .text                                    0x08000e8c   Section        0  __printf_flags_wp.o(.text)
    .text                                    0x08000fc4   Section        0  heapauxi.o(.text)
    .text                                    0x08000fca   Section        0  _printf_intcommon.o(.text)
    _fp_digits                               0x0800107d   Thumb Code   432  _printf_fp_dec.o(.text)
    .text                                    0x0800107c   Section        0  _printf_fp_dec.o(.text)
    _printf_input_char                       0x08001499   Thumb Code    10  _printf_char_common.o(.text)
    .text                                    0x08001498   Section        0  _printf_char_common.o(.text)
    .text                                    0x080014c8   Section        0  _sputc.o(.text)
    .text                                    0x080014d2   Section       10  rt_locale_twolibspace.o(.text)
    .text                                    0x080014dc   Section      138  lludiv10.o(.text)
    .text                                    0x08001568   Section        0  _printf_fp_infnan.o(.text)
    .text                                    0x080015e8   Section        0  bigflt0.o(.text)
    .text                                    0x080016cc   Section       74  sys_stackheap_outer.o(.text)
    .text                                    0x08001716   Section        0  exit.o(.text)
    .text                                    0x08001728   Section      128  strcmpv7m.o(.text)
    .text                                    0x080017a8   Section        0  sys_exit.o(.text)
    .text                                    0x080017b4   Section        2  use_no_semi.o(.text)
    .text                                    0x080017b6   Section        0  indicate_semi.o(.text)
    __tagsym$$used.0                         0x080017b8   Number         0  rtx_conf_cm.o(.text._mutex_acquire)
    [Anonymous Symbol]                       0x080017b8   Section        0  rtx_conf_cm.o(.text._mutex_acquire)
    __tagsym$$used.1                         0x080017dc   Number         0  rtx_conf_cm.o(.text._mutex_release)
    [Anonymous Symbol]                       0x080017dc   Section        0  rtx_conf_cm.o(.text._mutex_release)
    CL$$btod_d2e                             0x080017fa   Section       62  btod.o(CL$$btod_d2e)
    CL$$btod_d2e_denorm_low                  0x08001838   Section       70  btod.o(CL$$btod_d2e_denorm_low)
    CL$$btod_d2e_norm_op1                    0x0800187e   Section       96  btod.o(CL$$btod_d2e_norm_op1)
    CL$$btod_div_common                      0x080018e0   Section      824  btod.o(CL$$btod_div_common)
    CL$$btod_e2e                             0x08001c18   Section      220  btod.o(CL$$btod_e2e)
    CL$$btod_ediv                            0x08001cf4   Section       42  btod.o(CL$$btod_ediv)
    CL$$btod_emul                            0x08001d1e   Section       42  btod.o(CL$$btod_emul)
    CL$$btod_mult_common                     0x08001d48   Section      580  btod.o(CL$$btod_mult_common)
    SVC_TABLE                                0x08001f8c   Section        4  svc_table.o(SVC_TABLE)
    i.__ARM_fpclassify                       0x08001f90   Section        0  fpclassify.o(i.__ARM_fpclassify)
    i._init_box                              0x08001fb8   Section        0  rt_membox.o(i._init_box)
    i._is_digit                              0x08001ffe   Section        0  __printf_wp.o(i._is_digit)
    i.dbg_init                               0x0800200c   Section        0  hal_cm.o(i.dbg_init)
    i.dbg_task_notify                        0x0800203c   Section        0  hal_cm.o(i.dbg_task_notify)
    i.dbg_task_switch                        0x0800205c   Section        0  hal_cm.o(i.dbg_task_switch)
    i.isrMessageGet                          0x0800206c   Section        0  rt_cmsis.o(i.isrMessageGet)
    i.isrMessagePut                          0x08002096   Section        0  rt_cmsis.o(i.isrMessagePut)
    i.isrSignalSet                           0x080020c2   Section        0  rt_cmsis.o(i.isrSignalSet)
    i.isr_evt_set                            0x080020e8   Section        0  rt_event.o(i.isr_evt_set)
    i.isr_mbx_receive                        0x08002110   Section        0  rt_mailbox.o(i.isr_mbx_receive)
    i.isr_mbx_send                           0x08002166   Section        0  rt_mailbox.o(i.isr_mbx_send)
    i.osDelay                                0x08002174   Section        0  rt_cmsis.o(i.osDelay)
    i.osKernelInitialize                     0x0800218c   Section        0  rt_cmsis.o(i.osKernelInitialize)
    i.osKernelStart                          0x080021b0   Section        0  rt_cmsis.o(i.osKernelStart)
    i.osMailGet                              0x0800221c   Section        0  rt_cmsis.o(i.osMailGet)
    i.osMessageCreate                        0x08002234   Section        0  rt_cmsis.o(i.osMessageCreate)
    i.osMessageGet                           0x08002260   Section        0  rt_cmsis.o(i.osMessageGet)
    i.osMessagePut                           0x08002278   Section        0  rt_cmsis.o(i.osMessagePut)
    i.osMutexCreate                          0x08002290   Section        0  rt_cmsis.o(i.osMutexCreate)
    i.osMutexRelease                         0x080022bc   Section        0  rt_cmsis.o(i.osMutexRelease)
    i.osMutexWait                            0x080022d4   Section        0  rt_cmsis.o(i.osMutexWait)
    i.osSignalSet                            0x080022ec   Section        0  rt_cmsis.o(i.osSignalSet)
    i.osSignalWait                           0x08002304   Section        0  rt_cmsis.o(i.osSignalWait)
    i.osThreadCreate                         0x0800231c   Section        0  rt_cmsis.o(i.osThreadCreate)
    i.osThreadExit                           0x08002348   Section        0  rt_cmsis.o(i.osThreadExit)
    i.osThreadGetId                          0x08002360   Section        0  rt_cmsis.o(i.osThreadGetId)
    i.osThreadTerminate                      0x08002378   Section        0  rt_cmsis.o(i.osThreadTerminate)
    i.osTimerCall                            0x08002390   Section        0  rt_cmsis.o(i.osTimerCall)
    i.osTimerThread                          0x0800239c   Section        0  rt_cmsis.o(i.osTimerThread)
    i.os_tick_init                           0x080023c8   Section        0  rt_system.o(i.os_tick_init)
    i.os_tick_irqack                         0x080023f0   Section        0  rt_system.o(i.os_tick_irqack)
    i.rt_alloc_box                           0x080023f2   Section        0  rt_membox.o(i.rt_alloc_box)
    i.rt_alloc_mem                           0x0800240c   Section        0  rt_memory.o(i.rt_alloc_mem)
    i.rt_block                               0x0800244c   Section        0  rt_task.o(i.rt_block)
    i.rt_chk_robin                           0x08002484   Section        0  rt_robin.o(i.rt_chk_robin)
    i.rt_dec_dly                             0x080024cc   Section        0  rt_list.o(i.rt_dec_dly)
    i.rt_dispatch                            0x0800253c   Section        0  rt_task.o(i.rt_dispatch)
    i.rt_dly_wait                            0x08002580   Section        0  rt_time.o(i.rt_dly_wait)
    i.rt_evt_psh                             0x08002588   Section        0  rt_event.o(i.rt_evt_psh)
    i.rt_evt_set                             0x080025d8   Section        0  rt_event.o(i.rt_evt_set)
    i.rt_evt_wait                            0x08002634   Section        0  rt_event.o(i.rt_evt_wait)
    i.rt_free_box                            0x08002670   Section        0  rt_membox.o(i.rt_free_box)
    i.rt_free_mem                            0x0800269c   Section        0  rt_memory.o(i.rt_free_mem)
    i.rt_get_first                           0x080026c4   Section        0  rt_list.o(i.rt_get_first)
    rt_id2obj                                0x080026ed   Thumb Code     8  rt_cmsis.o(i.rt_id2obj)
    i.rt_id2obj                              0x080026ec   Section        0  rt_cmsis.o(i.rt_id2obj)
    rt_init_context                          0x080026f5   Thumb Code    66  rt_task.o(i.rt_init_context)
    i.rt_init_context                        0x080026f4   Section        0  rt_task.o(i.rt_init_context)
    i.rt_init_mem                            0x0800273c   Section        0  rt_memory.o(i.rt_init_mem)
    i.rt_init_robin                          0x08002758   Section        0  rt_robin.o(i.rt_init_robin)
    i.rt_init_stack                          0x08002770   Section        0  hal_cm.o(i.rt_init_stack)
    i.rt_mbx_check                           0x080027f0   Section        0  rt_mailbox.o(i.rt_mbx_check)
    i.rt_mbx_init                            0x080027f8   Section        0  rt_mailbox.o(i.rt_mbx_init)
    i.rt_mbx_psh                             0x08002814   Section        0  rt_mailbox.o(i.rt_mbx_psh)
    i.rt_mbx_send                            0x08002904   Section        0  rt_mailbox.o(i.rt_mbx_send)
    i.rt_mbx_wait                            0x0800299c   Section        0  rt_mailbox.o(i.rt_mbx_wait)
    rt_ms2tick                               0x08002a51   Thumb Code    58  rt_cmsis.o(i.rt_ms2tick)
    i.rt_ms2tick                             0x08002a50   Section        0  rt_cmsis.o(i.rt_ms2tick)
    i.rt_mut_init                            0x08002a94   Section        0  rt_mutex.o(i.rt_mut_init)
    i.rt_mut_release                         0x08002aa4   Section        0  rt_mutex.o(i.rt_mut_release)
    i.rt_mut_wait                            0x08002b7c   Section        0  rt_mutex.o(i.rt_mut_wait)
    i.rt_pop_req                             0x08002bf4   Section        0  rt_system.o(i.rt_pop_req)
    i.rt_psh_req                             0x08002c70   Section        0  rt_system.o(i.rt_psh_req)
    i.rt_psq_enq                             0x08002c90   Section        0  rt_list.o(i.rt_psq_enq)
    i.rt_put_dly                             0x08002cec   Section        0  rt_list.o(i.rt_put_dly)
    i.rt_put_prio                            0x08002d34   Section        0  rt_list.o(i.rt_put_prio)
    i.rt_put_rdy_first                       0x08002d6c   Section        0  rt_list.o(i.rt_put_rdy_first)
    i.rt_resort_prio                         0x08002d80   Section        0  rt_list.o(i.rt_resort_prio)
    i.rt_ret_val                             0x08002db4   Section        0  hal_cm.o(i.rt_ret_val)
    i.rt_ret_val2                            0x08002dba   Section        0  hal_cm.o(i.rt_ret_val2)
    i.rt_rmv_dly                             0x08002dc2   Section        0  rt_list.o(i.rt_rmv_dly)
    i.rt_rmv_list                            0x08002dec   Section        0  rt_list.o(i.rt_rmv_list)
    i.rt_sem_psh                             0x08002e1c   Section        0  rt_semaphore.o(i.rt_sem_psh)
    i.rt_stk_check                           0x08002e50   Section        0  rt_system.o(i.rt_stk_check)
    i.rt_switch_req                          0x08002e74   Section        0  rt_task.o(i.rt_switch_req)
    i.rt_sys_init                            0x08002e9c   Section        0  rt_task.o(i.rt_sys_init)
    i.rt_sys_start                           0x08002f68   Section        0  rt_task.o(i.rt_sys_start)
    i.rt_systick                             0x08002fe0   Section        0  rt_system.o(i.rt_systick)
    rt_tid2ptcb                              0x08003021   Thumb Code    18  rt_cmsis.o(i.rt_tid2ptcb)
    i.rt_tid2ptcb                            0x08003020   Section        0  rt_cmsis.o(i.rt_tid2ptcb)
    rt_timer_insert                          0x08003035   Thumb Code    48  rt_cmsis.o(i.rt_timer_insert)
    i.rt_timer_insert                        0x08003034   Section        0  rt_cmsis.o(i.rt_timer_insert)
    i.rt_tsk_create                          0x08003068   Section        0  rt_task.o(i.rt_tsk_create)
    i.rt_tsk_delete                          0x080030f0   Section        0  rt_task.o(i.rt_tsk_delete)
    i.rt_tsk_prio                            0x0800326c   Section        0  rt_task.o(i.rt_tsk_prio)
    i.rt_tsk_self                            0x080032e8   Section        0  rt_task.o(i.rt_tsk_self)
    i.svcDelay                               0x080032f8   Section        0  rt_cmsis.o(i.svcDelay)
    i.svcKernelInitialize                    0x0800330c   Section        0  rt_cmsis.o(i.svcKernelInitialize)
    i.svcKernelStart                         0x0800337c   Section        0  rt_cmsis.o(i.svcKernelStart)
    i.svcMessageCreate                       0x080033c4   Section        0  rt_cmsis.o(i.svcMessageCreate)
    i.svcMessageGet                          0x080033e8   Section        0  rt_cmsis.o(i.svcMessageGet)
    i.svcMessagePut                          0x08003422   Section        0  rt_cmsis.o(i.svcMessagePut)
    i.svcMutexCreate                         0x08003458   Section        0  rt_cmsis.o(i.svcMutexCreate)
    i.svcMutexRelease                        0x08003474   Section        0  rt_cmsis.o(i.svcMutexRelease)
    i.svcMutexWait                           0x08003496   Section        0  rt_cmsis.o(i.svcMutexWait)
    i.svcSignalSet                           0x080034d0   Section        0  rt_cmsis.o(i.svcSignalSet)
    i.svcSignalWait                          0x080034f4   Section        0  rt_cmsis.o(i.svcSignalWait)
    i.svcThreadCreate                        0x08003548   Section        0  rt_cmsis.o(i.svcThreadCreate)
    i.svcThreadGetId                         0x080035b4   Section        0  rt_cmsis.o(i.svcThreadGetId)
    i.svcThreadTerminate                     0x080035d0   Section        0  rt_cmsis.o(i.svcThreadTerminate)
    i.svcTimerCall                           0x08003608   Section        0  rt_cmsis.o(i.svcTimerCall)
    i.sysTimerTick                           0x08003620   Section        0  rt_cmsis.o(i.sysTimerTick)
    locale$$code                             0x0800367c   Section       44  lc_numeric_c.o(locale$$code)
    x$fpl$dretinf                            0x080036a8   Section       12  dretinf.o(x$fpl$dretinf)
    x$fpl$f2d                                0x080036b4   Section       86  f2d.o(x$fpl$f2d)
    _fdiv1                                   0x0800370d   Thumb Code     0  fdiv.o(x$fpl$fdiv)
    x$fpl$fdiv                               0x0800370c   Section      388  fdiv.o(x$fpl$fdiv)
    x$fpl$ffltu                              0x08003890   Section       38  fflt_clz.o(x$fpl$ffltu)
    x$fpl$fnaninf                            0x080038b6   Section      140  fnaninf.o(x$fpl$fnaninf)
    x$fpl$fretinf                            0x08003942   Section       10  fretinf.o(x$fpl$fretinf)
    x$fpl$printf1                            0x0800394c   Section        4  printf1.o(x$fpl$printf1)
    maptable                                 0x08003950   Data          17  __printf_flags_wp.o(.constdata)
    .constdata                               0x08003950   Section       17  __printf_flags_wp.o(.constdata)
    x$fpl$usenofp                            0x08003950   Section        0  usenofp.o(x$fpl$usenofp)
    tenpwrs_x                                0x08003964   Data          60  bigflt0.o(.constdata)
    .constdata                               0x08003964   Section      148  bigflt0.o(.constdata)
    tenpwrs_i                                0x080039a0   Data          64  bigflt0.o(.constdata)
    .Lswitch.table.GPIO_PinConfigure.1       0x08003ad0   Data          28  gpio_stm32f10x.o(.rodata)
    __tagsym$$used.2                         0x08003afc   Number         0  rtx_conf_cm.o(.rodata.CMSIS_RTOS_API_Version)
    __tagsym$$used.3                         0x08003b00   Number         0  rtx_conf_cm.o(.rodata.CMSIS_RTOS_RTX_Version)
    __tagsym$$used.4                         0x08003b04   Number         0  rtx_conf_cm.o(.rodata.os_clockrate)
    __tagsym$$used.5                         0x08003b08   Number         0  rtx_conf_cm.o(.rodata.os_timernum)
    locale$$data                             0x08003b2c   Section       28  lc_numeric_c.o(locale$$data)
    __lcnum_c_name                           0x08003b30   Data           2  lc_numeric_c.o(locale$$data)
    __lcnum_c_start                          0x08003b38   Data           0  lc_numeric_c.o(locale$$data)
    __lcnum_c_point                          0x08003b44   Data           0  lc_numeric_c.o(locale$$data)
    __lcnum_c_thousands                      0x08003b46   Data           0  lc_numeric_c.o(locale$$data)
    __lcnum_c_grouping                       0x08003b47   Data           0  lc_numeric_c.o(locale$$data)
    __lcnum_c_end                            0x08003b48   Data           0  lc_numeric_c.o(locale$$data)
    .data                                    0x20000014   Section        8  rt_cmsis.o(.data)
    .data                                    0x2000001c   Section        8  rt_task.o(.data)
    os_lock                                  0x20000024   Data           1  rt_system.o(.data)
    .data                                    0x20000024   Section        8  rt_system.o(.data)
    os_psh_flag                              0x20000025   Data           1  rt_system.o(.data)
    pend_flags                               0x20000026   Data           1  rt_system.o(.data)
    .data                                    0x2000002c   Section        4  rt_time.o(.data)
    .data                                    0x20000030   Section        8  rt_robin.o(.data)
    .data                                    0x20000038   Section        1  hal_cm.o(.data)
    [Anonymous Symbol]                       0x200001a0   Section        0  rtx_conf_cm.o(.bss)
    std_libspace                             0x200001c8   Data         672  rtx_conf_cm.o(.bss)
    nr_mutex                                 0x20000468   Data           4  rtx_conf_cm.o(.bss)
    std_libmutex                             0x2000046c   Data         128  rtx_conf_cm.o(.bss)
    .bss                                     0x20002360   Section       52  rt_task.o(.bss)
    .bss                                     0x20002394   Section       48  rt_list.o(.bss)
    .bss                                     0x200023c4   Section       96  libspace.o(.bss)
    Heap_Mem                                 0x20002428   Data         512  startup_stm32f10x_md.o(HEAP)
    HEAP                                     0x20002428   Section      512  startup_stm32f10x_md.o(HEAP)
    Stack_Mem                                0x20002628   Data        1024  startup_stm32f10x_md.o(STACK)
    STACK                                    0x20002628   Section     1024  startup_stm32f10x_md.o(STACK)
    __initial_sp                             0x20002a28   Data           0  startup_stm32f10x_md.o(STACK)

    Global Symbols

    Symbol Name                              Value     Ov Type        Size  Object(Section)

    BuildAttributes$$THM_ISAv4$P$D$K$B$S$PE$A:L22UL41UL21$X:L11$S22US41US21$IEEE1$IW$~IW$USESV6$~STKCKD$USESV7$~SHL$OTIME$ROPI$IEEEJ$EBA8$UX$STANDARDLIB$REQ8$PRES8$EABIv2 0x00000000   Number         0  anon$$obj.o ABSOLUTE
    __fp_init_empty                          0x00000000   Number         0  fpinit_empty.o ABSOLUTE
    _printf_flags                            0x00000000   Number         0  printf_stubs.o ABSOLUTE
    _printf_return_value                     0x00000000   Number         0  printf_stubs.o ABSOLUTE
    _printf_sizespec                         0x00000000   Number         0  printf_stubs.o ABSOLUTE
    _printf_widthprec                        0x00000000   Number         0  printf_stubs.o ABSOLUTE
    __ARM_exceptions_init                     - Undefined Weak Reference
    __alloca_initialize                       - Undefined Weak Reference
    __arm_preinit_                            - Undefined Weak Reference
    __arm_relocate_pie_                       - Undefined Weak Reference
    __cpp_initialize__aeabi_                  - Undefined Weak Reference
    __cxa_finalize                            - Undefined Weak Reference
    __sigvec_lookup                           - Undefined Weak Reference
    _atexit_init                              - Undefined Weak Reference
    _call_atexit_fns                          - Undefined Weak Reference
    _clock_init                               - Undefined Weak Reference
    _fp_trap_init                             - Undefined Weak Reference
    _fp_trap_shutdown                         - Undefined Weak Reference
    _get_lc_collate                           - Undefined Weak Reference
    _get_lc_ctype                             - Undefined Weak Reference
    _get_lc_monetary                          - Undefined Weak Reference
    _get_lc_time                              - Undefined Weak Reference
    _getenv_init                              - Undefined Weak Reference
    _handle_redirection                       - Undefined Weak Reference
    _init_alloc                               - Undefined Weak Reference
    _init_user_alloc                          - Undefined Weak Reference
    _initio                                   - Undefined Weak Reference
    _printf_post_padding                      - Undefined Weak Reference
    _printf_pre_padding                       - Undefined Weak Reference
    _printf_truncate_signed                   - Undefined Weak Reference
    _printf_truncate_unsigned                 - Undefined Weak Reference
    _rand_init                                - Undefined Weak Reference
    _signal_finish                            - Undefined Weak Reference
    _signal_init                              - Undefined Weak Reference
    _terminate_alloc                          - Undefined Weak Reference
    _terminate_user_alloc                     - Undefined Weak Reference
    _terminateio                              - Undefined Weak Reference
    __Vectors_Size                           0x000000ec   Number         0  startup_stm32f10x_md.o ABSOLUTE
    __RL_RTX_VER                             0x00000482   Number         0  rt_system.o ABSOLUTE
    __Vectors                                0x08000000   Data           4  startup_stm32f10x_md.o(RESET)
    __Vectors_End                            0x080000ec   Data           0  startup_stm32f10x_md.o(RESET)
    __main                                   0x080000ed   Thumb Code     8  __main.o(!!!main)
    __scatterload                            0x080000f5   Thumb Code     0  __scatter.o(!!!scatter)
    __scatterload_rt2                        0x080000f5   Thumb Code    84  __scatter.o(!!!scatter)
    __scatterload_rt2_thumb_only             0x080000f5   Thumb Code     0  __scatter.o(!!!scatter)
    __scatterload_loop                       0x080000ff   Thumb Code     0  __scatter.o(!!!scatter)
    __scatterload_copy                       0x08000151   Thumb Code    26  __scatter_copy.o(!!handler_copy)
    __scatterload_null                       0x0800016d   Thumb Code     2  __scatter.o(!!handler_null)
    __scatterload_zeroinit                   0x08000171   Thumb Code    28  __scatter_zi.o(!!handler_zi)
    _printf_f                                0x0800018d   Thumb Code     0  _printf_f.o(.ARM.Collect$$_printf_percent$$00000003)
    _printf_percent                          0x0800018d   Thumb Code     0  _printf_percent.o(.ARM.Collect$$_printf_percent$$00000000)
    _printf_d                                0x08000193   Thumb Code     0  _printf_d.o(.ARM.Collect$$_printf_percent$$00000009)
    _printf_percent_end                      0x08000199   Thumb Code     0  _printf_percent_end.o(.ARM.Collect$$_printf_percent$$00000017)
    __rt_lib_init                            0x0800019d   Thumb Code     0  libinit.o(.ARM.Collect$$libinit$$00000000)
    __rt_lib_init_fp_1                       0x0800019f   Thumb Code     0  libinit2.o(.ARM.Collect$$libinit$$00000002)
    __rt_lib_init_heap_1                     0x0800019f   Thumb Code     0  libinit2.o(.ARM.Collect$$libinit$$0000000C)
    __rt_lib_init_lc_common                  0x0800019f   Thumb Code     0  libinit2.o(.ARM.Collect$$libinit$$00000011)
    __rt_lib_init_preinit_1                  0x0800019f   Thumb Code     0  libinit2.o(.ARM.Collect$$libinit$$00000006)
    __rt_lib_init_rand_1                     0x0800019f   Thumb Code     0  libinit2.o(.ARM.Collect$$libinit$$00000010)
    __rt_lib_init_relocate_pie_1             0x0800019f   Thumb Code     0  libinit2.o(.ARM.Collect$$libinit$$00000004)
    __rt_lib_init_user_alloc_1               0x0800019f   Thumb Code     0  libinit2.o(.ARM.Collect$$libinit$$0000000E)
    __rt_lib_init_lc_collate_1               0x080001a5   Thumb Code     0  libinit2.o(.ARM.Collect$$libinit$$00000013)
    __rt_lib_init_lc_ctype_1                 0x080001a5   Thumb Code     0  libinit2.o(.ARM.Collect$$libinit$$00000015)
    __rt_lib_init_lc_monetary_1              0x080001a5   Thumb Code     0  libinit2.o(.ARM.Collect$$libinit$$00000017)
    __rt_lib_init_lc_numeric_2               0x080001a5   Thumb Code     0  libinit2.o(.ARM.Collect$$libinit$$00000018)
    __rt_lib_init_alloca_1                   0x080001af   Thumb Code     0  libinit2.o(.ARM.Collect$$libinit$$00000030)
    __rt_lib_init_argv_1                     0x080001af   Thumb Code     0  libinit2.o(.ARM.Collect$$libinit$$0000002E)
    __rt_lib_init_atexit_1                   0x080001af   Thumb Code     0  libinit2.o(.ARM.Collect$$libinit$$0000001D)
    __rt_lib_init_clock_1                    0x080001af   Thumb Code     0  libinit2.o(.ARM.Collect$$libinit$$00000023)
    __rt_lib_init_cpp_1                      0x080001af   Thumb Code     0  libinit2.o(.ARM.Collect$$libinit$$00000034)
    __rt_lib_init_exceptions_1               0x080001af   Thumb Code     0  libinit2.o(.ARM.Collect$$libinit$$00000032)
    __rt_lib_init_fp_trap_1                  0x080001af   Thumb Code     0  libinit2.o(.ARM.Collect$$libinit$$00000021)
    __rt_lib_init_getenv_1                   0x080001af   Thumb Code     0  libinit2.o(.ARM.Collect$$libinit$$00000025)
    __rt_lib_init_lc_numeric_1               0x080001af   Thumb Code     0  libinit2.o(.ARM.Collect$$libinit$$00000019)
    __rt_lib_init_lc_time_1                  0x080001af   Thumb Code     0  libinit2.o(.ARM.Collect$$libinit$$0000001B)
    __rt_lib_init_return                     0x080001af   Thumb Code     0  libinit2.o(.ARM.Collect$$libinit$$00000035)
    __rt_lib_init_signal_1                   0x080001af   Thumb Code     0  libinit2.o(.ARM.Collect$$libinit$$0000001F)
    __rt_lib_init_stdio_1                    0x080001af   Thumb Code     0  libinit2.o(.ARM.Collect$$libinit$$00000027)
    __rt_lib_shutdown                        0x080001b1   Thumb Code     0  libshutdown.o(.ARM.Collect$$libshutdown$$00000000)
    __rt_lib_shutdown_cpp_1                  0x080001b3   Thumb Code     0  libshutdown2.o(.ARM.Collect$$libshutdown$$00000002)
    __rt_lib_shutdown_fp_trap_1              0x080001b3   Thumb Code     0  libshutdown2.o(.ARM.Collect$$libshutdown$$00000007)
    __rt_lib_shutdown_heap_1                 0x080001b3   Thumb Code     0  libshutdown2.o(.ARM.Collect$$libshutdown$$0000000F)
    __rt_lib_shutdown_return                 0x080001b3   Thumb Code     0  libshutdown2.o(.ARM.Collect$$libshutdown$$00000010)
    __rt_lib_shutdown_signal_1               0x080001b3   Thumb Code     0  libshutdown2.o(.ARM.Collect$$libshutdown$$0000000A)
    __rt_lib_shutdown_stdio_1                0x080001b3   Thumb Code     0  libshutdown2.o(.ARM.Collect$$libshutdown$$00000004)
    __rt_lib_shutdown_user_alloc_1           0x080001b3   Thumb Code     0  libshutdown2.o(.ARM.Collect$$libshutdown$$0000000C)
    __rt_entry                               0x080001b5   Thumb Code     0  __rtentry.o(.ARM.Collect$$rtentry$$00000000)
    __rt_entry_presh_1                       0x080001b5   Thumb Code     0  __rtentry2.o(.ARM.Collect$$rtentry$$00000002)
    __rt_entry_sh                            0x080001b5   Thumb Code     0  __rtentry4.o(.ARM.Collect$$rtentry$$00000004)
    __rt_entry_li                            0x080001bb   Thumb Code     0  __rtentry2.o(.ARM.Collect$$rtentry$$0000000A)
    __rt_entry_postsh_1                      0x080001bb   Thumb Code     0  __rtentry2.o(.ARM.Collect$$rtentry$$00000009)
    __rt_entry_postli_1                      0x080001bf   Thumb Code     0  __rtentry2.o(.ARM.Collect$$rtentry$$0000000B)
    __rt_entry_main                          0x080001c7   Thumb Code     0  __rtentry2.o(.ARM.Collect$$rtentry$$0000000D)
    __rt_exit                                0x080001cf   Thumb Code     0  rtexit.o(.ARM.Collect$$rtexit$$00000000)
    __rt_exit_ls                             0x080001d1   Thumb Code     0  rtexit2.o(.ARM.Collect$$rtexit$$00000003)
    __rt_exit_prels_1                        0x080001d1   Thumb Code     0  rtexit2.o(.ARM.Collect$$rtexit$$00000002)
    __rt_exit_exit                           0x080001d5   Thumb Code     0  rtexit2.o(.ARM.Collect$$rtexit$$00000004)
    rt_set_PSP                               0x080001dd   Thumb Code     6  hal_cm3.o(.emb_text)
    rt_get_PSP                               0x080001e3   Thumb Code     6  hal_cm3.o(.emb_text)
    os_set_env                               0x080001e9   Thumb Code    24  hal_cm3.o(.emb_text)
    _alloc_box                               0x08000205   Thumb Code    28  hal_cm3.o(.emb_text)
    _free_box                                0x08000225   Thumb Code    28  hal_cm3.o(.emb_text)
    SVC_Handler                              0x08000245   Thumb Code   108  hal_cm3.o(.emb_text)
    PendSV_Handler                           0x080002bd   Thumb Code    56  hal_cm3.o(.emb_text)
    SysTick_Handler                          0x080002f9   Thumb Code     8  hal_cm3.o(.emb_text)
    OS_Tick_Handler                          0x08000301   Thumb Code    12  hal_cm3.o(.emb_text)
    InputHandler_Thread                      0x0800030d   Thumb Code    84  main.o(.text)
    PWM_Thread                               0x08000361   Thumb Code   364  main.o(.text)
    Sawtooth_Thread                          0x0800052d   Thumb Code   292  main.o(.text)
    SendText                                 0x080006b1   Thumb Code    32  main.o(.text)
    main                                     0x080006d1   Thumb Code   226  main.o(.text)
    USART1_IRQHandler                        0x080007b5   Thumb Code    36  main.o(.text)
    USART1_Init                              0x080007d9   Thumb Code   128  uart.o(.text)
    SendChar                                 0x08000859   Thumb Code    18  uart.o(.text)
    GetKey                                   0x0800086d   Thumb Code    20  uart.o(.text)
    LED_Initialize                           0x08000881   Thumb Code    66  led_mcbstm32e.o(.text)
    LED_Uninitialize                         0x080008c5   Thumb Code    40  led_mcbstm32e.o(.text)
    LED_On                                   0x080008ed   Thumb Code    28  led_mcbstm32e.o(.text)
    LED_Off                                  0x08000909   Thumb Code    30  led_mcbstm32e.o(.text)
    LED_SetOut                               0x08000929   Thumb Code    54  led_mcbstm32e.o(.text)
    LED_GetCount                             0x08000961   Thumb Code     4  led_mcbstm32e.o(.text)
    os_idle_demon                            0x08000965   Thumb Code     2  rtx_conf_cm.o(.text)
    os_error                                 0x08000969   Thumb Code     2  rtx_conf_cm.o(.text)
    __user_perthread_libspace                0x0800096d   Thumb Code    62  rtx_conf_cm.o(.text)
    _mutex_initialize                        0x080009ad   Thumb Code    48  rtx_conf_cm.o(.text)
    __osSignalWait                           0x080009dd   Thumb Code    18  rtx_conf_cm.o(.text)
    __osMessageGet                           0x080009f1   Thumb Code    18  rtx_conf_cm.o(.text)
    __osMailGet                              0x08000a05   Thumb Code    18  rtx_conf_cm.o(.text)
    _platform_post_lib_init                  0x08000a19   Thumb Code    26  rtx_conf_cm.o(.text)
    GPIO_PortClock                           0x08000a35   Thumb Code   170  gpio_stm32f10x.o(.text)
    GPIO_GetPortClockState                   0x08000ae1   Thumb Code    50  gpio_stm32f10x.o(.text)
    GPIO_PinConfigure                        0x08000b15   Thumb Code   164  gpio_stm32f10x.o(.text)
    GPIO_AFConfigure                         0x08000bb9   Thumb Code   128  gpio_stm32f10x.o(.text)
    Reset_Handler                            0x08000c39   Thumb Code     8  startup_stm32f10x_md.o(.text)
    NMI_Handler                              0x08000c41   Thumb Code     2  startup_stm32f10x_md.o(.text)
    HardFault_Handler                        0x08000c43   Thumb Code     2  startup_stm32f10x_md.o(.text)
    MemManage_Handler                        0x08000c45   Thumb Code     2  startup_stm32f10x_md.o(.text)
    BusFault_Handler                         0x08000c47   Thumb Code     2  startup_stm32f10x_md.o(.text)
    UsageFault_Handler                       0x08000c49   Thumb Code     2  startup_stm32f10x_md.o(.text)
    DebugMon_Handler                         0x08000c4d   Thumb Code     2  startup_stm32f10x_md.o(.text)
    ADC1_2_IRQHandler                        0x08000c53   Thumb Code     0  startup_stm32f10x_md.o(.text)
    CAN1_RX1_IRQHandler                      0x08000c53   Thumb Code     0  startup_stm32f10x_md.o(.text)
    CAN1_SCE_IRQHandler                      0x08000c53   Thumb Code     0  startup_stm32f10x_md.o(.text)
    DMA1_Channel1_IRQHandler                 0x08000c53   Thumb Code     0  startup_stm32f10x_md.o(.text)
    DMA1_Channel2_IRQHandler                 0x08000c53   Thumb Code     0  startup_stm32f10x_md.o(.text)
    DMA1_Channel3_IRQHandler                 0x08000c53   Thumb Code     0  startup_stm32f10x_md.o(.text)
    DMA1_Channel4_IRQHandler                 0x08000c53   Thumb Code     0  startup_stm32f10x_md.o(.text)
    DMA1_Channel5_IRQHandler                 0x08000c53   Thumb Code     0  startup_stm32f10x_md.o(.text)
    DMA1_Channel6_IRQHandler                 0x08000c53   Thumb Code     0  startup_stm32f10x_md.o(.text)
    DMA1_Channel7_IRQHandler                 0x08000c53   Thumb Code     0  startup_stm32f10x_md.o(.text)
    EXTI0_IRQHandler                         0x08000c53   Thumb Code     0  startup_stm32f10x_md.o(.text)
    EXTI15_10_IRQHandler                     0x08000c53   Thumb Code     0  startup_stm32f10x_md.o(.text)
    EXTI1_IRQHandler                         0x08000c53   Thumb Code     0  startup_stm32f10x_md.o(.text)
    EXTI2_IRQHandler                         0x08000c53   Thumb Code     0  startup_stm32f10x_md.o(.text)
    EXTI3_IRQHandler                         0x08000c53   Thumb Code     0  startup_stm32f10x_md.o(.text)
    EXTI4_IRQHandler                         0x08000c53   Thumb Code     0  startup_stm32f10x_md.o(.text)
    EXTI9_5_IRQHandler                       0x08000c53   Thumb Code     0  startup_stm32f10x_md.o(.text)
    FLASH_IRQHandler                         0x08000c53   Thumb Code     0  startup_stm32f10x_md.o(.text)
    I2C1_ER_IRQHandler                       0x08000c53   Thumb Code     0  startup_stm32f10x_md.o(.text)
    I2C1_EV_IRQHandler                       0x08000c53   Thumb Code     0  startup_stm32f10x_md.o(.text)
    I2C2_ER_IRQHandler                       0x08000c53   Thumb Code     0  startup_stm32f10x_md.o(.text)
    I2C2_EV_IRQHandler                       0x08000c53   Thumb Code     0  startup_stm32f10x_md.o(.text)
    PVD_IRQHandler                           0x08000c53   Thumb Code     0  startup_stm32f10x_md.o(.text)
    RCC_IRQHandler                           0x08000c53   Thumb Code     0  startup_stm32f10x_md.o(.text)
    RTCAlarm_IRQHandler                      0x08000c53   Thumb Code     0  startup_stm32f10x_md.o(.text)
    RTC_IRQHandler                           0x08000c53   Thumb Code     0  startup_stm32f10x_md.o(.text)
    SPI1_IRQHandler                          0x08000c53   Thumb Code     0  startup_stm32f10x_md.o(.text)
    SPI2_IRQHandler                          0x08000c53   Thumb Code     0  startup_stm32f10x_md.o(.text)
    TAMPER_IRQHandler                        0x08000c53   Thumb Code     0  startup_stm32f10x_md.o(.text)
    TIM1_BRK_IRQHandler                      0x08000c53   Thumb Code     0  startup_stm32f10x_md.o(.text)
    TIM1_CC_IRQHandler                       0x08000c53   Thumb Code     0  startup_stm32f10x_md.o(.text)
    TIM1_TRG_COM_IRQHandler                  0x08000c53   Thumb Code     0  startup_stm32f10x_md.o(.text)
    TIM1_UP_IRQHandler                       0x08000c53   Thumb Code     0  startup_stm32f10x_md.o(.text)
    TIM2_IRQHandler                          0x08000c53   Thumb Code     0  startup_stm32f10x_md.o(.text)
    TIM3_IRQHandler                          0x08000c53   Thumb Code     0  startup_stm32f10x_md.o(.text)
    TIM4_IRQHandler                          0x08000c53   Thumb Code     0  startup_stm32f10x_md.o(.text)
    USART2_IRQHandler                        0x08000c53   Thumb Code     0  startup_stm32f10x_md.o(.text)
    USART3_IRQHandler                        0x08000c53   Thumb Code     0  startup_stm32f10x_md.o(.text)
    USBWakeUp_IRQHandler                     0x08000c53   Thumb Code     0  startup_stm32f10x_md.o(.text)
    USB_HP_CAN1_TX_IRQHandler                0x08000c53   Thumb Code     0  startup_stm32f10x_md.o(.text)
    USB_LP_CAN1_RX0_IRQHandler               0x08000c53   Thumb Code     0  startup_stm32f10x_md.o(.text)
    WWDG_IRQHandler                          0x08000c53   Thumb Code     0  startup_stm32f10x_md.o(.text)
    __user_initial_stackheap                 0x08000c55   Thumb Code     0  startup_stm32f10x_md.o(.text)
    SystemInit                               0x08000c79   Thumb Code   268  system_stm32f10x.o(.text)
    SystemCoreClockUpdate                    0x08000d85   Thumb Code    94  system_stm32f10x.o(.text)
    __user_libspace                          0x08000de5   Thumb Code     8  libspace.o(.text)
    __user_perproc_libspace                  0x08000de5   Thumb Code     0  libspace.o(.text)
    __2sprintf                               0x08000ded   Thumb Code    34  noretval__2sprintf.o(.text)
    _printf_int_dec                          0x08000e15   Thumb Code   104  _printf_dec.o(.text)
    __printf                                 0x08000e8d   Thumb Code   308  __printf_flags_wp.o(.text)
    __use_two_region_memory                  0x08000fc5   Thumb Code     2  heapauxi.o(.text)
    __rt_heap_escrow$2region                 0x08000fc7   Thumb Code     2  heapauxi.o(.text)
    __rt_heap_expand$2region                 0x08000fc9   Thumb Code     2  heapauxi.o(.text)
    _printf_int_common                       0x08000fcb   Thumb Code   178  _printf_intcommon.o(.text)
    _printf_fp_dec_real                      0x0800122d   Thumb Code   620  _printf_fp_dec.o(.text)
    _printf_char_common                      0x080014a3   Thumb Code    32  _printf_char_common.o(.text)
    _sputc                                   0x080014c9   Thumb Code    10  _sputc.o(.text)
    __rt_locale                              0x080014d3   Thumb Code    10  rt_locale_twolibspace.o(.text)
    _ll_udiv10                               0x080014dd   Thumb Code   138  lludiv10.o(.text)
    _printf_fp_infnan                        0x08001569   Thumb Code   112  _printf_fp_infnan.o(.text)
    _btod_etento                             0x080015e9   Thumb Code   224  bigflt0.o(.text)
    __user_setup_stackheap                   0x080016cd   Thumb Code    74  sys_stackheap_outer.o(.text)
    exit                                     0x08001717   Thumb Code    18  exit.o(.text)
    strcmp                                   0x08001729   Thumb Code   128  strcmpv7m.o(.text)
    _sys_exit                                0x080017a9   Thumb Code     8  sys_exit.o(.text)
    __I$use$semihosting                      0x080017b5   Thumb Code     0  use_no_semi.o(.text)
    __use_no_semihosting_swi                 0x080017b5   Thumb Code     2  use_no_semi.o(.text)
    __semihosting_library_function           0x080017b7   Thumb Code     0  indicate_semi.o(.text)
    _mutex_acquire                           0x080017b9   Thumb Code    34  rtx_conf_cm.o(.text._mutex_acquire)
    _mutex_release                           0x080017dd   Thumb Code    30  rtx_conf_cm.o(.text._mutex_release)
    _btod_d2e                                0x080017fb   Thumb Code    62  btod.o(CL$$btod_d2e)
    _d2e_denorm_low                          0x08001839   Thumb Code    70  btod.o(CL$$btod_d2e_denorm_low)
    _d2e_norm_op1                            0x0800187f   Thumb Code    96  btod.o(CL$$btod_d2e_norm_op1)
    __btod_div_common                        0x080018e1   Thumb Code   696  btod.o(CL$$btod_div_common)
    _e2e                                     0x08001c19   Thumb Code   220  btod.o(CL$$btod_e2e)
    _btod_ediv                               0x08001cf5   Thumb Code    42  btod.o(CL$$btod_ediv)
    _btod_emul                               0x08001d1f   Thumb Code    42  btod.o(CL$$btod_emul)
    __btod_mult_common                       0x08001d49   Thumb Code   580  btod.o(CL$$btod_mult_common)
    SVC_Count                                0x08001f8c   Data           4  svc_table.o(SVC_TABLE)
    SVC_Table                                0x08001f90   Data           0  svc_table.o(SVC_TABLE)
    __ARM_fpclassify                         0x08001f91   Thumb Code    40  fpclassify.o(i.__ARM_fpclassify)
    _init_box                                0x08001fb9   Thumb Code    70  rt_membox.o(i._init_box)
    _is_digit                                0x08001fff   Thumb Code    14  __printf_wp.o(i._is_digit)
    dbg_init                                 0x0800200d   Thumb Code    34  hal_cm.o(i.dbg_init)
    dbg_task_notify                          0x0800203d   Thumb Code    32  hal_cm.o(i.dbg_task_notify)
    dbg_task_switch                          0x0800205d   Thumb Code    16  hal_cm.o(i.dbg_task_switch)
    isrMessageGet                            0x0800206d   Thumb Code    42  rt_cmsis.o(i.isrMessageGet)
    isrMessagePut                            0x08002097   Thumb Code    44  rt_cmsis.o(i.isrMessagePut)
    isrSignalSet                             0x080020c3   Thumb Code    36  rt_cmsis.o(i.isrSignalSet)
    isr_evt_set                              0x080020e9   Thumb Code    34  rt_event.o(i.isr_evt_set)
    isr_mbx_receive                          0x08002111   Thumb Code    86  rt_mailbox.o(i.isr_mbx_receive)
    isr_mbx_send                             0x08002167   Thumb Code    14  rt_mailbox.o(i.isr_mbx_send)
    osDelay                                  0x08002175   Thumb Code    18  rt_cmsis.o(i.osDelay)
    osKernelInitialize                       0x0800218d   Thumb Code    30  rt_cmsis.o(i.osKernelInitialize)
    osKernelStart                            0x080021b1   Thumb Code    98  rt_cmsis.o(i.osKernelStart)
    osMailGet                                0x0800221d   Thumb Code    22  rt_cmsis.o(i.osMailGet)
    osMessageCreate                          0x08002235   Thumb Code    36  rt_cmsis.o(i.osMessageCreate)
    osMessageGet                             0x08002261   Thumb Code    18  rt_cmsis.o(i.osMessageGet)
    osMessagePut                             0x08002279   Thumb Code    18  rt_cmsis.o(i.osMessagePut)
    osMutexCreate                            0x08002291   Thumb Code    36  rt_cmsis.o(i.osMutexCreate)
    osMutexRelease                           0x080022bd   Thumb Code    18  rt_cmsis.o(i.osMutexRelease)
    osMutexWait                              0x080022d5   Thumb Code    18  rt_cmsis.o(i.osMutexWait)
    osSignalSet                              0x080022ed   Thumb Code    18  rt_cmsis.o(i.osSignalSet)
    osSignalWait                             0x08002305   Thumb Code    18  rt_cmsis.o(i.osSignalWait)
    osThreadCreate                           0x0800231d   Thumb Code    36  rt_cmsis.o(i.osThreadCreate)
    osThreadExit                             0x08002349   Thumb Code    14  rt_cmsis.o(i.osThreadExit)
    osThreadGetId                            0x08002361   Thumb Code    18  rt_cmsis.o(i.osThreadGetId)
    osThreadTerminate                        0x08002379   Thumb Code    18  rt_cmsis.o(i.osThreadTerminate)
    osTimerCall                              0x08002391   Thumb Code     8  rt_cmsis.o(i.osTimerCall)
    osTimerThread                            0x0800239d   Thumb Code    38  rt_cmsis.o(i.osTimerThread)
    os_tick_init                             0x080023c9   Thumb Code    32  rt_system.o(i.os_tick_init)
    os_tick_irqack                           0x080023f1   Thumb Code     2  rt_system.o(i.os_tick_irqack)
    rt_alloc_box                             0x080023f3   Thumb Code    26  rt_membox.o(i.rt_alloc_box)
    rt_alloc_mem                             0x0800240d   Thumb Code    62  rt_memory.o(i.rt_alloc_mem)
    rt_block                                 0x0800244d   Thumb Code    48  rt_task.o(i.rt_block)
    rt_chk_robin                             0x08002485   Thumb Code    60  rt_robin.o(i.rt_chk_robin)
    rt_dec_dly                               0x080024cd   Thumb Code   102  rt_list.o(i.rt_dec_dly)
    rt_dispatch                              0x0800253d   Thumb Code    60  rt_task.o(i.rt_dispatch)
    rt_dly_wait                              0x08002581   Thumb Code     6  rt_time.o(i.rt_dly_wait)
    rt_evt_psh                               0x08002589   Thumb Code    76  rt_event.o(i.rt_evt_psh)
    rt_evt_set                               0x080025d9   Thumb Code    88  rt_event.o(i.rt_evt_set)
    rt_evt_wait                              0x08002635   Thumb Code    56  rt_event.o(i.rt_evt_wait)
    rt_free_box                              0x08002671   Thumb Code    44  rt_membox.o(i.rt_free_box)
    rt_free_mem                              0x0800269d   Thumb Code    40  rt_memory.o(i.rt_free_mem)
    rt_get_first                             0x080026c5   Thumb Code    40  rt_list.o(i.rt_get_first)
    rt_init_mem                              0x0800273d   Thumb Code    26  rt_memory.o(i.rt_init_mem)
    rt_init_robin                            0x08002759   Thumb Code    14  rt_robin.o(i.rt_init_robin)
    rt_init_stack                            0x08002771   Thumb Code   118  hal_cm.o(i.rt_init_stack)
    rt_mbx_check                             0x080027f1   Thumb Code     8  rt_mailbox.o(i.rt_mbx_check)
    rt_mbx_init                              0x080027f9   Thumb Code    26  rt_mailbox.o(i.rt_mbx_init)
    rt_mbx_psh                               0x08002815   Thumb Code   236  rt_mailbox.o(i.rt_mbx_psh)
    rt_mbx_send                              0x08002905   Thumb Code   148  rt_mailbox.o(i.rt_mbx_send)
    rt_mbx_wait                              0x0800299d   Thumb Code   174  rt_mailbox.o(i.rt_mbx_wait)
    rt_mut_init                              0x08002a95   Thumb Code    16  rt_mutex.o(i.rt_mut_init)
    rt_mut_release                           0x08002aa5   Thumb Code   208  rt_mutex.o(i.rt_mut_release)
    rt_mut_wait                              0x08002b7d   Thumb Code   114  rt_mutex.o(i.rt_mut_wait)
    rt_pop_req                               0x08002bf5   Thumb Code   112  rt_system.o(i.rt_pop_req)
    rt_psh_req                               0x08002c71   Thumb Code    22  rt_system.o(i.rt_psh_req)
    rt_psq_enq                               0x08002c91   Thumb Code    88  rt_list.o(i.rt_psq_enq)
    rt_put_dly                               0x08002ced   Thumb Code    68  rt_list.o(i.rt_put_dly)
    rt_put_prio                              0x08002d35   Thumb Code    54  rt_list.o(i.rt_put_prio)
    rt_put_rdy_first                         0x08002d6d   Thumb Code    14  rt_list.o(i.rt_put_rdy_first)
    rt_resort_prio                           0x08002d81   Thumb Code    46  rt_list.o(i.rt_resort_prio)
    rt_ret_val                               0x08002db5   Thumb Code     6  hal_cm.o(i.rt_ret_val)
    rt_ret_val2                              0x08002dbb   Thumb Code     8  hal_cm.o(i.rt_ret_val2)
    rt_rmv_dly                               0x08002dc3   Thumb Code    40  rt_list.o(i.rt_rmv_dly)
    rt_rmv_list                              0x08002ded   Thumb Code    44  rt_list.o(i.rt_rmv_list)
    rt_sem_psh                               0x08002e1d   Thumb Code    48  rt_semaphore.o(i.rt_sem_psh)
    rt_stk_check                             0x08002e51   Thumb Code    28  rt_system.o(i.rt_stk_check)
    rt_switch_req                            0x08002e75   Thumb Code    30  rt_task.o(i.rt_switch_req)
    rt_sys_init                              0x08002e9d   Thumb Code   138  rt_task.o(i.rt_sys_init)
    rt_sys_start                             0x08002f69   Thumb Code   110  rt_task.o(i.rt_sys_start)
    rt_systick                               0x08002fe1   Thumb Code    50  rt_system.o(i.rt_systick)
    rt_tsk_create                            0x08003069   Thumb Code   118  rt_task.o(i.rt_tsk_create)
    rt_tsk_delete                            0x080030f1   Thumb Code   352  rt_task.o(i.rt_tsk_delete)
    rt_tsk_prio                              0x0800326d   Thumb Code   108  rt_task.o(i.rt_tsk_prio)
    rt_tsk_self                              0x080032e9   Thumb Code    12  rt_task.o(i.rt_tsk_self)
    svcDelay                                 0x080032f9   Thumb Code    18  rt_cmsis.o(i.svcDelay)
    svcKernelInitialize                      0x0800330d   Thumb Code    80  rt_cmsis.o(i.svcKernelInitialize)
    svcKernelStart                           0x0800337d   Thumb Code    62  rt_cmsis.o(i.svcKernelStart)
    svcMessageCreate                         0x080033c5   Thumb Code    36  rt_cmsis.o(i.svcMessageCreate)
    svcMessageGet                            0x080033e9   Thumb Code    58  rt_cmsis.o(i.svcMessageGet)
    svcMessagePut                            0x08003423   Thumb Code    54  rt_cmsis.o(i.svcMessagePut)
    svcMutexCreate                           0x08003459   Thumb Code    28  rt_cmsis.o(i.svcMutexCreate)
    svcMutexRelease                          0x08003475   Thumb Code    34  rt_cmsis.o(i.svcMutexRelease)
    svcMutexWait                             0x08003497   Thumb Code    58  rt_cmsis.o(i.svcMutexWait)
    svcSignalSet                             0x080034d1   Thumb Code    36  rt_cmsis.o(i.svcSignalSet)
    svcSignalWait                            0x080034f5   Thumb Code    80  rt_cmsis.o(i.svcSignalWait)
    svcThreadCreate                          0x08003549   Thumb Code    96  rt_cmsis.o(i.svcThreadCreate)
    svcThreadGetId                           0x080035b5   Thumb Code    22  rt_cmsis.o(i.svcThreadGetId)
    svcThreadTerminate                       0x080035d1   Thumb Code    50  rt_cmsis.o(i.svcThreadTerminate)
    svcTimerCall                             0x08003609   Thumb Code    24  rt_cmsis.o(i.svcTimerCall)
    sysTimerTick                             0x08003621   Thumb Code    84  rt_cmsis.o(i.sysTimerTick)
    _get_lc_numeric                          0x0800367d   Thumb Code    44  lc_numeric_c.o(locale$$code)
    __fpl_dretinf                            0x080036a9   Thumb Code    12  dretinf.o(x$fpl$dretinf)
    __aeabi_f2d                              0x080036b5   Thumb Code     0  f2d.o(x$fpl$f2d)
    _f2d                                     0x080036b5   Thumb Code    86  f2d.o(x$fpl$f2d)
    __aeabi_fdiv                             0x0800370d   Thumb Code     0  fdiv.o(x$fpl$fdiv)
    _fdiv                                    0x0800370d   Thumb Code   384  fdiv.o(x$fpl$fdiv)
    __aeabi_ui2f                             0x08003891   Thumb Code     0  fflt_clz.o(x$fpl$ffltu)
    _ffltu                                   0x08003891   Thumb Code    38  fflt_clz.o(x$fpl$ffltu)
    __fpl_fnaninf                            0x080038b7   Thumb Code   140  fnaninf.o(x$fpl$fnaninf)
    __fpl_fretinf                            0x08003943   Thumb Code    10  fretinf.o(x$fpl$fretinf)
    _printf_fp_dec                           0x0800394d   Thumb Code     4  printf1.o(x$fpl$printf1)
    __I$use$fp                               0x08003950   Number         0  usenofp.o(x$fpl$usenofp)
    os_messageQ_def_Q_PWM                    0x080039f8   Data           8  main.o(.rodata)
    os_messageQ_def_Q_Sawtooth               0x08003a00   Data           8  main.o(.rodata)
    os_thread_def_InputHandler_Thread        0x08003a08   Data          16  main.o(.rodata)
    os_thread_def_PWM_Thread                 0x08003a18   Data          16  main.o(.rodata)
    os_thread_def_Sawtooth_Thread            0x08003a28   Data          16  main.o(.rodata)
    os_mutex_def_uart_mutex                  0x08003a38   Data           4  main.o(.rodata)
    Pin_LED                                  0x08003a3c   Data          64  led_mcbstm32e.o(.rodata)
    os_maxtaskrun                            0x08003a7c   Data           2  rtx_conf_cm.o(.rodata)
    os_stackinfo                             0x08003a80   Data           4  rtx_conf_cm.o(.rodata)
    os_rrobin                                0x08003a84   Data           4  rtx_conf_cm.o(.rodata)
    os_tickfreq                              0x08003a88   Data           4  rtx_conf_cm.o(.rodata)
    os_tickus_i                              0x08003a8c   Data           2  rtx_conf_cm.o(.rodata)
    os_tickus_f                              0x08003a8e   Data           2  rtx_conf_cm.o(.rodata)
    os_trv                                   0x08003a90   Data           4  rtx_conf_cm.o(.rodata)
    os_flags                                 0x08003a94   Data           1  rtx_conf_cm.o(.rodata)
    mp_tcb_size                              0x08003a96   Data           2  rtx_conf_cm.o(.rodata)
    mp_stk_size                              0x08003a98   Data           4  rtx_conf_cm.o(.rodata)
    os_stack_sz                              0x08003a9c   Data           4  rtx_conf_cm.o(.rodata)
    os_fifo_size                             0x08003aa0   Data           1  rtx_conf_cm.o(.rodata)
    os_thread_def_osTimerThread              0x08003aa4   Data          16  rtx_conf_cm.o(.rodata)
    os_messageQ_def_osTimerMessageQ          0x08003ab4   Data           8  rtx_conf_cm.o(.rodata)
    mp_tmr_size                              0x08003abc   Data           2  rtx_conf_cm.o(.rodata)
    os_thread_def_main                       0x08003ac0   Data          16  rtx_conf_cm.o(.rodata)
    AHBPrescTable                            0x08003aec   Data          16  system_stm32f10x.o(.rodata)
    CMSIS_RTOS_API_Version                   0x08003afc   Data           4  rtx_conf_cm.o(.rodata.CMSIS_RTOS_API_Version)
    CMSIS_RTOS_RTX_Version                   0x08003b00   Data           4  rtx_conf_cm.o(.rodata.CMSIS_RTOS_RTX_Version)
    os_clockrate                             0x08003b04   Data           4  rtx_conf_cm.o(.rodata.os_clockrate)
    os_timernum                              0x08003b08   Data           4  rtx_conf_cm.o(.rodata.os_timernum)
    Region$$Table$$Base                      0x08003b0c   Number         0  anon$$obj.o(Region$$Table)
    Region$$Table$$Limit                     0x08003b2c   Number         0  anon$$obj.o(Region$$Table)
    __ARM_use_no_argv                        0x20000000   Data           4  main.o(.ARM.use_no_argv)
    Duty_Cycle_H                             0x20000004   Data           4  main.o(.data)
    Duty_Cycle_L                             0x20000008   Data           4  main.o(.data)
    amplitude                                0x2000000c   Data           2  main.o(.data)
    SystemCoreClock                          0x20000010   Data           4  system_stm32f10x.o(.data)
    os_initialized                           0x20000014   Data           1  rt_cmsis.o(.data)
    os_running                               0x20000015   Data           1  rt_cmsis.o(.data)
    os_timer_head                            0x20000018   Data           4  rt_cmsis.o(.data)
    os_tsk                                   0x2000001c   Data           8  rt_task.o(.data)
    os_tick_irqn                             0x20000028   Data           4  rt_system.o(.data)
    os_time                                  0x2000002c   Data           4  rt_time.o(.data)
    os_robin                                 0x20000030   Data           8  rt_robin.o(.data)
    dbg_msg                                  0x20000038   Data           1  hal_cm.o(.data)
    os_messageQ_q_Q_PWM                      0x20000040   Data         104  main.o(.bss)
    os_messageQ_q_Q_Sawtooth                 0x200000a8   Data         104  main.o(.bss)
    Sawtooth_out                             0x20000110   Data           2  main.o(.bss)
    os_mutex_cb_uart_mutex                   0x20000114   Data          16  main.o(.bss)
    intKey                                   0x20000124   Data           1  main.o(.bss)
    Q_Sawtooth                               0x20000128   Data           4  main.o(.bss)
    Q_PWM                                    0x2000012c   Data           4  main.o(.bss)
    PWM_result                               0x20000130   Data          12  main.o(.bss)
    Text_Buffer                              0x2000013c   Data          64  main.o(.bss)
    uart_mutex                               0x2000017c   Data           4  main.o(.bss)
    SawTooth_result                          0x20000180   Data          12  main.o(.bss)
    T_Handler                                0x2000018c   Data           4  main.o(.bss)
    T_PWM                                    0x20000190   Data           4  main.o(.bss)
    T_SawTooth                               0x20000194   Data           4  main.o(.bss)
    T_main                                   0x20000198   Data           4  main.o(.bss)
    os_messageQ_q_osTimerMessageQ            0x200001a0   Data          32  rtx_conf_cm.o(.bss)
    os_tmr                                   0x200001c0   Data           4  rtx_conf_cm.o(.bss)
    m_tmr                                    0x200001c4   Data           4  rtx_conf_cm.o(.bss)
    mp_tcb                                   0x200004ec   Data         376  rtx_conf_cm.o(.bss)
    mp_stk                                   0x20000668   Data        6016  rtx_conf_cm.o(.bss)
    os_stack_mem                             0x20001de8   Data        1232  rtx_conf_cm.o(.bss)
    os_fifo                                  0x200022b8   Data         132  rtx_conf_cm.o(.bss)
    os_active_TCB                            0x2000233c   Data          28  rtx_conf_cm.o(.bss)
    osThreadId_osTimerThread                 0x20002358   Data           4  rtx_conf_cm.o(.bss)
    osMessageQId_osTimerMessageQ             0x2000235c   Data           4  rtx_conf_cm.o(.bss)
    os_idle_TCB                              0x20002360   Data          52  rt_task.o(.bss)
    os_rdy                                   0x20002394   Data          24  rt_list.o(.bss)
    os_dly                                   0x200023ac   Data          24  rt_list.o(.bss)
    __libspace_start                         0x200023c4   Data          96  libspace.o(.bss)
    __temporary_stack_top$libspace           0x20002424   Data           0  libspace.o(.bss)



==============================================================================

Memory Map of the image

  Image Entry point : 0x080000ed

  Load Region LR_IROM1 (Base: 0x08000000, Size: 0x00003b88, Max: 0x00020000, ABSOLUTE)

    Execution Region ER_IROM1 (Exec base: 0x08000000, Load base: 0x08000000, Size: 0x00003b48, Max: 0x00020000, ABSOLUTE)

    Exec Addr    Load Addr    Size         Type   Attr      Idx    E Section Name        Object

    0x08000000   0x08000000   0x000000ec   Data   RO           61    RESET               startup_stm32f10x_md.o
    0x080000ec   0x080000ec   0x00000008   Code   RO         1330  * !!!main             c_w.l(__main.o)
    0x080000f4   0x080000f4   0x0000005c   Code   RO         1586    !!!scatter          c_w.l(__scatter.o)
    0x08000150   0x08000150   0x0000001a   Code   RO         1590    !!handler_copy      c_w.l(__scatter_copy.o)
    0x0800016a   0x0800016a   0x00000002   PAD
    0x0800016c   0x0800016c   0x00000002   Code   RO         1587    !!handler_null      c_w.l(__scatter.o)
    0x0800016e   0x0800016e   0x00000002   PAD
    0x08000170   0x08000170   0x0000001c   Code   RO         1592    !!handler_zi        c_w.l(__scatter_zi.o)
    0x0800018c   0x0800018c   0x00000000   Code   RO         1327    .ARM.Collect$$_printf_percent$$00000000  c_w.l(_printf_percent.o)
    0x0800018c   0x0800018c   0x00000006   Code   RO         1326    .ARM.Collect$$_printf_percent$$00000003  c_w.l(_printf_f.o)
    0x08000192   0x08000192   0x00000006   Code   RO         1325    .ARM.Collect$$_printf_percent$$00000009  c_w.l(_printf_d.o)
    0x08000198   0x08000198   0x00000004   Code   RO         1361    .ARM.Collect$$_printf_percent$$00000017  c_w.l(_printf_percent_end.o)
    0x0800019c   0x0800019c   0x00000002   Code   RO         1449    .ARM.Collect$$libinit$$00000000  c_w.l(libinit.o)
    0x0800019e   0x0800019e   0x00000000   Code   RO         1451    .ARM.Collect$$libinit$$00000002  c_w.l(libinit2.o)
    0x0800019e   0x0800019e   0x00000000   Code   RO         1453    .ARM.Collect$$libinit$$00000004  c_w.l(libinit2.o)
    0x0800019e   0x0800019e   0x00000000   Code   RO         1455    .ARM.Collect$$libinit$$00000006  c_w.l(libinit2.o)
    0x0800019e   0x0800019e   0x00000000   Code   RO         1458    .ARM.Collect$$libinit$$0000000C  c_w.l(libinit2.o)
    0x0800019e   0x0800019e   0x00000000   Code   RO         1460    .ARM.Collect$$libinit$$0000000E  c_w.l(libinit2.o)
    0x0800019e   0x0800019e   0x00000000   Code   RO         1462    .ARM.Collect$$libinit$$00000010  c_w.l(libinit2.o)
    0x0800019e   0x0800019e   0x00000006   Code   RO         1463    .ARM.Collect$$libinit$$00000011  c_w.l(libinit2.o)
    0x080001a4   0x080001a4   0x00000000   Code   RO         1465    .ARM.Collect$$libinit$$00000013  c_w.l(libinit2.o)
    0x080001a4   0x080001a4   0x00000000   Code   RO         1467    .ARM.Collect$$libinit$$00000015  c_w.l(libinit2.o)
    0x080001a4   0x080001a4   0x00000000   Code   RO         1469    .ARM.Collect$$libinit$$00000017  c_w.l(libinit2.o)
    0x080001a4   0x080001a4   0x0000000a   Code   RO         1470    .ARM.Collect$$libinit$$00000018  c_w.l(libinit2.o)
    0x080001ae   0x080001ae   0x00000000   Code   RO         1471    .ARM.Collect$$libinit$$00000019  c_w.l(libinit2.o)
    0x080001ae   0x080001ae   0x00000000   Code   RO         1473    .ARM.Collect$$libinit$$0000001B  c_w.l(libinit2.o)
    0x080001ae   0x080001ae   0x00000000   Code   RO         1475    .ARM.Collect$$libinit$$0000001D  c_w.l(libinit2.o)
    0x080001ae   0x080001ae   0x00000000   Code   RO         1477    .ARM.Collect$$libinit$$0000001F  c_w.l(libinit2.o)
    0x080001ae   0x080001ae   0x00000000   Code   RO         1479    .ARM.Collect$$libinit$$00000021  c_w.l(libinit2.o)
    0x080001ae   0x080001ae   0x00000000   Code   RO         1481    .ARM.Collect$$libinit$$00000023  c_w.l(libinit2.o)
    0x080001ae   0x080001ae   0x00000000   Code   RO         1483    .ARM.Collect$$libinit$$00000025  c_w.l(libinit2.o)
    0x080001ae   0x080001ae   0x00000000   Code   RO         1485    .ARM.Collect$$libinit$$00000027  c_w.l(libinit2.o)
    0x080001ae   0x080001ae   0x00000000   Code   RO         1489    .ARM.Collect$$libinit$$0000002E  c_w.l(libinit2.o)
    0x080001ae   0x080001ae   0x00000000   Code   RO         1491    .ARM.Collect$$libinit$$00000030  c_w.l(libinit2.o)
    0x080001ae   0x080001ae   0x00000000   Code   RO         1493    .ARM.Collect$$libinit$$00000032  c_w.l(libinit2.o)
    0x080001ae   0x080001ae   0x00000000   Code   RO         1495    .ARM.Collect$$libinit$$00000034  c_w.l(libinit2.o)
    0x080001ae   0x080001ae   0x00000002   Code   RO         1496    .ARM.Collect$$libinit$$00000035  c_w.l(libinit2.o)
    0x080001b0   0x080001b0   0x00000002   Code   RO         1551    .ARM.Collect$$libshutdown$$00000000  c_w.l(libshutdown.o)
    0x080001b2   0x080001b2   0x00000000   Code   RO         1569    .ARM.Collect$$libshutdown$$00000002  c_w.l(libshutdown2.o)
    0x080001b2   0x080001b2   0x00000000   Code   RO         1571    .ARM.Collect$$libshutdown$$00000004  c_w.l(libshutdown2.o)
    0x080001b2   0x080001b2   0x00000000   Code   RO         1574    .ARM.Collect$$libshutdown$$00000007  c_w.l(libshutdown2.o)
    0x080001b2   0x080001b2   0x00000000   Code   RO         1577    .ARM.Collect$$libshutdown$$0000000A  c_w.l(libshutdown2.o)
    0x080001b2   0x080001b2   0x00000000   Code   RO         1579    .ARM.Collect$$libshutdown$$0000000C  c_w.l(libshutdown2.o)
    0x080001b2   0x080001b2   0x00000000   Code   RO         1582    .ARM.Collect$$libshutdown$$0000000F  c_w.l(libshutdown2.o)
    0x080001b2   0x080001b2   0x00000002   Code   RO         1583    .ARM.Collect$$libshutdown$$00000010  c_w.l(libshutdown2.o)
    0x080001b4   0x080001b4   0x00000000   Code   RO         1346    .ARM.Collect$$rtentry$$00000000  c_w.l(__rtentry.o)
    0x080001b4   0x080001b4   0x00000000   Code   RO         1370    .ARM.Collect$$rtentry$$00000002  c_w.l(__rtentry2.o)
    0x080001b4   0x080001b4   0x00000006   Code   RO         1382    .ARM.Collect$$rtentry$$00000004  c_w.l(__rtentry4.o)
    0x080001ba   0x080001ba   0x00000000   Code   RO         1372    .ARM.Collect$$rtentry$$00000009  c_w.l(__rtentry2.o)
    0x080001ba   0x080001ba   0x00000004   Code   RO         1373    .ARM.Collect$$rtentry$$0000000A  c_w.l(__rtentry2.o)
    0x080001be   0x080001be   0x00000008   Code   RO         1374    .ARM.Collect$$rtentry$$0000000B  c_w.l(__rtentry2.o)
    0x080001c6   0x080001c6   0x00000008   Code   RO         1376    .ARM.Collect$$rtentry$$0000000D  c_w.l(__rtentry2.o)
    0x080001ce   0x080001ce   0x00000002   Code   RO         1497    .ARM.Collect$$rtexit$$00000000  c_w.l(rtexit.o)
    0x080001d0   0x080001d0   0x00000000   Code   RO         1516    .ARM.Collect$$rtexit$$00000002  c_w.l(rtexit2.o)
    0x080001d0   0x080001d0   0x00000004   Code   RO         1517    .ARM.Collect$$rtexit$$00000003  c_w.l(rtexit2.o)
    0x080001d4   0x080001d4   0x00000006   Code   RO         1518    .ARM.Collect$$rtexit$$00000004  c_w.l(rtexit2.o)
    0x080001da   0x080001da   0x00000002   PAD
    0x080001dc   0x080001dc   0x00000130   Code   RO         1277    .emb_text           RTX_CM3.lib(hal_cm3.o)
    0x0800030c   0x0800030c   0x000004cc   Code   RO            1    .text               main.o
    0x080007d8   0x080007d8   0x000000a8   Code   RO           13    .text               uart.o
    0x08000880   0x08000880   0x000000e4   Code   RO           21    .text               led_mcbstm32e.o
    0x08000964   0x08000964   0x000000ce   Code   RO           31    .text               rtx_conf_cm.o
    0x08000a32   0x08000a32   0x00000002   PAD
    0x08000a34   0x08000a34   0x00000204   Code   RO           50    .text               gpio_stm32f10x.o
    0x08000c38   0x08000c38   0x00000040   Code   RO           62    .text               startup_stm32f10x_md.o
    0x08000c78   0x08000c78   0x0000016a   Code   RO           68    .text               system_stm32f10x.o
    0x08000de2   0x08000de2   0x00000002   PAD
    0x08000de4   0x08000de4   0x00000008   Code   RO         1292    .text               c_w.l(libspace.o)
    0x08000dec   0x08000dec   0x00000028   Code   RO         1299    .text               c_w.l(noretval__2sprintf.o)
    0x08000e14   0x08000e14   0x00000078   Code   RO         1303    .text               c_w.l(_printf_dec.o)
    0x08000e8c   0x08000e8c   0x00000138   Code   RO         1317    .text               c_w.l(__printf_flags_wp.o)
    0x08000fc4   0x08000fc4   0x00000006   Code   RO         1328    .text               c_w.l(heapauxi.o)
    0x08000fca   0x08000fca   0x000000b2   Code   RO         1351    .text               c_w.l(_printf_intcommon.o)
    0x0800107c   0x0800107c   0x0000041c   Code   RO         1353    .text               c_w.l(_printf_fp_dec.o)
    0x08001498   0x08001498   0x00000030   Code   RO         1357    .text               c_w.l(_printf_char_common.o)
    0x080014c8   0x080014c8   0x0000000a   Code   RO         1359    .text               c_w.l(_sputc.o)
    0x080014d2   0x080014d2   0x0000000a   Code   RO         1391    .text               c_w.l(rt_locale_twolibspace.o)
    0x080014dc   0x080014dc   0x0000008a   Code   RO         1393    .text               c_w.l(lludiv10.o)
    0x08001566   0x08001566   0x00000002   PAD
    0x08001568   0x08001568   0x00000080   Code   RO         1395    .text               c_w.l(_printf_fp_infnan.o)
    0x080015e8   0x080015e8   0x000000e4   Code   RO         1399    .text               c_w.l(bigflt0.o)
    0x080016cc   0x080016cc   0x0000004a   Code   RO         1433    .text               c_w.l(sys_stackheap_outer.o)
    0x08001716   0x08001716   0x00000012   Code   RO         1437    .text               c_w.l(exit.o)
    0x08001728   0x08001728   0x00000080   Code   RO         1443    .text               c_w.l(strcmpv7m.o)
    0x080017a8   0x080017a8   0x0000000c   Code   RO         1511    .text               c_w.l(sys_exit.o)
    0x080017b4   0x080017b4   0x00000002   Code   RO         1538    .text               c_w.l(use_no_semi.o)
    0x080017b6   0x080017b6   0x00000000   Code   RO         1540    .text               c_w.l(indicate_semi.o)
    0x080017b6   0x080017b6   0x00000002   PAD
    0x080017b8   0x080017b8   0x00000022   Code   RO           33    .text._mutex_acquire  rtx_conf_cm.o
    0x080017da   0x080017da   0x00000002   PAD
    0x080017dc   0x080017dc   0x0000001e   Code   RO           35    .text._mutex_release  rtx_conf_cm.o
    0x080017fa   0x080017fa   0x0000003e   Code   RO         1402    CL$$btod_d2e        c_w.l(btod.o)
    0x08001838   0x08001838   0x00000046   Code   RO         1404    CL$$btod_d2e_denorm_low  c_w.l(btod.o)
    0x0800187e   0x0800187e   0x00000060   Code   RO         1403    CL$$btod_d2e_norm_op1  c_w.l(btod.o)
    0x080018de   0x080018de   0x00000002   PAD
    0x080018e0   0x080018e0   0x00000338   Code   RO         1412    CL$$btod_div_common  c_w.l(btod.o)
    0x08001c18   0x08001c18   0x000000dc   Code   RO         1409    CL$$btod_e2e        c_w.l(btod.o)
    0x08001cf4   0x08001cf4   0x0000002a   Code   RO         1406    CL$$btod_ediv       c_w.l(btod.o)
    0x08001d1e   0x08001d1e   0x0000002a   Code   RO         1405    CL$$btod_emul       c_w.l(btod.o)
    0x08001d48   0x08001d48   0x00000244   Code   RO         1411    CL$$btod_mult_common  c_w.l(btod.o)
    0x08001f8c   0x08001f8c   0x00000004   Code   RO         1287    SVC_TABLE           RTX_CM3.lib(svc_table.o)
    0x08001f90   0x08001f90   0x00000028   Code   RO         1431    i.__ARM_fpclassify  m_ws.l(fpclassify.o)
    0x08001fb8   0x08001fb8   0x00000046   Code   RO         1176    i._init_box         RTX_CM3.lib(rt_membox.o)
    0x08001ffe   0x08001ffe   0x0000000e   Code   RO         1315    i._is_digit         c_w.l(__printf_wp.o)
    0x0800200c   0x0800200c   0x00000030   Code   RO         1229    i.dbg_init          RTX_CM3.lib(hal_cm.o)
    0x0800203c   0x0800203c   0x00000020   Code   RO         1230    i.dbg_task_notify   RTX_CM3.lib(hal_cm.o)
    0x0800205c   0x0800205c   0x00000010   Code   RO         1231    i.dbg_task_switch   RTX_CM3.lib(hal_cm.o)
    0x0800206c   0x0800206c   0x0000002a   Code   RO           81    i.isrMessageGet     RTX_CM3.lib(rt_cmsis.o)
    0x08002096   0x08002096   0x0000002c   Code   RO           82    i.isrMessagePut     RTX_CM3.lib(rt_cmsis.o)
    0x080020c2   0x080020c2   0x00000024   Code   RO           84    i.isrSignalSet      RTX_CM3.lib(rt_cmsis.o)
    0x080020e6   0x080020e6   0x00000002   PAD
    0x080020e8   0x080020e8   0x00000028   Code   RO          913    i.isr_evt_set       RTX_CM3.lib(rt_event.o)
    0x08002110   0x08002110   0x00000056   Code   RO         1031    i.isr_mbx_receive   RTX_CM3.lib(rt_mailbox.o)
    0x08002166   0x08002166   0x0000000e   Code   RO         1032    i.isr_mbx_send      RTX_CM3.lib(rt_mailbox.o)
    0x08002174   0x08002174   0x00000018   Code   RO           85    i.osDelay           RTX_CM3.lib(rt_cmsis.o)
    0x0800218c   0x0800218c   0x00000024   Code   RO           86    i.osKernelInitialize  RTX_CM3.lib(rt_cmsis.o)
    0x080021b0   0x080021b0   0x0000006c   Code   RO           88    i.osKernelStart     RTX_CM3.lib(rt_cmsis.o)
    0x0800221c   0x0800221c   0x00000016   Code   RO           94    i.osMailGet         RTX_CM3.lib(rt_cmsis.o)
    0x08002232   0x08002232   0x00000002   PAD
    0x08002234   0x08002234   0x0000002c   Code   RO           96    i.osMessageCreate   RTX_CM3.lib(rt_cmsis.o)
    0x08002260   0x08002260   0x00000018   Code   RO           97    i.osMessageGet      RTX_CM3.lib(rt_cmsis.o)
    0x08002278   0x08002278   0x00000018   Code   RO           98    i.osMessagePut      RTX_CM3.lib(rt_cmsis.o)
    0x08002290   0x08002290   0x0000002c   Code   RO           99    i.osMutexCreate     RTX_CM3.lib(rt_cmsis.o)
    0x080022bc   0x080022bc   0x00000018   Code   RO          101    i.osMutexRelease    RTX_CM3.lib(rt_cmsis.o)
    0x080022d4   0x080022d4   0x00000018   Code   RO          102    i.osMutexWait       RTX_CM3.lib(rt_cmsis.o)
    0x080022ec   0x080022ec   0x00000018   Code   RO          112    i.osSignalSet       RTX_CM3.lib(rt_cmsis.o)
    0x08002304   0x08002304   0x00000018   Code   RO          113    i.osSignalWait      RTX_CM3.lib(rt_cmsis.o)
    0x0800231c   0x0800231c   0x0000002c   Code   RO          114    i.osThreadCreate    RTX_CM3.lib(rt_cmsis.o)
    0x08002348   0x08002348   0x00000018   Code   RO          115    i.osThreadExit      RTX_CM3.lib(rt_cmsis.o)
    0x08002360   0x08002360   0x00000018   Code   RO          116    i.osThreadGetId     RTX_CM3.lib(rt_cmsis.o)
    0x08002378   0x08002378   0x00000018   Code   RO          119    i.osThreadTerminate  RTX_CM3.lib(rt_cmsis.o)
    0x08002390   0x08002390   0x0000000c   Code   RO          121    i.osTimerCall       RTX_CM3.lib(rt_cmsis.o)
    0x0800239c   0x0800239c   0x0000002c   Code   RO          126    i.osTimerThread     RTX_CM3.lib(rt_cmsis.o)
    0x080023c8   0x080023c8   0x00000028   Code   RO          823    i.os_tick_init      RTX_CM3.lib(rt_system.o)
    0x080023f0   0x080023f0   0x00000002   Code   RO          824    i.os_tick_irqack    RTX_CM3.lib(rt_system.o)
    0x080023f2   0x080023f2   0x0000001a   Code   RO         1177    i.rt_alloc_box      RTX_CM3.lib(rt_membox.o)
    0x0800240c   0x0800240c   0x0000003e   Code   RO         1205    i.rt_alloc_mem      RTX_CM3.lib(rt_memory.o)
    0x0800244a   0x0800244a   0x00000002   PAD
    0x0800244c   0x0800244c   0x00000038   Code   RO          704    i.rt_block          RTX_CM3.lib(rt_task.o)
    0x08002484   0x08002484   0x00000048   Code   RO         1154    i.rt_chk_robin      RTX_CM3.lib(rt_robin.o)
    0x080024cc   0x080024cc   0x00000070   Code   RO          955    i.rt_dec_dly        RTX_CM3.lib(rt_list.o)
    0x0800253c   0x0800253c   0x00000044   Code   RO          705    i.rt_dispatch       RTX_CM3.lib(rt_task.o)
    0x08002580   0x08002580   0x00000006   Code   RO         1121    i.rt_dly_wait       RTX_CM3.lib(rt_time.o)
    0x08002586   0x08002586   0x00000002   PAD
    0x08002588   0x08002588   0x00000050   Code   RO          916    i.rt_evt_psh        RTX_CM3.lib(rt_event.o)
    0x080025d8   0x080025d8   0x0000005c   Code   RO          917    i.rt_evt_set        RTX_CM3.lib(rt_event.o)
    0x08002634   0x08002634   0x0000003c   Code   RO          918    i.rt_evt_wait       RTX_CM3.lib(rt_event.o)
    0x08002670   0x08002670   0x0000002c   Code   RO         1178    i.rt_free_box       RTX_CM3.lib(rt_membox.o)
    0x0800269c   0x0800269c   0x00000028   Code   RO         1206    i.rt_free_mem       RTX_CM3.lib(rt_memory.o)
    0x080026c4   0x080026c4   0x00000028   Code   RO          956    i.rt_get_first      RTX_CM3.lib(rt_list.o)
    0x080026ec   0x080026ec   0x00000008   Code   RO          131    i.rt_id2obj         RTX_CM3.lib(rt_cmsis.o)
    0x080026f4   0x080026f4   0x00000048   Code   RO          706    i.rt_init_context   RTX_CM3.lib(rt_task.o)
    0x0800273c   0x0800273c   0x0000001a   Code   RO         1207    i.rt_init_mem       RTX_CM3.lib(rt_memory.o)
    0x08002756   0x08002756   0x00000002   PAD
    0x08002758   0x08002758   0x00000018   Code   RO         1155    i.rt_init_robin     RTX_CM3.lib(rt_robin.o)
    0x08002770   0x08002770   0x00000080   Code   RO         1232    i.rt_init_stack     RTX_CM3.lib(hal_cm.o)
    0x080027f0   0x080027f0   0x00000008   Code   RO         1033    i.rt_mbx_check      RTX_CM3.lib(rt_mailbox.o)
    0x080027f8   0x080027f8   0x0000001a   Code   RO         1034    i.rt_mbx_init       RTX_CM3.lib(rt_mailbox.o)
    0x08002812   0x08002812   0x00000002   PAD
    0x08002814   0x08002814   0x000000f0   Code   RO         1035    i.rt_mbx_psh        RTX_CM3.lib(rt_mailbox.o)
    0x08002904   0x08002904   0x00000098   Code   RO         1036    i.rt_mbx_send       RTX_CM3.lib(rt_mailbox.o)
    0x0800299c   0x0800299c   0x000000b4   Code   RO         1037    i.rt_mbx_wait       RTX_CM3.lib(rt_mailbox.o)
    0x08002a50   0x08002a50   0x00000044   Code   RO          132    i.rt_ms2tick        RTX_CM3.lib(rt_cmsis.o)
    0x08002a94   0x08002a94   0x00000010   Code   RO          789    i.rt_mut_init       RTX_CM3.lib(rt_mutex.o)
    0x08002aa4   0x08002aa4   0x000000d8   Code   RO          790    i.rt_mut_release    RTX_CM3.lib(rt_mutex.o)
    0x08002b7c   0x08002b7c   0x00000078   Code   RO          791    i.rt_mut_wait       RTX_CM3.lib(rt_mutex.o)
    0x08002bf4   0x08002bf4   0x0000007c   Code   RO          827    i.rt_pop_req        RTX_CM3.lib(rt_system.o)
    0x08002c70   0x08002c70   0x00000020   Code   RO          828    i.rt_psh_req        RTX_CM3.lib(rt_system.o)
    0x08002c90   0x08002c90   0x0000005c   Code   RO          958    i.rt_psq_enq        RTX_CM3.lib(rt_list.o)
    0x08002cec   0x08002cec   0x00000048   Code   RO          959    i.rt_put_dly        RTX_CM3.lib(rt_list.o)
    0x08002d34   0x08002d34   0x00000036   Code   RO          960    i.rt_put_prio       RTX_CM3.lib(rt_list.o)
    0x08002d6a   0x08002d6a   0x00000002   PAD
    0x08002d6c   0x08002d6c   0x00000014   Code   RO          961    i.rt_put_rdy_first  RTX_CM3.lib(rt_list.o)
    0x08002d80   0x08002d80   0x00000034   Code   RO          962    i.rt_resort_prio    RTX_CM3.lib(rt_list.o)
    0x08002db4   0x08002db4   0x00000006   Code   RO         1233    i.rt_ret_val        RTX_CM3.lib(hal_cm.o)
    0x08002dba   0x08002dba   0x00000008   Code   RO         1234    i.rt_ret_val2       RTX_CM3.lib(hal_cm.o)
    0x08002dc2   0x08002dc2   0x00000028   Code   RO          963    i.rt_rmv_dly        RTX_CM3.lib(rt_list.o)
    0x08002dea   0x08002dea   0x00000002   PAD
    0x08002dec   0x08002dec   0x00000030   Code   RO          964    i.rt_rmv_list       RTX_CM3.lib(rt_list.o)
    0x08002e1c   0x08002e1c   0x00000034   Code   RO         1082    i.rt_sem_psh        RTX_CM3.lib(rt_semaphore.o)
    0x08002e50   0x08002e50   0x00000024   Code   RO          830    i.rt_stk_check      RTX_CM3.lib(rt_system.o)
    0x08002e74   0x08002e74   0x00000028   Code   RO          707    i.rt_switch_req     RTX_CM3.lib(rt_task.o)
    0x08002e9c   0x08002e9c   0x000000cc   Code   RO          708    i.rt_sys_init       RTX_CM3.lib(rt_task.o)
    0x08002f68   0x08002f68   0x00000078   Code   RO          709    i.rt_sys_start      RTX_CM3.lib(rt_task.o)
    0x08002fe0   0x08002fe0   0x00000040   Code   RO          832    i.rt_systick        RTX_CM3.lib(rt_system.o)
    0x08003020   0x08003020   0x00000012   Code   RO          133    i.rt_tid2ptcb       RTX_CM3.lib(rt_cmsis.o)
    0x08003032   0x08003032   0x00000002   PAD
    0x08003034   0x08003034   0x00000034   Code   RO          134    i.rt_timer_insert   RTX_CM3.lib(rt_cmsis.o)
    0x08003068   0x08003068   0x00000088   Code   RO          710    i.rt_tsk_create     RTX_CM3.lib(rt_task.o)
    0x080030f0   0x080030f0   0x0000017c   Code   RO          711    i.rt_tsk_delete     RTX_CM3.lib(rt_task.o)
    0x0800326c   0x0800326c   0x0000007c   Code   RO          713    i.rt_tsk_prio       RTX_CM3.lib(rt_task.o)
    0x080032e8   0x080032e8   0x00000010   Code   RO          714    i.rt_tsk_self       RTX_CM3.lib(rt_task.o)
    0x080032f8   0x080032f8   0x00000012   Code   RO          136    i.svcDelay          RTX_CM3.lib(rt_cmsis.o)
    0x0800330a   0x0800330a   0x00000002   PAD
    0x0800330c   0x0800330c   0x00000070   Code   RO          137    i.svcKernelInitialize  RTX_CM3.lib(rt_cmsis.o)
    0x0800337c   0x0800337c   0x00000048   Code   RO          139    i.svcKernelStart    RTX_CM3.lib(rt_cmsis.o)
    0x080033c4   0x080033c4   0x00000024   Code   RO          142    i.svcMessageCreate  RTX_CM3.lib(rt_cmsis.o)
    0x080033e8   0x080033e8   0x0000003a   Code   RO          143    i.svcMessageGet     RTX_CM3.lib(rt_cmsis.o)
    0x08003422   0x08003422   0x00000036   Code   RO          144    i.svcMessagePut     RTX_CM3.lib(rt_cmsis.o)
    0x08003458   0x08003458   0x0000001c   Code   RO          145    i.svcMutexCreate    RTX_CM3.lib(rt_cmsis.o)
    0x08003474   0x08003474   0x00000022   Code   RO          147    i.svcMutexRelease   RTX_CM3.lib(rt_cmsis.o)
    0x08003496   0x08003496   0x0000003a   Code   RO          148    i.svcMutexWait      RTX_CM3.lib(rt_cmsis.o)
    0x080034d0   0x080034d0   0x00000024   Code   RO          155    i.svcSignalSet      RTX_CM3.lib(rt_cmsis.o)
    0x080034f4   0x080034f4   0x00000054   Code   RO          156    i.svcSignalWait     RTX_CM3.lib(rt_cmsis.o)
    0x08003548   0x08003548   0x0000006c   Code   RO          157    i.svcThreadCreate   RTX_CM3.lib(rt_cmsis.o)
    0x080035b4   0x080035b4   0x0000001c   Code   RO          158    i.svcThreadGetId    RTX_CM3.lib(rt_cmsis.o)
    0x080035d0   0x080035d0   0x00000038   Code   RO          161    i.svcThreadTerminate  RTX_CM3.lib(rt_cmsis.o)
    0x08003608   0x08003608   0x00000018   Code   RO          163    i.svcTimerCall      RTX_CM3.lib(rt_cmsis.o)
    0x08003620   0x08003620   0x0000005c   Code   RO          172    i.sysTimerTick      RTX_CM3.lib(rt_cmsis.o)
    0x0800367c   0x0800367c   0x0000002c   Code   RO         1427    locale$$code        c_w.l(lc_numeric_c.o)
    0x080036a8   0x080036a8   0x0000000c   Code   RO         1362    x$fpl$dretinf       fz_ws.l(dretinf.o)
    0x080036b4   0x080036b4   0x00000056   Code   RO         1332    x$fpl$f2d           fz_ws.l(f2d.o)
    0x0800370a   0x0800370a   0x00000002   PAD
    0x0800370c   0x0800370c   0x00000184   Code   RO         1335    x$fpl$fdiv          fz_ws.l(fdiv.o)
    0x08003890   0x08003890   0x00000026   Code   RO         1338    x$fpl$ffltu         fz_ws.l(fflt_clz.o)
    0x080038b6   0x080038b6   0x0000008c   Code   RO         1364    x$fpl$fnaninf       fz_ws.l(fnaninf.o)
    0x08003942   0x08003942   0x0000000a   Code   RO         1366    x$fpl$fretinf       fz_ws.l(fretinf.o)
    0x0800394c   0x0800394c   0x00000004   Code   RO         1344    x$fpl$printf1       fz_ws.l(printf1.o)
    0x08003950   0x08003950   0x00000000   Code   RO         1368    x$fpl$usenofp       fz_ws.l(usenofp.o)
    0x08003950   0x08003950   0x00000011   Data   RO         1318    .constdata          c_w.l(__printf_flags_wp.o)
    0x08003961   0x08003961   0x00000003   PAD
    0x08003964   0x08003964   0x00000094   Data   RO         1400    .constdata          c_w.l(bigflt0.o)
    0x080039f8   0x080039f8   0x00000044   Data   RO            4    .rodata             main.o
    0x08003a3c   0x08003a3c   0x00000040   Data   RO           23    .rodata             led_mcbstm32e.o
    0x08003a7c   0x08003a7c   0x00000054   Data   RO           37    .rodata             rtx_conf_cm.o
    0x08003ad0   0x08003ad0   0x0000001c   Data   RO           52    .rodata             gpio_stm32f10x.o
    0x08003aec   0x08003aec   0x00000010   Data   RO           71    .rodata             system_stm32f10x.o
    0x08003afc   0x08003afc   0x00000004   Data   RO           38    .rodata.CMSIS_RTOS_API_Version  rtx_conf_cm.o
    0x08003b00   0x08003b00   0x00000004   Data   RO           39    .rodata.CMSIS_RTOS_RTX_Version  rtx_conf_cm.o
    0x08003b04   0x08003b04   0x00000004   Data   RO           40    .rodata.os_clockrate  rtx_conf_cm.o
    0x08003b08   0x08003b08   0x00000004   Data   RO           41    .rodata.os_timernum  rtx_conf_cm.o
    0x08003b0c   0x08003b0c   0x00000020   Data   RO         1585    Region$$Table       anon$$obj.o
    0x08003b2c   0x08003b2c   0x0000001c   Data   RO         1426    locale$$data        c_w.l(lc_numeric_c.o)


    Execution Region RW_IRAM1 (Exec base: 0x20000000, Load base: 0x08003b48, Size: 0x00002a28, Max: 0x00005000, ABSOLUTE)

    Exec Addr    Load Addr    Size         Type   Attr      Idx    E Section Name        Object

    0x20000000   0x08003b48   0x00000004   Data   RW            6    .ARM.use_no_argv    main.o
    0x20000004   0x08003b4c   0x0000000a   Data   RW            5    .data               main.o
    0x2000000e   0x08003b56   0x00000002   PAD
    0x20000010   0x08003b58   0x00000004   Data   RW           70    .data               system_stm32f10x.o
    0x20000014   0x08003b5c   0x00000008   Data   RW          175    .data               RTX_CM3.lib(rt_cmsis.o)
    0x2000001c   0x08003b64   0x00000008   Data   RW          716    .data               RTX_CM3.lib(rt_task.o)
    0x20000024   0x08003b6c   0x00000008   Data   RW          835    .data               RTX_CM3.lib(rt_system.o)
    0x2000002c   0x08003b74   0x00000004   Data   RW         1125    .data               RTX_CM3.lib(rt_time.o)
    0x20000030   0x08003b78   0x00000008   Data   RW         1156    .data               RTX_CM3.lib(rt_robin.o)
    0x20000038   0x08003b80   0x00000001   Data   RW         1235    .data               RTX_CM3.lib(hal_cm.o)
    0x20000039   0x08003b81   0x00000007   PAD
    0x20000040        -       0x0000015c   Zero   RW            3    .bss                main.o
    0x2000019c   0x08003b81   0x00000004   PAD
    0x200001a0        -       0x000021c0   Zero   RW           42    .bss                rtx_conf_cm.o
    0x20002360        -       0x00000034   Zero   RW          715    .bss                RTX_CM3.lib(rt_task.o)
    0x20002394        -       0x00000030   Zero   RW          965    .bss                RTX_CM3.lib(rt_list.o)
    0x200023c4        -       0x00000060   Zero   RW         1293    .bss                c_w.l(libspace.o)
    0x20002424   0x08003b81   0x00000004   PAD
    0x20002428        -       0x00000200   Zero   RW           60    HEAP                startup_stm32f10x_md.o
    0x20002628        -       0x00000400   Zero   RW           59    STACK               startup_stm32f10x_md.o


==============================================================================

Image component sizes


      Code (inc. data)   RO Data    RW Data    ZI Data      Debug   Object Name

       516         16         28          0          0       5403   gpio_stm32f10x.o
       228          0         64          0          0       2959   led_mcbstm32e.o
      1228        192         68         14        348       7059   main.o
       270          0        100          0       8640       5340   rtx_conf_cm.o
        64         26        236          0       1536        884   startup_stm32f10x_md.o
       362          0         16          4          0       2758   system_stm32f10x.o
       168          0          0          0          0       1967   uart.o

    ----------------------------------------------------------------------
      2842        234        544         20      10528      26370   Object Totals
         0          0         32          0          0          0   (incl. Generated)
         6          0          0          2          4          0   (incl. Padding)

    ----------------------------------------------------------------------

      Code (inc. data)   RO Data    RW Data    ZI Data      Debug   Library Member Name

       238         24          0          1          0       3244   hal_cm.o
       304         36          0          0          0        756   hal_cm3.o
      1760        206          0          8          0      45684   rt_cmsis.o
       272         18          0          0          0       2606   rt_event.o
       530         34          0          0         48       8157   rt_list.o
       706         14          0          0          0       4719   rt_mailbox.o
       140          0          0          0          0       1889   rt_membox.o
       128          0          0          0          0       2267   rt_memory.o
       352         14          0          0          0       2073   rt_mutex.o
        96         22          0          8          0       1134   rt_robin.o
        52          4          0          0          0        565   rt_semaphore.o
       298         52          0          8          0       6139   rt_system.o
      1216        174          0          8         52       9537   rt_task.o
         6          0          0          4          0        636   rt_time.o
         4          4          0          0          0        196   svc_table.o
         8          0          0          0          0         68   __main.o
       312          4         17          0          0         92   __printf_flags_wp.o
        14          0          0          0          0         68   __printf_wp.o
         0          0          0          0          0          0   __rtentry.o
        20          0          0          0          0          0   __rtentry2.o
         6          0          0          0          0          0   __rtentry4.o
        94          8          0          0          0          0   __scatter.o
        26          0          0          0          0          0   __scatter_copy.o
        28          0          0          0          0          0   __scatter_zi.o
        48          6          0          0          0         96   _printf_char_common.o
         6          0          0          0          0          0   _printf_d.o
       120         16          0          0          0         92   _printf_dec.o
         6          0          0          0          0          0   _printf_f.o
      1052          0          0          0          0        148   _printf_fp_dec.o
       128         16          0          0          0         84   _printf_fp_infnan.o
       178          0          0          0          0         88   _printf_intcommon.o
         0          0          0          0          0          0   _printf_percent.o
         4          0          0          0          0          0   _printf_percent_end.o
        10          0          0          0          0         68   _sputc.o
       228          4        148          0          0         96   bigflt0.o
      1936        128          0          0          0        668   btod.o
        18          0          0          0          0         80   exit.o
         6          0          0          0          0        152   heapauxi.o
         0          0          0          0          0          0   indicate_semi.o
        44         10         28          0          0         76   lc_numeric_c.o
         2          0          0          0          0          0   libinit.o
        18          0          0          0          0          0   libinit2.o
         2          0          0          0          0          0   libshutdown.o
         2          0          0          0          0          0   libshutdown2.o
         8          4          0          0         96         68   libspace.o
       138          0          0          0          0         80   lludiv10.o
        40          6          0          0          0         84   noretval__2sprintf.o
        10          0          0          0          0         76   rt_locale_twolibspace.o
         2          0          0          0          0          0   rtexit.o
        10          0          0          0          0          0   rtexit2.o
       128          0          0          0          0         68   strcmpv7m.o
        12          4          0          0          0         68   sys_exit.o
        74          0          0          0          0         80   sys_stackheap_outer.o
         2          0          0          0          0         68   use_no_semi.o
        12          0          0          0          0         68   dretinf.o
        86          4          0          0          0         84   f2d.o
       388         76          0          0          0         96   fdiv.o
        38          0          0          0          0         68   fflt_clz.o
       140          4          0          0          0         84   fnaninf.o
        10          0          0          0          0         68   fretinf.o
         4          0          0          0          0         68   printf1.o
         0          0          0          0          0          0   usenofp.o
        40          0          0          0          0         68   fpclassify.o

    ----------------------------------------------------------------------
     11594        892        196         40        204      92674   Library Totals
        34          0          3          3          8          0   (incl. Padding)

    ----------------------------------------------------------------------

      Code (inc. data)   RO Data    RW Data    ZI Data      Debug   Library Name

      6102        602          0         37        100      89602   RTX_CM3.lib
      4740        206        193          0         96       2468   c_w.l
       678         84          0          0          0        536   fz_ws.l
        40          0          0          0          0         68   m_ws.l

    ----------------------------------------------------------------------
     11594        892        196         40        204      92674   Library Totals

    ----------------------------------------------------------------------

==============================================================================


      Code (inc. data)   RO Data    RW Data    ZI Data      Debug   

     14436       1126        740         60      10732     112508   Grand Totals
     14436       1126        740         60      10732     112508   ELF Image Totals
     14436       1126        740         60          0          0   ROM Totals

==============================================================================

    Total RO  Size (Code + RO Data)                15176 (  14.82kB)
    Total RW  Size (RW Data + ZI Data)             10792 (  10.54kB)
    Total ROM Size (Code + RO Data + RW Data)      15236 (  14.88kB)

==============================================================================

